Product: MDK-ARM Standard 5.10
Component: ARM Compiler 5.04 update 1 (build 49)
Tool: armlink [5040049]

==============================================================================

Section Cross References

    main.o(i.LIS302DL_TIMEOUT_UserCallback) refers to main.o(i._Z12Fail_Handlerv) for Fail_Handler()
    main.o(i.LIS302DL_TIMEOUT_UserCallback) refers to main.o(.data) for .data
    main.o(i._Z12Fail_Handlerv) refers to stm32f4xx_flash.o(i.FLASH_EraseSector) for FLASH_EraseSector
    main.o(i._Z12Fail_Handlerv) refers to stm32f4xx_flash.o(i.FLASH_ProgramWord) for FLASH_ProgramWord
    main.o(i._Z12Fail_Handlerv) refers to stm32f4_discovery.o(i.STM_EVAL_LEDToggle) for STM_EVAL_LEDToggle
    main.o(i._Z12Fail_Handlerv) refers to delay.o(i._delay_ms) for _delay_ms
    main.o(i._Z14TimeOutProcessv) refers to stm32f4_discovery.o(i.STM_EVAL_LEDToggle) for STM_EVAL_LEDToggle
    main.o(i.__sti___8_main_cpp_241f1e20) refers to motor.o(i._ZN5MotorC1Ev) for Motor::Motor()
    main.o(i.__sti___8_main_cpp_241f1e20) refers to pid_v1.o(i._ZN3PIDC1Ev) for PID::PID()
    main.o(i.__sti___8_main_cpp_241f1e20) refers to mpu6050.o(i._ZN7MPU6050C1Ev) for MPU6050::MPU6050()
    main.o(i.__sti___8_main_cpp_241f1e20) refers to main.o(.bss) for .bss
    main.o(i.main) refers to delay.o(i.delay_init) for delay_init
    main.o(i.main) refers to motordriver.o(i.motor_init) for motor_init
    main.o(i.main) refers to stm32f4_discovery.o(i.STM_EVAL_PBInit) for STM_EVAL_PBInit
    main.o(i.main) refers to stm32f4_discovery.o(i.STM_EVAL_LEDInit) for STM_EVAL_LEDInit
    main.o(i.main) refers to stm32f4_discovery_lis302dl.o(i.LIS302DL_Init) for LIS302DL_Init
    main.o(i.main) refers to delay.o(i._delay_ms) for _delay_ms
    main.o(i.main) refers to stm32f4_discovery_lis302dl.o(i.LIS302DL_FilterConfig) for LIS302DL_FilterConfig
    main.o(i.main) refers to stm32f4_discovery_lis302dl.o(i.LIS302DL_ReadACC) for LIS302DL_ReadACC
    main.o(i.main) refers to sqrtf.o(i.__hardfp_sqrtf) for __hardfp_sqrtf
    main.o(i.main) refers to atanf.o(i.__hardfp_atanf) for __hardfp_atanf
    main.o(i.main) refers to f2d.o(.text) for __aeabi_f2d
    main.o(i.main) refers to dadd.o(.text) for __aeabi_dadd
    main.o(i.main) refers to mpu6050.o(i._ZN7MPU605010initializeEv) for MPU6050::initialize()
    main.o(i.main) refers to mpu6050.o(i._ZN7MPU605014testConnectionEv) for MPU6050::testConnection()
    main.o(i.main) refers to stm32f4_discovery.o(i.STM_EVAL_LEDOff) for STM_EVAL_LEDOff
    main.o(i.main) refers to stm32f4_discovery.o(i.STM_EVAL_LEDToggle) for STM_EVAL_LEDToggle
    main.o(i.main) refers to mpu6050.o(i._ZN7MPU605010getMotion6EPsS0_S0_S0_S0_S0_) for MPU6050::getMotion6(short*, short*, short*, short*, short*, short*)
    main.o(i.main) refers to motor.o(i._ZN5Motor15registerControlEPFYviEPFYsvE) for Motor::registerControl(void(*)(int), short(*)())
    main.o(i.main) refers to pid_v1.o(i._ZN3PID15SetOutputLimitsEdd) for PID::SetOutputLimits(double, double)
    main.o(i.main) refers to pid_v1.o(i._ZN3PID10parametersEPdS0_S0_dddi) for PID::parameters(double*, double*, double*, double, double, double, int)
    main.o(i.main) refers to pid_v1.o(i._ZN3PID7SetModeEi) for PID::SetMode(int)
    main.o(i.main) refers to pid_v1.o(i._ZN3PID13SetSampleTimeEi) for PID::SetSampleTime(int)
    main.o(i.main) refers to motor.o(i._ZN5Motor3runEi) for Motor::run(int)
    main.o(i.main) refers to delay.o(i.millis) for millis
    main.o(i.main) refers to dfixi.o(.text) for __aeabi_d2iz
    main.o(i.main) refers to stm32f4_discovery.o(i.STM_EVAL_PBGetState) for STM_EVAL_PBGetState
    main.o(i.main) refers to main.o(i._ZN6Kalman8getAngleEddd) for Kalman::getAngle(double, double, double)
    main.o(i.main) refers to ddiv.o(.text) for __aeabi_ddiv
    main.o(i.main) refers to d2f.o(.text) for __aeabi_d2f
    main.o(i.main) refers to tanf.o(i.__hardfp_tanf) for __hardfp_tanf
    main.o(i.main) refers to dmul.o(.text) for __aeabi_dmul
    main.o(i.main) refers to pid_v1.o(i._ZN3PID7ComputeEv) for PID::Compute()
    main.o(i.main) refers to main.o(.data) for .data
    main.o(i.main) refers to main.o(.bss) for .bss
    main.o(i.main) refers to encoder.o(i.ENCL_getValue) for ENCL_getValue
    main.o(i.main) refers to motordriver.o(i.motor_left_pwm) for motor_left_pwm
    main.o(i.main) refers to encoder.o(i.ENCR_getValue) for ENCR_getValue
    main.o(i.main) refers to motordriver.o(i.motor_right_pwm) for motor_right_pwm
    main.o(.ARM.exidx) refers to main.o(i.main) for i.main
    main.o(.ARM.exidx) refers to main.o(i._Z14TimeOutProcessv) for i._Z14TimeOutProcessv
    main.o(.ARM.exidx) refers to main.o(i._Z12Fail_Handlerv) for i._Z12Fail_Handlerv
    main.o(.ARM.exidx) refers to main.o(i.LIS302DL_TIMEOUT_UserCallback) for i.LIS302DL_TIMEOUT_UserCallback
    main.o(.ARM.exidx) refers to main.o(i.__sti___8_main_cpp_241f1e20) for i.__sti___8_main_cpp_241f1e20
[...]
    Removing stm32f4xx_usart.o(i.USART_HalfDuplexCmd), (20 bytes).
    Removing stm32f4xx_usart.o(i.USART_ITConfig), (48 bytes).
    Removing stm32f4xx_usart.o(i.USART_Init), (172 bytes).
    Removing stm32f4xx_usart.o(i.USART_IrDACmd), (20 bytes).
    Removing stm32f4xx_usart.o(i.USART_IrDAConfig), (16 bytes).
    Removing stm32f4xx_usart.o(i.USART_LINBreakDetectLengthConfig), (16 bytes).
    Removing stm32f4xx_usart.o(i.USART_LINCmd), (20 bytes).
    Removing stm32f4xx_usart.o(i.USART_OneBitMethodCmd), (20 bytes).
    Removing stm32f4xx_usart.o(i.USART_OverSampling8Cmd), (20 bytes).
    Removing stm32f4xx_usart.o(i.USART_ReceiveData), (8 bytes).
    Removing stm32f4xx_usart.o(i.USART_ReceiverWakeUpCmd), (20 bytes).
    Removing stm32f4xx_usart.o(i.USART_SendBreak), (10 bytes).
    Removing stm32f4xx_usart.o(i.USART_SendData), (8 bytes).
    Removing stm32f4xx_usart.o(i.USART_SetAddress), (16 bytes).
    Removing stm32f4xx_usart.o(i.USART_SetGuardTime), (16 bytes).
    Removing stm32f4xx_usart.o(i.USART_SetPrescaler), (16 bytes).
    Removing stm32f4xx_usart.o(i.USART_SmartCardCmd), (20 bytes).
    Removing stm32f4xx_usart.o(i.USART_SmartCardNACKCmd), (20 bytes).
    Removing stm32f4xx_usart.o(i.USART_StructInit), (22 bytes).
    Removing stm32f4xx_usart.o(i.USART_WakeUpConfig), (16 bytes).
    Removing startup_stm32f40_41xxx.o(HEAP), (512 bytes).
    Removing system_stm32f4xx.o(.rev16_text), (4 bytes).
    Removing system_stm32f4xx.o(.revsh_text), (4 bytes).
    Removing system_stm32f4xx.o(i.SystemCoreClockUpdate), (120 bytes).
    Removing stm32f4xx_flash.o(.rev16_text), (4 bytes).
    Removing stm32f4xx_flash.o(.revsh_text), (4 bytes).
    Removing stm32f4xx_flash.o(i.FLASH_ClearFlag), (12 bytes).
    Removing stm32f4xx_flash.o(i.FLASH_DataCacheCmd), (28 bytes).
    Removing stm32f4xx_flash.o(i.FLASH_DataCacheReset), (16 bytes).
    Removing stm32f4xx_flash.o(i.FLASH_EraseAllBank1Sectors), (92 bytes).
    Removing stm32f4xx_flash.o(i.FLASH_EraseAllBank2Sectors), (92 bytes).
    Removing stm32f4xx_flash.o(i.FLASH_EraseAllSectors), (92 bytes).
    Removing stm32f4xx_flash.o(i.FLASH_GetFlagStatus), (20 bytes).
    Removing stm32f4xx_flash.o(i.FLASH_ITConfig), (24 bytes).
    Removing stm32f4xx_flash.o(i.FLASH_InstructionCacheCmd), (28 bytes).
    Removing stm32f4xx_flash.o(i.FLASH_InstructionCacheReset), (16 bytes).
    Removing stm32f4xx_flash.o(i.FLASH_Lock), (16 bytes).
    Removing stm32f4xx_flash.o(i.FLASH_OB_BORConfig), (24 bytes).
    Removing stm32f4xx_flash.o(i.FLASH_OB_BootConfig), (24 bytes).
    Removing stm32f4xx_flash.o(i.FLASH_OB_GetBOR), (16 bytes).
    Removing stm32f4xx_flash.o(i.FLASH_OB_GetPCROP), (12 bytes).
    Removing stm32f4xx_flash.o(i.FLASH_OB_GetPCROP1), (12 bytes).
    Removing stm32f4xx_flash.o(i.FLASH_OB_GetRDP), (20 bytes).
    Removing stm32f4xx_flash.o(i.FLASH_OB_GetUser), (16 bytes).
    Removing stm32f4xx_flash.o(i.FLASH_OB_GetWRP), (12 bytes).
    Removing stm32f4xx_flash.o(i.FLASH_OB_GetWRP1), (12 bytes).
    Removing stm32f4xx_flash.o(i.FLASH_OB_Launch), (20 bytes).
    Removing stm32f4xx_flash.o(i.FLASH_OB_Lock), (16 bytes).
    Removing stm32f4xx_flash.o(i.FLASH_OB_PCROP1Config), (36 bytes).
    Removing stm32f4xx_flash.o(i.FLASH_OB_PCROPConfig), (36 bytes).
    Removing stm32f4xx_flash.o(i.FLASH_OB_PCROPSelectionConfig), (20 bytes).
    Removing stm32f4xx_flash.o(i.FLASH_OB_RDPConfig), (24 bytes).
    Removing stm32f4xx_flash.o(i.FLASH_OB_Unlock), (36 bytes).
    Removing stm32f4xx_flash.o(i.FLASH_OB_UserConfig), (40 bytes).
    Removing stm32f4xx_flash.o(i.FLASH_OB_WRP1Config), (36 bytes).
    Removing stm32f4xx_flash.o(i.FLASH_OB_WRPConfig), (36 bytes).
    Removing stm32f4xx_flash.o(i.FLASH_PrefetchBufferCmd), (28 bytes).
    Removing stm32f4xx_flash.o(i.FLASH_ProgramByte), (56 bytes).
    Removing stm32f4xx_flash.o(i.FLASH_ProgramDoubleWord), (64 bytes).
    Removing stm32f4xx_flash.o(i.FLASH_ProgramHalfWord), (60 bytes).
    Removing stm32f4xx_flash.o(i.FLASH_SetLatency), (12 bytes).
    Removing stm32f4xx_flash.o(i.FLASH_Unlock), (36 bytes).
    Removing dneg.o(.text), (6 bytes).
    Removing main.o(.ARM.exidx), (8 bytes).

877 unused section(s) (total 17726 bytes) removed from the image.

==============================================================================

Image Symbol Table

    Local Symbols

    Symbol Name                              Value     Ov Type        Size  Object(Section)

    ../clib/microlib/cpp/cpp_init.c          0x00000000   Number         0  cpp_init.o ABSOLUTE
    ../clib/microlib/cpp/cpp_init.c          0x00000000   Number         0  cpp_init.o ABSOLUTE
    ../clib/microlib/errno.c                 0x00000000   Number         0  errno.o ABSOLUTE
    ../clib/microlib/init/entry.s            0x00000000   Number         0  entry8b.o ABSOLUTE
    ../clib/microlib/init/entry.s            0x00000000   Number         0  entry.o ABSOLUTE
    ../clib/microlib/init/entry.s            0x00000000   Number         0  entry11b.o ABSOLUTE
    ../clib/microlib/init/entry.s            0x00000000   Number         0  entry11a.o ABSOLUTE
    ../clib/microlib/init/entry.s            0x00000000   Number         0  entry10b.o ABSOLUTE
    ../clib/microlib/init/entry.s            0x00000000   Number         0  entry10a.o ABSOLUTE
    ../clib/microlib/init/entry.s            0x00000000   Number         0  entry9b.o ABSOLUTE
    ../clib/microlib/init/entry.s            0x00000000   Number         0  entry9a.o ABSOLUTE
    ../clib/microlib/init/entry.s            0x00000000   Number         0  entry8a.o ABSOLUTE
    ../clib/microlib/init/entry.s            0x00000000   Number         0  entry7a.o ABSOLUTE
    ../clib/microlib/init/entry.s            0x00000000   Number         0  entry5.o ABSOLUTE
    ../clib/microlib/init/entry.s            0x00000000   Number         0  entry2.o ABSOLUTE
    ../clib/microlib/init/entry.s            0x00000000   Number         0  entry7b.o ABSOLUTE
    ../clib/microlib/longlong.c              0x00000000   Number         0  llsshr.o ABSOLUTE
    ../clib/microlib/longlong.c              0x00000000   Number         0  llushr.o ABSOLUTE
    ../clib/microlib/longlong.c              0x00000000   Number         0  llshl.o ABSOLUTE
    ../clib/microlib/string/memcpy.c         0x00000000   Number         0  memcpya.o ABSOLUTE
    ../clib/microlib/string/memcpy.c         0x00000000   Number         0  memcpyb.o ABSOLUTE
    ../clib/microlib/stubs.s                 0x00000000   Number         0  iusefp.o ABSOLUTE
    ../fplib/microlib/d2f.c                  0x00000000   Number         0  d2f.o ABSOLUTE
    ../fplib/microlib/f2d.c                  0x00000000   Number         0  f2d.o ABSOLUTE
    ../fplib/microlib/fpadd.c                0x00000000   Number         0  dadd.o ABSOLUTE
    ../fplib/microlib/fpdiv.c                0x00000000   Number         0  ddiv.o ABSOLUTE
    ../fplib/microlib/fpepilogue.c           0x00000000   Number         0  depilogue.o ABSOLUTE
    ../fplib/microlib/fpepilogue.c           0x00000000   Number         0  fepilogue.o ABSOLUTE
    ../fplib/microlib/fpfix.c                0x00000000   Number         0  dfixi.o ABSOLUTE
    ../fplib/microlib/fpflt.c                0x00000000   Number         0  dflti.o ABSOLUTE
    ../fplib/microlib/fpflt.c                0x00000000   Number         0  dfltui.o ABSOLUTE
    ../fplib/microlib/fpmul.c                0x00000000   Number         0  dmul.o ABSOLUTE
    ../fplib/microlib/fpneg.c                0x00000000   Number         0  dneg.o ABSOLUTE
    ../mathlib/atanf.c                       0x00000000   Number         0  atanf.o ABSOLUTE
    ../mathlib/atanf.c                       0x00000000   Number         0  atanf_x.o ABSOLUTE
    ../mathlib/fpclassifyf.c                 0x00000000   Number         0  fpclassifyf.o ABSOLUTE
    ../mathlib/funder.c                      0x00000000   Number         0  funder.o ABSOLUTE
    ../mathlib/rredf.c                       0x00000000   Number         0  rredf.o ABSOLUTE
    ../mathlib/sqrtf.c                       0x00000000   Number         0  sqrtf.o ABSOLUTE
    ../mathlib/sqrtf.c                       0x00000000   Number         0  sqrtf_x.o ABSOLUTE
    ../mathlib/tanf.c                        0x00000000   Number         0  tanf_x.o ABSOLUTE
    ../mathlib/tanf.c                        0x00000000   Number         0  tanf.o ABSOLUTE
    C:\Keil_v5\ARM\PACK\Keil\STM32F4xx_DFP\1.0.7\Device\StdPeriph_Driver\src\misc.c 0x00000000   Number         0  misc.o ABSOLUTE
    C:\Keil_v5\ARM\PACK\Keil\STM32F4xx_DFP\1.0.7\Device\StdPeriph_Driver\src\stm32f4xx_adc.c 0x00000000   Number         0  stm32f4xx_adc.o ABSOLUTE
    C:\Keil_v5\ARM\PACK\Keil\STM32F4xx_DFP\1.0.7\Device\StdPeriph_Driver\src\stm32f4xx_dma.c 0x00000000   Number         0  stm32f4xx_dma.o ABSOLUTE
    C:\Keil_v5\ARM\PACK\Keil\STM32F4xx_DFP\1.0.7\Device\StdPeriph_Driver\src\stm32f4xx_exti.c 0x00000000   Number         0  stm32f4xx_exti.o ABSOLUTE
    C:\Keil_v5\ARM\PACK\Keil\STM32F4xx_DFP\1.0.7\Device\StdPeriph_Driver\src\stm32f4xx_flash.c 0x00000000   Number         0  stm32f4xx_flash.o ABSOLUTE
    C:\Keil_v5\ARM\PACK\Keil\STM32F4xx_DFP\1.0.7\Device\StdPeriph_Driver\src\stm32f4xx_gpio.c 0x00000000   Number         0  stm32f4xx_gpio.o ABSOLUTE
    C:\Keil_v5\ARM\PACK\Keil\STM32F4xx_DFP\1.0.7\Device\StdPeriph_Driver\src\stm32f4xx_i2c.c 0x00000000   Number         0  stm32f4xx_i2c.o ABSOLUTE
    C:\Keil_v5\ARM\PACK\Keil\STM32F4xx_DFP\1.0.7\Device\StdPeriph_Driver\src\stm32f4xx_rcc.c 0x00000000   Number         0  stm32f4xx_rcc.o ABSOLUTE
    C:\Keil_v5\ARM\PACK\Keil\STM32F4xx_DFP\1.0.7\Device\StdPeriph_Driver\src\stm32f4xx_spi.c 0x00000000   Number         0  stm32f4xx_spi.o ABSOLUTE
    C:\Keil_v5\ARM\PACK\Keil\STM32F4xx_DFP\1.0.7\Device\StdPeriph_Driver\src\stm32f4xx_syscfg.c 0x00000000   Number         0  stm32f4xx_syscfg.o ABSOLUTE
    C:\Keil_v5\ARM\PACK\Keil\STM32F4xx_DFP\1.0.7\Device\StdPeriph_Driver\src\stm32f4xx_tim.c 0x00000000   Number         0  stm32f4xx_tim.o ABSOLUTE
    C:\Keil_v5\ARM\PACK\Keil\STM32F4xx_DFP\1.0.7\Device\StdPeriph_Driver\src\stm32f4xx_usart.c 0x00000000   Number         0  stm32f4xx_usart.o ABSOLUTE
    C:\\Keil_v5\\ARM\\PACK\\Keil\\STM32F4xx_DFP\\1.0.7\\Device\\StdPeriph_Driver\\src\\misc.c 0x00000000   Number         0  misc.o ABSOLUTE
    C:\\Keil_v5\\ARM\\PACK\\Keil\\STM32F4xx_DFP\\1.0.7\\Device\\StdPeriph_Driver\\src\\stm32f4xx_adc.c 0x00000000   Number         0  stm32f4xx_adc.o ABSOLUTE
    C:\\Keil_v5\\ARM\\PACK\\Keil\\STM32F4xx_DFP\\1.0.7\\Device\\StdPeriph_Driver\\src\\stm32f4xx_dma.c 0x00000000   Number         0  stm32f4xx_dma.o ABSOLUTE
    C:\\Keil_v5\\ARM\\PACK\\Keil\\STM32F4xx_DFP\\1.0.7\\Device\\StdPeriph_Driver\\src\\stm32f4xx_exti.c 0x00000000   Number         0  stm32f4xx_exti.o ABSOLUTE
    C:\\Keil_v5\\ARM\\PACK\\Keil\\STM32F4xx_DFP\\1.0.7\\Device\\StdPeriph_Driver\\src\\stm32f4xx_flash.c 0x00000000   Number         0  stm32f4xx_flash.o ABSOLUTE
    C:\\Keil_v5\\ARM\\PACK\\Keil\\STM32F4xx_DFP\\1.0.7\\Device\\StdPeriph_Driver\\src\\stm32f4xx_gpio.c 0x00000000   Number         0  stm32f4xx_gpio.o ABSOLUTE
    C:\\Keil_v5\\ARM\\PACK\\Keil\\STM32F4xx_DFP\\1.0.7\\Device\\StdPeriph_Driver\\src\\stm32f4xx_i2c.c 0x00000000   Number         0  stm32f4xx_i2c.o ABSOLUTE
    C:\\Keil_v5\\ARM\\PACK\\Keil\\STM32F4xx_DFP\\1.0.7\\Device\\StdPeriph_Driver\\src\\stm32f4xx_rcc.c 0x00000000   Number         0  stm32f4xx_rcc.o ABSOLUTE
    C:\\Keil_v5\\ARM\\PACK\\Keil\\STM32F4xx_DFP\\1.0.7\\Device\\StdPeriph_Driver\\src\\stm32f4xx_spi.c 0x00000000   Number         0  stm32f4xx_spi.o ABSOLUTE
    C:\\Keil_v5\\ARM\\PACK\\Keil\\STM32F4xx_DFP\\1.0.7\\Device\\StdPeriph_Driver\\src\\stm32f4xx_syscfg.c 0x00000000   Number         0  stm32f4xx_syscfg.o ABSOLUTE
    C:\\Keil_v5\\ARM\\PACK\\Keil\\STM32F4xx_DFP\\1.0.7\\Device\\StdPeriph_Driver\\src\\stm32f4xx_tim.c 0x00000000   Number         0  stm32f4xx_tim.o ABSOLUTE
    C:\\Keil_v5\\ARM\\PACK\\Keil\\STM32F4xx_DFP\\1.0.7\\Device\\StdPeriph_Driver\\src\\stm32f4xx_usart.c 0x00000000   Number         0  stm32f4xx_usart.o ABSOLUTE
    MPU6050\I2CDev.cpp                       0x00000000   Number         0  i2cdev.o ABSOLUTE
    MPU6050\MPU6050.cpp                      0x00000000   Number         0  mpu6050.o ABSOLUTE
    MPU6050\\I2CDev.cpp                      0x00000000   Number         0  i2cdev.o ABSOLUTE
    MPU6050\\MPU6050.cpp                     0x00000000   Number         0  mpu6050.o ABSOLUTE
    MPU6050\\stm32f4_i2c.c                   0x00000000   Number         0  stm32f4_i2c.o ABSOLUTE
    MPU6050\stm32f4_i2c.c                    0x00000000   Number         0  stm32f4_i2c.o ABSOLUTE
    PID_v1.cpp                               0x00000000   Number         0  pid_v1.o ABSOLUTE
    PID_v1.cpp                               0x00000000   Number         0  pid_v1.o ABSOLUTE
    RTE\Device\STM32F407VG\startup_stm32f40_41xxx.s 0x00000000   Number         0  startup_stm32f40_41xxx.o ABSOLUTE
    RTE\Device\STM32F407VG\system_stm32f4xx.c 0x00000000   Number         0  system_stm32f4xx.o ABSOLUTE
    RTE\\Device\\STM32F407VG\\system_stm32f4xx.c 0x00000000   Number         0  system_stm32f4xx.o ABSOLUTE
    Utilities\STM32F4-Discovery\stm32f4_discovery.c 0x00000000   Number         0  stm32f4_discovery.o ABSOLUTE
    Utilities\STM32F4-Discovery\stm32f4_discovery_lis302dl.c 0x00000000   Number         0  stm32f4_discovery_lis302dl.o ABSOLUTE
    Utilities\\STM32F4-Discovery\\stm32f4_discovery.c 0x00000000   Number         0  stm32f4_discovery.o ABSOLUTE
    Utilities\\STM32F4-Discovery\\stm32f4_discovery_lis302dl.c 0x00000000   Number         0  stm32f4_discovery_lis302dl.o ABSOLUTE
    cdcmple.s                                0x00000000   Number         0  cdcmple.o ABSOLUTE
    cdrcmple.s                               0x00000000   Number         0  cdrcmple.o ABSOLUTE
    dc.s                                     0x00000000   Number         0  dc.o ABSOLUTE
    delay.cpp                                0x00000000   Number         0  delay.o ABSOLUTE
    delay.cpp                                0x00000000   Number         0  delay.o ABSOLUTE
    encoder.cpp                              0x00000000   Number         0  encoder.o ABSOLUTE
    encoder.cpp                              0x00000000   Number         0  encoder.o ABSOLUTE
    handlers.s                               0x00000000   Number         0  handlers.o ABSOLUTE
    init.s                                   0x00000000   Number         0  init.o ABSOLUTE
    main.cpp                                 0x00000000   Number         0  main.o ABSOLUTE
    main.cpp                                 0x00000000   Number         0  main.o ABSOLUTE
    motor.cpp                                0x00000000   Number         0  motor.o ABSOLUTE
    motor.cpp                                0x00000000   Number         0  motor.o ABSOLUTE
    motordriver.cpp                          0x00000000   Number         0  motordriver.o ABSOLUTE
    motordriver.cpp                          0x00000000   Number         0  motordriver.o ABSOLUTE
    stm32f4xx_it.cpp                         0x00000000   Number         0  stm32f4xx_it.o ABSOLUTE
    stm32f4xx_it.cpp                         0x00000000   Number         0  stm32f4xx_it.o ABSOLUTE
    RESET                                    0x08000000   Section      392  startup_stm32f40_41xxx.o(RESET)
    .ARM.Collect$$$$00000000                 0x08000188   Section        0  entry.o(.ARM.Collect$$$$00000000)
    .ARM.Collect$$$$00000001                 0x08000188   Section        4  entry2.o(.ARM.Collect$$$$00000001)
    .ARM.Collect$$$$00000004                 0x0800018c   Section        4  entry5.o(.ARM.Collect$$$$00000004)
    .ARM.Collect$$$$00000008                 0x08000190   Section        0  entry7b.o(.ARM.Collect$$$$00000008)
    .ARM.Collect$$$$00000009                 0x08000190   Section        4  entry8a.o(.ARM.Collect$$$$00000009)
    .ARM.Collect$$$$0000000A                 0x08000194   Section        0  entry8b.o(.ARM.Collect$$$$0000000A)
    .ARM.Collect$$$$0000000B                 0x08000194   Section        8  entry9a.o(.ARM.Collect$$$$0000000B)
    .ARM.Collect$$$$0000000D                 0x0800019c   Section        0  entry10a.o(.ARM.Collect$$$$0000000D)
    .ARM.Collect$$$$0000000F                 0x0800019c   Section        0  entry11a.o(.ARM.Collect$$$$0000000F)
    .ARM.Collect$$$$00002712                 0x0800019c   Section        4  entry2.o(.ARM.Collect$$$$00002712)
    __lit__00000000                          0x0800019c   Data           4  entry2.o(.ARM.Collect$$$$00002712)
    .text                                    0x080001a0   Section       36  startup_stm32f40_41xxx.o(.text)
    $v0                                      0x080001a0   Number         0  startup_stm32f40_41xxx.o(.text)
    .text                                    0x080001c4   Section        0  memcpya.o(.text)
    .text                                    0x080001e8   Section        0  cpp_init.o(.text)
    .text                                    0x08000208   Section        0  dadd.o(.text)
    .text                                    0x08000356   Section        0  dmul.o(.text)
    .text                                    0x0800043a   Section        0  ddiv.o(.text)
    .text                                    0x08000518   Section        0  dflti.o(.text)
    .text                                    0x0800053a   Section        0  dfltui.o(.text)
    .text                                    0x08000554   Section        0  dfixi.o(.text)
    .text                                    0x08000592   Section        0  f2d.o(.text)
    .text                                    0x080005b8   Section       40  cdcmple.o(.text)
    .text                                    0x080005e0   Section       40  cdrcmple.o(.text)
    .text                                    0x08000608   Section        0  d2f.o(.text)
    .text                                    0x08000640   Section        0  llshl.o(.text)
    .text                                    0x0800065e   Section        0  llushr.o(.text)
    .text                                    0x0800067e   Section        0  llsshr.o(.text)
    .text                                    0x080006a2   Section        0  iusefp.o(.text)
    .text                                    0x080006a2   Section        0  fepilogue.o(.text)
    .text                                    0x08000710   Section        0  depilogue.o(.text)
    .text                                    0x080007c8   Section       36  init.o(.text)
    i.BusFault_Handler                       0x080007ec   Section        0  stm32f4xx_it.o(i.BusFault_Handler)
    i.DebugMon_Handler                       0x080007ee   Section        0  stm32f4xx_it.o(i.DebugMon_Handler)
    i.ENCL_getValue                          0x080007f0   Section        0  encoder.o(i.ENCL_getValue)
    i.ENCR_getValue                          0x0800080c   Section        0  encoder.o(i.ENCR_getValue)
    i.EXTI_Init                              0x08000828   Section        0  stm32f4xx_exti.o(i.EXTI_Init)
    i.FLASH_EraseSector                      0x08000898   Section        0  stm32f4xx_flash.o(i.FLASH_EraseSector)
    i.FLASH_GetStatus                        0x08000904   Section        0  stm32f4xx_flash.o(i.FLASH_GetStatus)
    i.FLASH_ProgramWord                      0x08000940   Section        0  stm32f4xx_flash.o(i.FLASH_ProgramWord)
    i.FLASH_WaitForLastOperation             0x0800097c   Section        0  stm32f4xx_flash.o(i.FLASH_WaitForLastOperation)
    i.GPIO_Init                              0x0800099a   Section        0  stm32f4xx_gpio.o(i.GPIO_Init)
    i.GPIO_PinAFConfig                       0x08000a12   Section        0  stm32f4xx_gpio.o(i.GPIO_PinAFConfig)
    i.GPIO_ReadInputDataBit                  0x08000a32   Section        0  stm32f4xx_gpio.o(i.GPIO_ReadInputDataBit)
    i.GPIO_ResetBits                         0x08000a40   Section        0  stm32f4xx_gpio.o(i.GPIO_ResetBits)
    i.GPIO_SetBits                           0x08000a44   Section        0  stm32f4xx_gpio.o(i.GPIO_SetBits)
    i.HardFault_Handler                      0x08000a48   Section        0  stm32f4xx_it.o(i.HardFault_Handler)
    i.I2C_AcknowledgeConfig                  0x08000a4a   Section        0  stm32f4xx_i2c.o(i.I2C_AcknowledgeConfig)
    i.I2C_CheckEvent                         0x08000a5e   Section        0  stm32f4xx_i2c.o(i.I2C_CheckEvent)
    i.I2C_Cmd                                0x08000a76   Section        0  stm32f4xx_i2c.o(i.I2C_Cmd)
    i.I2C_DeInit                             0x08000a8c   Section        0  stm32f4xx_i2c.o(i.I2C_DeInit)
    i.I2C_GenerateSTART                      0x08000ad0   Section        0  stm32f4xx_i2c.o(i.I2C_GenerateSTART)
    i.I2C_GenerateSTOP                       0x08000ae4   Section        0  stm32f4xx_i2c.o(i.I2C_GenerateSTOP)
    i.I2C_GetFlagStatus                      0x08000af8   Section        0  stm32f4xx_i2c.o(i.I2C_GetFlagStatus)
    i.I2C_Init                               0x08000b24   Section        0  stm32f4xx_i2c.o(i.I2C_Init)
    i.I2C_ReceiveData                        0x08000bdc   Section        0  stm32f4xx_i2c.o(i.I2C_ReceiveData)
    i.I2C_Send7bitAddress                    0x08000be2   Section        0  stm32f4xx_i2c.o(i.I2C_Send7bitAddress)
    i.I2C_SendData                           0x08000bf2   Section        0  stm32f4xx_i2c.o(i.I2C_SendData)
    i.I2C_read_nack                          0x08000bf8   Section        0  stm32f4_i2c.o(i.I2C_read_nack)
    I2C_read_nack                            0x08000bf9   Thumb Code    76  stm32f4_i2c.o(i.I2C_read_nack)
    i.I2C_start                              0x08000c48   Section        0  stm32f4_i2c.o(i.I2C_start)
    I2C_start                                0x08000c49   Thumb Code   162  stm32f4_i2c.o(i.I2C_start)
    i.I2C_stop                               0x08000cf4   Section        0  stm32f4_i2c.o(i.I2C_stop)
    I2C_stop                                 0x08000cf5   Thumb Code     6  stm32f4_i2c.o(i.I2C_stop)
    i.I2C_write                              0x08000cfc   Section        0  stm32f4_i2c.o(i.I2C_write)
    I2C_write                                0x08000cfd   Thumb Code    60  stm32f4_i2c.o(i.I2C_write)
    i.LIS302DL_FilterConfig                  0x08000d3c   Section        0  stm32f4_discovery_lis302dl.o(i.LIS302DL_FilterConfig)
    i.LIS302DL_Init                          0x08000d78   Section        0  stm32f4_discovery_lis302dl.o(i.LIS302DL_Init)
    i.LIS302DL_LowLevel_Init                 0x08000da8   Section        0  stm32f4_discovery_lis302dl.o(i.LIS302DL_LowLevel_Init)
    LIS302DL_LowLevel_Init                   0x08000da9   Thumb Code   276  stm32f4_discovery_lis302dl.o(i.LIS302DL_LowLevel_Init)
    i.LIS302DL_Read                          0x08000ec8   Section        0  stm32f4_discovery_lis302dl.o(i.LIS302DL_Read)
    i.LIS302DL_ReadACC                       0x08000f14   Section        0  stm32f4_discovery_lis302dl.o(i.LIS302DL_ReadACC)
    i.LIS302DL_SendByte                      0x08000f74   Section        0  stm32f4_discovery_lis302dl.o(i.LIS302DL_SendByte)
    LIS302DL_SendByte                        0x08000f75   Thumb Code    88  stm32f4_discovery_lis302dl.o(i.LIS302DL_SendByte)
    i.LIS302DL_TIMEOUT_UserCallback          0x08000fd4   Section        0  main.o(i.LIS302DL_TIMEOUT_UserCallback)
    i.LIS302DL_Write                         0x08000fe4   Section        0  stm32f4_discovery_lis302dl.o(i.LIS302DL_Write)
    i.MemManage_Handler                      0x08001028   Section        0  stm32f4xx_it.o(i.MemManage_Handler)
    i.NMI_Handler                            0x0800102a   Section        0  stm32f4xx_it.o(i.NMI_Handler)
    i.NVIC_Init                              0x0800102c   Section        0  misc.o(i.NVIC_Init)
    i.PendSV_Handler                         0x08001090   Section        0  stm32f4xx_it.o(i.PendSV_Handler)
    i.RCC_AHB1PeriphClockCmd                 0x08001094   Section        0  stm32f4xx_rcc.o(i.RCC_AHB1PeriphClockCmd)
    i.RCC_APB1PeriphClockCmd                 0x080010ac   Section        0  stm32f4xx_rcc.o(i.RCC_APB1PeriphClockCmd)
    i.RCC_APB1PeriphResetCmd                 0x080010c4   Section        0  stm32f4xx_rcc.o(i.RCC_APB1PeriphResetCmd)
    i.RCC_APB2PeriphClockCmd                 0x080010dc   Section        0  stm32f4xx_rcc.o(i.RCC_APB2PeriphClockCmd)
    i.RCC_APB2PeriphResetCmd                 0x080010f4   Section        0  stm32f4xx_rcc.o(i.RCC_APB2PeriphResetCmd)
    i.RCC_GetClocksFreq                      0x0800110c   Section        0  stm32f4xx_rcc.o(i.RCC_GetClocksFreq)
    i.SPI_Cmd                                0x0800119c   Section        0  stm32f4xx_spi.o(i.SPI_Cmd)
    i.SPI_I2S_DeInit                         0x080011b0   Section        0  stm32f4xx_spi.o(i.SPI_I2S_DeInit)
    i.SPI_I2S_GetFlagStatus                  0x08001234   Section        0  stm32f4xx_spi.o(i.SPI_I2S_GetFlagStatus)
    i.SPI_I2S_ReceiveData                    0x08001242   Section        0  stm32f4xx_spi.o(i.SPI_I2S_ReceiveData)
    i.SPI_I2S_SendData                       0x08001246   Section        0  stm32f4xx_spi.o(i.SPI_I2S_SendData)
    i.SPI_Init                               0x0800124a   Section        0  stm32f4xx_spi.o(i.SPI_Init)
    i.STM32F4_I2C_Init                       0x08001284   Section        0  stm32f4_i2c.o(i.STM32F4_I2C_Init)
    i.STM32F4_I2C_readBytes                  0x0800133c   Section        0  stm32f4_i2c.o(i.STM32F4_I2C_readBytes)
    i.STM32F4_I2C_writeBytes                 0x08001444   Section        0  stm32f4_i2c.o(i.STM32F4_I2C_writeBytes)
    i.STM_EVAL_LEDInit                       0x080014f8   Section        0  stm32f4_discovery.o(i.STM_EVAL_LEDInit)
    i.STM_EVAL_LEDOff                        0x08001540   Section        0  stm32f4_discovery.o(i.STM_EVAL_LEDOff)
    i.STM_EVAL_LEDToggle                     0x08001558   Section        0  stm32f4_discovery.o(i.STM_EVAL_LEDToggle)
    i.STM_EVAL_PBGetState                    0x08001574   Section        0  stm32f4_discovery.o(i.STM_EVAL_PBGetState)
    i.STM_EVAL_PBInit                        0x0800158c   Section        0  stm32f4_discovery.o(i.STM_EVAL_PBInit)
    i.SVC_Handler                            0x08001624   Section        0  stm32f4xx_it.o(i.SVC_Handler)
    i.SYSCFG_EXTILineConfig                  0x08001628   Section        0  stm32f4xx_syscfg.o(i.SYSCFG_EXTILineConfig)
    i.SetSysClock                            0x08001658   Section        0  system_stm32f4xx.o(i.SetSysClock)
    SetSysClock                              0x08001659   Thumb Code   162  system_stm32f4xx.o(i.SetSysClock)
    i.SysTick_Handler                        0x0800170c   Section        0  stm32f4xx_it.o(i.SysTick_Handler)
    i.SystemInit                             0x08001744   Section        0  system_stm32f4xx.o(i.SystemInit)
    i.TIM_ARRPreloadConfig                   0x080017a0   Section        0  stm32f4xx_tim.o(i.TIM_ARRPreloadConfig)
    i.TIM_CCxCmd                             0x080017b4   Section        0  stm32f4xx_tim.o(i.TIM_CCxCmd)
    i.TIM_Cmd                                0x080017ca   Section        0  stm32f4xx_tim.o(i.TIM_Cmd)
    i.TIM_GetCounter                         0x080017de   Section        0  stm32f4xx_tim.o(i.TIM_GetCounter)
    i.TIM_OC3Init                            0x080017e4   Section        0  stm32f4xx_tim.o(i.TIM_OC3Init)
    i.TIM_OC3PreloadConfig                   0x08001860   Section        0  stm32f4xx_tim.o(i.TIM_OC3PreloadConfig)
    i.TIM_OC4Init                            0x0800186c   Section        0  stm32f4xx_tim.o(i.TIM_OC4Init)
    i.TIM_OC4PreloadConfig                   0x080018cc   Section        0  stm32f4xx_tim.o(i.TIM_OC4PreloadConfig)
    i.TIM_SetCompare3                        0x080018e0   Section        0  stm32f4xx_tim.o(i.TIM_SetCompare3)
    i.TIM_SetCompare4                        0x080018e4   Section        0  stm32f4xx_tim.o(i.TIM_SetCompare4)
    i.TIM_SetCounter                         0x080018e8   Section        0  stm32f4xx_tim.o(i.TIM_SetCounter)
    i.TIM_TimeBaseInit                       0x080018ec   Section        0  stm32f4xx_tim.o(i.TIM_TimeBaseInit)
    i.UsageFault_Handler                     0x08001968   Section        0  stm32f4xx_it.o(i.UsageFault_Handler)
    i._Z10TIM_Configv                        0x0800196c   Section        0  motordriver.o(i._Z10TIM_Configv)
    i._Z12Fail_Handlerv                      0x08001a70   Section        0  main.o(i._Z12Fail_Handlerv)
    i._Z14TimeOutProcessv                    0x08001a94   Section        0  main.o(i._Z14TimeOutProcessv)
    i._ZN3PID10InitializeEv                  0x08001a9a   Section        0  pid_v1.o(i._ZN3PID10InitializeEv)
    i._ZN3PID10SetTuningsEddd                0x08001aec   Section        0  pid_v1.o(i._ZN3PID10SetTuningsEddd)
    i._ZN3PID10parametersEPdS0_S0_dddi       0x08001bd0   Section        0  pid_v1.o(i._ZN3PID10parametersEPdS0_S0_dddi)
    i._ZN3PID13SetSampleTimeEi               0x08001c58   Section        0  pid_v1.o(i._ZN3PID13SetSampleTimeEi)
    i._ZN3PID15SetOutputLimitsEdd            0x08001cb0   Section        0  pid_v1.o(i._ZN3PID15SetOutputLimitsEdd)
    i._ZN3PID22SetControllerDirectionEi      0x08001d62   Section        0  pid_v1.o(i._ZN3PID22SetControllerDirectionEi)
    i._ZN3PID7ComputeEv                      0x08001da8   Section        0  pid_v1.o(i._ZN3PID7ComputeEv)
    i._ZN3PID7SetModeEi                      0x08001ed0   Section        0  pid_v1.o(i._ZN3PID7SetModeEi)
    i._ZN3PIDC1Ev                            0x08001efa   Section        0  pid_v1.o(i._ZN3PIDC1Ev)
    i._ZN5Motor15registerControlEPFYviEPFYsvE 0x08001efc   Section        0  motor.o(i._ZN5Motor15registerControlEPFYviEPFYsvE)
    i._ZN5Motor3runEi                        0x08001f02   Section        0  motor.o(i._ZN5Motor3runEi)
    i._ZN5Motor4pingEv                       0x08001f24   Section        0  motor.o(i._ZN5Motor4pingEv)
    i._ZN5MotorC1Ev                          0x08001fac   Section        0  motor.o(i._ZN5MotorC1Ev)
    i._ZN6I2Cdev10writeBytesEhhhPh           0x08002040   Section        0  i2cdev.o(i._ZN6I2Cdev10writeBytesEhhhPh)
    i._ZN6I2Cdev4InitEv                      0x08002064   Section        0  i2cdev.o(i._ZN6I2Cdev4InitEv)
    i._ZN6I2Cdev8readBitsEhhhhPht            0x08002068   Section        0  i2cdev.o(i._ZN6I2Cdev8readBitsEhhhhPht)
    i._ZN6I2Cdev8readByteEhhPht              0x0800209e   Section        0  i2cdev.o(i._ZN6I2Cdev8readByteEhhPht)
    i._ZN6I2Cdev8writeBitEhhhh               0x080020ac   Section        0  i2cdev.o(i._ZN6I2Cdev8writeBitEhhhh)
    i._ZN6I2Cdev9readBytesEhhhPht            0x080020e8   Section        0  i2cdev.o(i._ZN6I2Cdev9readBytesEhhhPht)
    i._ZN6I2Cdev9writeBitsEhhhhh             0x08002110   Section        0  i2cdev.o(i._ZN6I2Cdev9writeBitsEhhhhh)
    i._ZN6I2Cdev9writeByteEhhh               0x08002160   Section        0  i2cdev.o(i._ZN6I2Cdev9writeByteEhhh)
    i._ZN6Kalman8getAngleEddd                0x0800216c   Section        0  main.o(i._ZN6Kalman8getAngleEddd)
    i._ZN7MPU605010getMotion6EPsS0_S0_S0_S0_S0_ 0x08002360   Section        0  mpu6050.o(i._ZN7MPU605010getMotion6EPsS0_S0_S0_S0_S0_)
    i._ZN7MPU605010initializeEv              0x080023b8   Section        0  mpu6050.o(i._ZN7MPU605010initializeEv)
    i._ZN7MPU605011getDeviceIDEv             0x080023e0   Section        0  mpu6050.o(i._ZN7MPU605011getDeviceIDEv)
    i._ZN7MPU605014setClockSourceEh          0x08002404   Section        0  mpu6050.o(i._ZN7MPU605014setClockSourceEh)
    i._ZN7MPU605014testConnectionEv          0x08002416   Section        0  mpu6050.o(i._ZN7MPU605014testConnectionEv)
    i._ZN7MPU605015setSleepEnabledEb         0x08002428   Section        0  mpu6050.o(i._ZN7MPU605015setSleepEnabledEb)
    i._ZN7MPU605021setFullScaleGyroRangeEh   0x08002434   Section        0  mpu6050.o(i._ZN7MPU605021setFullScaleGyroRangeEh)
    i._ZN7MPU605022setFullScaleAccelRangeEh  0x08002446   Section        0  mpu6050.o(i._ZN7MPU605022setFullScaleAccelRangeEh)
    i._ZN7MPU6050C1Ev                        0x08002458   Section        0  mpu6050.o(i._ZN7MPU6050C1Ev)
    i.__ARM_fpclassifyf                      0x08002468   Section        0  fpclassifyf.o(i.__ARM_fpclassifyf)
    i.__hardfp_atanf                         0x08002490   Section        0  atanf.o(i.__hardfp_atanf)
    i.__hardfp_sqrtf                         0x080025ec   Section        0  sqrtf.o(i.__hardfp_sqrtf)
    i.__hardfp_tanf                          0x08002628   Section        0  tanf.o(i.__hardfp_tanf)
    i.__mathlib_flt_underflow                0x080027a0   Section        0  funder.o(i.__mathlib_flt_underflow)
    i.__mathlib_rredf2                       0x080027b0   Section        0  rredf.o(i.__mathlib_rredf2)
    i.__scatterload_copy                     0x080028f0   Section       14  handlers.o(i.__scatterload_copy)
    i.__scatterload_null                     0x080028fe   Section        2  handlers.o(i.__scatterload_null)
    i.__scatterload_zeroinit                 0x08002900   Section       14  handlers.o(i.__scatterload_zeroinit)
    i.__set_errno                            0x08002910   Section        0  errno.o(i.__set_errno)
    i.__sti___8_main_cpp_241f1e20            0x0800291c   Section        0  main.o(i.__sti___8_main_cpp_241f1e20)
    __sti___8_main_cpp_241f1e20              0x0800291d   Thumb Code   124  main.o(i.__sti___8_main_cpp_241f1e20)
    i._delay_ms                              0x080029c4   Section        0  delay.o(i._delay_ms)
    i.delay_init                             0x080029d4   Section        0  delay.o(i.delay_init)
    i.delay_routine                          0x08002a0c   Section        0  delay.o(i.delay_routine)
    i.main                                   0x08002a24   Section        0  main.o(i.main)
    i.millis                                 0x08002e3c   Section        0  delay.o(i.millis)
    i.motor_init                             0x08002e48   Section        0  motordriver.o(i.motor_init)
    i.motor_left_pwm                         0x08002e4c   Section        0  motordriver.o(i.motor_left_pwm)
    i.motor_right_pwm                        0x08002e80   Section        0  motordriver.o(i.motor_right_pwm)
    .constdata                               0x08002eb4   Section       36  stm32f4_discovery.o(.constdata)
    .constdata                               0x08002ed8   Section       32  rredf.o(.constdata)
    twooverpi                                0x08002ed8   Data          32  rredf.o(.constdata)
    .init_array                              0x08002f18   Section        4  main.o(.init_array)
    .init_array                              0x08002f1c   Section        0  cpp_init.o(.init_array)
    .data                                    0x20000000   Section       72  main.o(.data)
    .data                                    0x20000048   Section        8  delay.o(.data)
    .data                                    0x20000050   Section        2  i2cdev.o(.data)
    .data                                    0x20000054   Section       20  stm32f4_discovery.o(.data)
    .data                                    0x20000068   Section        4  stm32f4_discovery_lis302dl.o(.data)
    .data                                    0x2000006c   Section       16  stm32f4xx_rcc.o(.data)
    APBAHBPrescTable                         0x2000006c   Data          16  stm32f4xx_rcc.o(.data)
    .data                                    0x2000007c   Section       20  system_stm32f4xx.o(.data)
    .data                                    0x20000090   Section        4  errno.o(.data)
    _errno                                   0x20000090   Data           4  errno.o(.data)
    .bss                                     0x20000098   Section      728  main.o(.bss)
    STACK                                    0x20000370   Section     1024  startup_stm32f40_41xxx.o(STACK)

    Global Symbols

    Symbol Name                              Value     Ov Type        Size  Object(Section)

    BuildAttributes$$THM_ISAv4$E$P$D$K$B$S$7EM$VFPi3$EXTD16$VFPS$VFMA$PE$A:L22UL41UL21$X:L11$S22US41US21$IEEE1$IW$USESV6$~STKCKD$USESV7$~SHL$OTIME$ROPI$IEEEX$EBA8$MICROLIB$REQ8$PRES8$EABIv2 0x00000000   Number         0  anon$$obj.o ABSOLUTE
    __ARM_use_no_argv                        0x00000000   Number         0  main.o ABSOLUTE
    __cxa_finalize                            - Undefined Weak Reference
    __decompress                              - Undefined Weak Reference
    _clock_init                               - Undefined Weak Reference
    _microlib_exit                            - Undefined Weak Reference
    __Vectors_Size                           0x00000188   Number         0  startup_stm32f40_41xxx.o ABSOLUTE
    __Vectors                                0x08000000   Data           4  startup_stm32f40_41xxx.o(RESET)
    __Vectors_End                            0x08000188   Data           0  startup_stm32f40_41xxx.o(RESET)
    __main                                   0x08000189   Thumb Code     0  entry.o(.ARM.Collect$$$$00000000)
    _main_stk                                0x08000189   Thumb Code     0  entry2.o(.ARM.Collect$$$$00000001)
    _main_scatterload                        0x0800018d   Thumb Code     0  entry5.o(.ARM.Collect$$$$00000004)
    __main_after_scatterload                 0x08000191   Thumb Code     0  entry5.o(.ARM.Collect$$$$00000004)
    _main_clock                              0x08000191   Thumb Code     0  entry7b.o(.ARM.Collect$$$$00000008)
    _main_cpp_init$empty                     0x08000191   Thumb Code     0  entry8a.o(.ARM.Collect$$$$00000009)
    _main_cpp_init                           0x08000195   Thumb Code     0  entry8b.o(.ARM.Collect$$$$0000000A)
    _main_init                               0x08000195   Thumb Code     0  entry9a.o(.ARM.Collect$$$$0000000B)
    __rt_final_cpp                           0x0800019d   Thumb Code     0  entry10a.o(.ARM.Collect$$$$0000000D)
    __rt_final_exit                          0x0800019d   Thumb Code     0  entry11a.o(.ARM.Collect$$$$0000000F)
    Reset_Handler                            0x080001a1   Thumb Code     8  startup_stm32f40_41xxx.o(.text)
    ADC_IRQHandler                           0x080001bb   Thumb Code     0  startup_stm32f40_41xxx.o(.text)
    CAN1_RX0_IRQHandler                      0x080001bb   Thumb Code     0  startup_stm32f40_41xxx.o(.text)
    CAN1_RX1_IRQHandler                      0x080001bb   Thumb Code     0  startup_stm32f40_41xxx.o(.text)
    CAN1_SCE_IRQHandler                      0x080001bb   Thumb Code     0  startup_stm32f40_41xxx.o(.text)
    CAN1_TX_IRQHandler                       0x080001bb   Thumb Code     0  startup_stm32f40_41xxx.o(.text)
    CAN2_RX0_IRQHandler                      0x080001bb   Thumb Code     0  startup_stm32f40_41xxx.o(.text)
    CAN2_RX1_IRQHandler                      0x080001bb   Thumb Code     0  startup_stm32f40_41xxx.o(.text)
    CAN2_SCE_IRQHandler                      0x080001bb   Thumb Code     0  startup_stm32f40_41xxx.o(.text)
    CAN2_TX_IRQHandler                       0x080001bb   Thumb Code     0  startup_stm32f40_41xxx.o(.text)
    CRYP_IRQHandler                          0x080001bb   Thumb Code     0  startup_stm32f40_41xxx.o(.text)
    DCMI_IRQHandler                          0x080001bb   Thumb Code     0  startup_stm32f40_41xxx.o(.text)
    DMA1_Stream0_IRQHandler                  0x080001bb   Thumb Code     0  startup_stm32f40_41xxx.o(.text)
    DMA1_Stream1_IRQHandler                  0x080001bb   Thumb Code     0  startup_stm32f40_41xxx.o(.text)
    DMA1_Stream2_IRQHandler                  0x080001bb   Thumb Code     0  startup_stm32f40_41xxx.o(.text)
    DMA1_Stream3_IRQHandler                  0x080001bb   Thumb Code     0  startup_stm32f40_41xxx.o(.text)
    DMA1_Stream4_IRQHandler                  0x080001bb   Thumb Code     0  startup_stm32f40_41xxx.o(.text)
    DMA1_Stream5_IRQHandler                  0x080001bb   Thumb Code     0  startup_stm32f40_41xxx.o(.text)
    DMA1_Stream6_IRQHandler                  0x080001bb   Thumb Code     0  startup_stm32f40_41xxx.o(.text)
    DMA1_Stream7_IRQHandler                  0x080001bb   Thumb Code     0  startup_stm32f40_41xxx.o(.text)
    DMA2_Stream0_IRQHandler                  0x080001bb   Thumb Code     0  startup_stm32f40_41xxx.o(.text)
    DMA2_Stream1_IRQHandler                  0x080001bb   Thumb Code     0  startup_stm32f40_41xxx.o(.text)
    DMA2_Stream2_IRQHandler                  0x080001bb   Thumb Code     0  startup_stm32f40_41xxx.o(.text)
    DMA2_Stream3_IRQHandler                  0x080001bb   Thumb Code     0  startup_stm32f40_41xxx.o(.text)
    DMA2_Stream4_IRQHandler                  0x080001bb   Thumb Code     0  startup_stm32f40_41xxx.o(.text)
    DMA2_Stream5_IRQHandler                  0x080001bb   Thumb Code     0  startup_stm32f40_41xxx.o(.text)
    DMA2_Stream6_IRQHandler                  0x080001bb   Thumb Code     0  startup_stm32f40_41xxx.o(.text)
    DMA2_Stream7_IRQHandler                  0x080001bb   Thumb Code     0  startup_stm32f40_41xxx.o(.text)
    ETH_IRQHandler                           0x080001bb   Thumb Code     0  startup_stm32f40_41xxx.o(.text)
    ETH_WKUP_IRQHandler                      0x080001bb   Thumb Code     0  startup_stm32f40_41xxx.o(.text)
    EXTI0_IRQHandler                         0x080001bb   Thumb Code     0  startup_stm32f40_41xxx.o(.text)
    EXTI15_10_IRQHandler                     0x080001bb   Thumb Code     0  startup_stm32f40_41xxx.o(.text)
    EXTI1_IRQHandler                         0x080001bb   Thumb Code     0  startup_stm32f40_41xxx.o(.text)
    EXTI2_IRQHandler                         0x080001bb   Thumb Code     0  startup_stm32f40_41xxx.o(.text)
    EXTI3_IRQHandler                         0x080001bb   Thumb Code     0  startup_stm32f40_41xxx.o(.text)
    EXTI4_IRQHandler                         0x080001bb   Thumb Code     0  startup_stm32f40_41xxx.o(.text)
    EXTI9_5_IRQHandler                       0x080001bb   Thumb Code     0  startup_stm32f40_41xxx.o(.text)
    FLASH_IRQHandler                         0x080001bb   Thumb Code     0  startup_stm32f40_41xxx.o(.text)
    FPU_IRQHandler                           0x080001bb   Thumb Code     0  startup_stm32f40_41xxx.o(.text)
    FSMC_IRQHandler                          0x080001bb   Thumb Code     0  startup_stm32f40_41xxx.o(.text)
    HASH_RNG_IRQHandler                      0x080001bb   Thumb Code     0  startup_stm32f40_41xxx.o(.text)
    I2C1_ER_IRQHandler                       0x080001bb   Thumb Code     0  startup_stm32f40_41xxx.o(.text)
    I2C1_EV_IRQHandler                       0x080001bb   Thumb Code     0  startup_stm32f40_41xxx.o(.text)
    I2C2_ER_IRQHandler                       0x080001bb   Thumb Code     0  startup_stm32f40_41xxx.o(.text)
    I2C2_EV_IRQHandler                       0x080001bb   Thumb Code     0  startup_stm32f40_41xxx.o(.text)
    I2C3_ER_IRQHandler                       0x080001bb   Thumb Code     0  startup_stm32f40_41xxx.o(.text)
    I2C3_EV_IRQHandler                       0x080001bb   Thumb Code     0  startup_stm32f40_41xxx.o(.text)
    OTG_FS_IRQHandler                        0x080001bb   Thumb Code     0  startup_stm32f40_41xxx.o(.text)
    OTG_FS_WKUP_IRQHandler                   0x080001bb   Thumb Code     0  startup_stm32f40_41xxx.o(.text)
    OTG_HS_EP1_IN_IRQHandler                 0x080001bb   Thumb Code     0  startup_stm32f40_41xxx.o(.text)
    OTG_HS_EP1_OUT_IRQHandler                0x080001bb   Thumb Code     0  startup_stm32f40_41xxx.o(.text)
    OTG_HS_IRQHandler                        0x080001bb   Thumb Code     0  startup_stm32f40_41xxx.o(.text)
    OTG_HS_WKUP_IRQHandler                   0x080001bb   Thumb Code     0  startup_stm32f40_41xxx.o(.text)
    PVD_IRQHandler                           0x080001bb   Thumb Code     0  startup_stm32f40_41xxx.o(.text)
    RCC_IRQHandler                           0x080001bb   Thumb Code     0  startup_stm32f40_41xxx.o(.text)
    RTC_Alarm_IRQHandler                     0x080001bb   Thumb Code     0  startup_stm32f40_41xxx.o(.text)
    RTC_WKUP_IRQHandler                      0x080001bb   Thumb Code     0  startup_stm32f40_41xxx.o(.text)
    SDIO_IRQHandler                          0x080001bb   Thumb Code     0  startup_stm32f40_41xxx.o(.text)
    SPI1_IRQHandler                          0x080001bb   Thumb Code     0  startup_stm32f40_41xxx.o(.text)
    SPI2_IRQHandler                          0x080001bb   Thumb Code     0  startup_stm32f40_41xxx.o(.text)
    SPI3_IRQHandler                          0x080001bb   Thumb Code     0  startup_stm32f40_41xxx.o(.text)
    TAMP_STAMP_IRQHandler                    0x080001bb   Thumb Code     0  startup_stm32f40_41xxx.o(.text)
    TIM1_BRK_TIM9_IRQHandler                 0x080001bb   Thumb Code     0  startup_stm32f40_41xxx.o(.text)
    TIM1_CC_IRQHandler                       0x080001bb   Thumb Code     0  startup_stm32f40_41xxx.o(.text)
    TIM1_TRG_COM_TIM11_IRQHandler            0x080001bb   Thumb Code     0  startup_stm32f40_41xxx.o(.text)
    TIM1_UP_TIM10_IRQHandler                 0x080001bb   Thumb Code     0  startup_stm32f40_41xxx.o(.text)
    TIM2_IRQHandler                          0x080001bb   Thumb Code     0  startup_stm32f40_41xxx.o(.text)
    TIM3_IRQHandler                          0x080001bb   Thumb Code     0  startup_stm32f40_41xxx.o(.text)
    TIM4_IRQHandler                          0x080001bb   Thumb Code     0  startup_stm32f40_41xxx.o(.text)
    TIM5_IRQHandler                          0x080001bb   Thumb Code     0  startup_stm32f40_41xxx.o(.text)
    TIM6_DAC_IRQHandler                      0x080001bb   Thumb Code     0  startup_stm32f40_41xxx.o(.text)
    TIM7_IRQHandler                          0x080001bb   Thumb Code     0  startup_stm32f40_41xxx.o(.text)
    TIM8_BRK_TIM12_IRQHandler                0x080001bb   Thumb Code     0  startup_stm32f40_41xxx.o(.text)
    TIM8_CC_IRQHandler                       0x080001bb   Thumb Code     0  startup_stm32f40_41xxx.o(.text)
    TIM8_TRG_COM_TIM14_IRQHandler            0x080001bb   Thumb Code     0  startup_stm32f40_41xxx.o(.text)
    TIM8_UP_TIM13_IRQHandler                 0x080001bb   Thumb Code     0  startup_stm32f40_41xxx.o(.text)
    UART4_IRQHandler                         0x080001bb   Thumb Code     0  startup_stm32f40_41xxx.o(.text)
    UART5_IRQHandler                         0x080001bb   Thumb Code     0  startup_stm32f40_41xxx.o(.text)
    USART1_IRQHandler                        0x080001bb   Thumb Code     0  startup_stm32f40_41xxx.o(.text)
    USART2_IRQHandler                        0x080001bb   Thumb Code     0  startup_stm32f40_41xxx.o(.text)
    USART3_IRQHandler                        0x080001bb   Thumb Code     0  startup_stm32f40_41xxx.o(.text)
    USART6_IRQHandler                        0x080001bb   Thumb Code     0  startup_stm32f40_41xxx.o(.text)
    WWDG_IRQHandler                          0x080001bb   Thumb Code     0  startup_stm32f40_41xxx.o(.text)
    __aeabi_memcpy                           0x080001c5   Thumb Code    36  memcpya.o(.text)
    __aeabi_memcpy4                          0x080001c5   Thumb Code     0  memcpya.o(.text)
    __aeabi_memcpy8                          0x080001c5   Thumb Code     0  memcpya.o(.text)
    __cpp_initialize__aeabi_                 0x080001e9   Thumb Code    22  cpp_init.o(.text)
    __aeabi_dadd                             0x08000209   Thumb Code   322  dadd.o(.text)
    __aeabi_dsub                             0x0800034b   Thumb Code     6  dadd.o(.text)
    __aeabi_drsub                            0x08000351   Thumb Code     6  dadd.o(.text)
    __aeabi_dmul                             0x08000357   Thumb Code   228  dmul.o(.text)
    __aeabi_ddiv                             0x0800043b   Thumb Code   222  ddiv.o(.text)
    __aeabi_i2d                              0x08000519   Thumb Code    34  dflti.o(.text)
    __aeabi_ui2d                             0x0800053b   Thumb Code    26  dfltui.o(.text)
    __aeabi_d2iz                             0x08000555   Thumb Code    62  dfixi.o(.text)
    __aeabi_f2d                              0x08000593   Thumb Code    38  f2d.o(.text)
    __aeabi_cdcmpeq                          0x080005b9   Thumb Code     0  cdcmple.o(.text)
    __aeabi_cdcmple                          0x080005b9   Thumb Code    38  cdcmple.o(.text)
    __aeabi_cdrcmple                         0x080005e1   Thumb Code    38  cdrcmple.o(.text)
    __aeabi_d2f                              0x08000609   Thumb Code    56  d2f.o(.text)
    __aeabi_llsl                             0x08000641   Thumb Code    30  llshl.o(.text)
    _ll_shift_l                              0x08000641   Thumb Code     0  llshl.o(.text)
    __aeabi_llsr                             0x0800065f   Thumb Code    32  llushr.o(.text)
    _ll_ushift_r                             0x0800065f   Thumb Code     0  llushr.o(.text)
    __aeabi_lasr                             0x0800067f   Thumb Code    36  llsshr.o(.text)
    _ll_sshift_r                             0x0800067f   Thumb Code     0  llsshr.o(.text)
    __I$use$fp                               0x080006a3   Thumb Code     0  iusefp.o(.text)
    _float_round                             0x080006a3   Thumb Code    18  fepilogue.o(.text)
    _float_epilogue                          0x080006b5   Thumb Code    92  fepilogue.o(.text)
    _double_round                            0x08000711   Thumb Code    26  depilogue.o(.text)
    _double_epilogue                         0x0800072b   Thumb Code   156  depilogue.o(.text)
    __scatterload                            0x080007c9   Thumb Code    28  init.o(.text)
    __scatterload_rt2                        0x080007c9   Thumb Code     0  init.o(.text)
    BusFault_Handler                         0x080007ed   Thumb Code     2  stm32f4xx_it.o(i.BusFault_Handler)
    DebugMon_Handler                         0x080007ef   Thumb Code     2  stm32f4xx_it.o(i.DebugMon_Handler)
    ENCL_getValue                            0x080007f1   Thumb Code    26  encoder.o(i.ENCL_getValue)
    ENCR_getValue                            0x0800080d   Thumb Code    24  encoder.o(i.ENCR_getValue)
    EXTI_Init                                0x08000829   Thumb Code   108  stm32f4xx_exti.o(i.EXTI_Init)
    FLASH_EraseSector                        0x08000899   Thumb Code   104  stm32f4xx_flash.o(i.FLASH_EraseSector)
    FLASH_GetStatus                          0x08000905   Thumb Code    56  stm32f4xx_flash.o(i.FLASH_GetStatus)
    FLASH_ProgramWord                        0x08000941   Thumb Code    56  stm32f4xx_flash.o(i.FLASH_ProgramWord)
    FLASH_WaitForLastOperation               0x0800097d   Thumb Code    30  stm32f4xx_flash.o(i.FLASH_WaitForLastOperation)
    GPIO_Init                                0x0800099b   Thumb Code   120  stm32f4xx_gpio.o(i.GPIO_Init)
    GPIO_PinAFConfig                         0x08000a13   Thumb Code    32  stm32f4xx_gpio.o(i.GPIO_PinAFConfig)
    GPIO_ReadInputDataBit                    0x08000a33   Thumb Code    14  stm32f4xx_gpio.o(i.GPIO_ReadInputDataBit)
    GPIO_ResetBits                           0x08000a41   Thumb Code     4  stm32f4xx_gpio.o(i.GPIO_ResetBits)
    GPIO_SetBits                             0x08000a45   Thumb Code     4  stm32f4xx_gpio.o(i.GPIO_SetBits)
    HardFault_Handler                        0x08000a49   Thumb Code     2  stm32f4xx_it.o(i.HardFault_Handler)
    I2C_AcknowledgeConfig                    0x08000a4b   Thumb Code    20  stm32f4xx_i2c.o(i.I2C_AcknowledgeConfig)
    I2C_CheckEvent                           0x08000a5f   Thumb Code    24  stm32f4xx_i2c.o(i.I2C_CheckEvent)
    I2C_Cmd                                  0x08000a77   Thumb Code    20  stm32f4xx_i2c.o(i.I2C_Cmd)
    I2C_DeInit                               0x08000a8d   Thumb Code    56  stm32f4xx_i2c.o(i.I2C_DeInit)
    I2C_GenerateSTART                        0x08000ad1   Thumb Code    20  stm32f4xx_i2c.o(i.I2C_GenerateSTART)
    I2C_GenerateSTOP                         0x08000ae5   Thumb Code    20  stm32f4xx_i2c.o(i.I2C_GenerateSTOP)
    I2C_GetFlagStatus                        0x08000af9   Thumb Code    42  stm32f4xx_i2c.o(i.I2C_GetFlagStatus)
    I2C_Init                                 0x08000b25   Thumb Code   174  stm32f4xx_i2c.o(i.I2C_Init)
    I2C_ReceiveData                          0x08000bdd   Thumb Code     6  stm32f4xx_i2c.o(i.I2C_ReceiveData)
    I2C_Send7bitAddress                      0x08000be3   Thumb Code    16  stm32f4xx_i2c.o(i.I2C_Send7bitAddress)
    I2C_SendData                             0x08000bf3   Thumb Code     4  stm32f4xx_i2c.o(i.I2C_SendData)
    LIS302DL_FilterConfig                    0x08000d3d   Thumb Code    60  stm32f4_discovery_lis302dl.o(i.LIS302DL_FilterConfig)
    LIS302DL_Init                            0x08000d79   Thumb Code    48  stm32f4_discovery_lis302dl.o(i.LIS302DL_Init)
    LIS302DL_Read                            0x08000ec9   Thumb Code    70  stm32f4_discovery_lis302dl.o(i.LIS302DL_Read)
    LIS302DL_ReadACC                         0x08000f15   Thumb Code    94  stm32f4_discovery_lis302dl.o(i.LIS302DL_ReadACC)
    LIS302DL_TIMEOUT_UserCallback            0x08000fd5   Thumb Code    12  main.o(i.LIS302DL_TIMEOUT_UserCallback)
    LIS302DL_Write                           0x08000fe5   Thumb Code    64  stm32f4_discovery_lis302dl.o(i.LIS302DL_Write)
    MemManage_Handler                        0x08001029   Thumb Code     2  stm32f4xx_it.o(i.MemManage_Handler)
    NMI_Handler                              0x0800102b   Thumb Code     2  stm32f4xx_it.o(i.NMI_Handler)
    NVIC_Init                                0x0800102d   Thumb Code    96  misc.o(i.NVIC_Init)
    PendSV_Handler                           0x08001091   Thumb Code     2  stm32f4xx_it.o(i.PendSV_Handler)
    RCC_AHB1PeriphClockCmd                   0x08001095   Thumb Code    18  stm32f4xx_rcc.o(i.RCC_AHB1PeriphClockCmd)
    RCC_APB1PeriphClockCmd                   0x080010ad   Thumb Code    18  stm32f4xx_rcc.o(i.RCC_APB1PeriphClockCmd)
    RCC_APB1PeriphResetCmd                   0x080010c5   Thumb Code    18  stm32f4xx_rcc.o(i.RCC_APB1PeriphResetCmd)
    RCC_APB2PeriphClockCmd                   0x080010dd   Thumb Code    18  stm32f4xx_rcc.o(i.RCC_APB2PeriphClockCmd)
    RCC_APB2PeriphResetCmd                   0x080010f5   Thumb Code    18  stm32f4xx_rcc.o(i.RCC_APB2PeriphResetCmd)
    RCC_GetClocksFreq                        0x0800110d   Thumb Code   132  stm32f4xx_rcc.o(i.RCC_GetClocksFreq)
    SPI_Cmd                                  0x0800119d   Thumb Code    20  stm32f4xx_spi.o(i.SPI_Cmd)
    SPI_I2S_DeInit                           0x080011b1   Thumb Code   108  stm32f4xx_spi.o(i.SPI_I2S_DeInit)
    SPI_I2S_GetFlagStatus                    0x08001235   Thumb Code    14  stm32f4xx_spi.o(i.SPI_I2S_GetFlagStatus)
    SPI_I2S_ReceiveData                      0x08001243   Thumb Code     4  stm32f4xx_spi.o(i.SPI_I2S_ReceiveData)
    SPI_I2S_SendData                         0x08001247   Thumb Code     4  stm32f4xx_spi.o(i.SPI_I2S_SendData)
    SPI_Init                                 0x0800124b   Thumb Code    56  stm32f4xx_spi.o(i.SPI_Init)
    STM32F4_I2C_Init                         0x08001285   Thumb Code   172  stm32f4_i2c.o(i.STM32F4_I2C_Init)
    STM32F4_I2C_readBytes                    0x0800133d   Thumb Code   254  stm32f4_i2c.o(i.STM32F4_I2C_readBytes)
    STM32F4_I2C_writeBytes                   0x08001445   Thumb Code   176  stm32f4_i2c.o(i.STM32F4_I2C_writeBytes)
    STM_EVAL_LEDInit                         0x080014f9   Thumb Code    62  stm32f4_discovery.o(i.STM_EVAL_LEDInit)
    STM_EVAL_LEDOff                          0x08001541   Thumb Code    16  stm32f4_discovery.o(i.STM_EVAL_LEDOff)
    STM_EVAL_LEDToggle                       0x08001559   Thumb Code    20  stm32f4_discovery.o(i.STM_EVAL_LEDToggle)
    STM_EVAL_PBGetState                      0x08001575   Thumb Code    16  stm32f4_discovery.o(i.STM_EVAL_PBGetState)
    STM_EVAL_PBInit                          0x0800158d   Thumb Code   144  stm32f4_discovery.o(i.STM_EVAL_PBInit)
    SVC_Handler                              0x08001625   Thumb Code     2  stm32f4xx_it.o(i.SVC_Handler)
    SYSCFG_EXTILineConfig                    0x08001629   Thumb Code    42  stm32f4xx_syscfg.o(i.SYSCFG_EXTILineConfig)
    SysTick_Handler                          0x0800170d   Thumb Code    38  stm32f4xx_it.o(i.SysTick_Handler)
    SystemInit                               0x08001745   Thumb Code    74  system_stm32f4xx.o(i.SystemInit)
    TIM_ARRPreloadConfig                     0x080017a1   Thumb Code    20  stm32f4xx_tim.o(i.TIM_ARRPreloadConfig)
    TIM_CCxCmd                               0x080017b5   Thumb Code    22  stm32f4xx_tim.o(i.TIM_CCxCmd)
    TIM_Cmd                                  0x080017cb   Thumb Code    20  stm32f4xx_tim.o(i.TIM_Cmd)
    TIM_GetCounter                           0x080017df   Thumb Code     4  stm32f4xx_tim.o(i.TIM_GetCounter)
    TIM_OC3Init                              0x080017e5   Thumb Code   116  stm32f4xx_tim.o(i.TIM_OC3Init)
    TIM_OC3PreloadConfig                     0x08001861   Thumb Code    12  stm32f4xx_tim.o(i.TIM_OC3PreloadConfig)
    TIM_OC4Init                              0x0800186d   Thumb Code    88  stm32f4xx_tim.o(i.TIM_OC4Init)
    TIM_OC4PreloadConfig                     0x080018cd   Thumb Code    20  stm32f4xx_tim.o(i.TIM_OC4PreloadConfig)
    TIM_SetCompare3                          0x080018e1   Thumb Code     4  stm32f4xx_tim.o(i.TIM_SetCompare3)
    TIM_SetCompare4                          0x080018e5   Thumb Code     4  stm32f4xx_tim.o(i.TIM_SetCompare4)
    TIM_SetCounter                           0x080018e9   Thumb Code     4  stm32f4xx_tim.o(i.TIM_SetCounter)
    TIM_TimeBaseInit                         0x080018ed   Thumb Code    96  stm32f4xx_tim.o(i.TIM_TimeBaseInit)
    UsageFault_Handler                       0x08001969   Thumb Code     2  stm32f4xx_it.o(i.UsageFault_Handler)
    TIM_Config()                             0x0800196d   Thumb Code   240  motordriver.o(i._Z10TIM_Configv)
    Fail_Handler()                           0x08001a71   Thumb Code    32  main.o(i._Z12Fail_Handlerv)
    TimeOutProcess()                         0x08001a95   Thumb Code     6  main.o(i._Z14TimeOutProcessv)
    PID::Initialize()                        0x08001a9b   Thumb Code    80  pid_v1.o(i._ZN3PID10InitializeEv)
    PID::SetTunings(double, double, double)  0x08001aed   Thumb Code   212  pid_v1.o(i._ZN3PID10SetTuningsEddd)
    PID::parameters(double*, double*, double*, double, double, double, int) 0x08001bd1   Thumb Code   120  pid_v1.o(i._ZN3PID10parametersEPdS0_S0_dddi)
    PID::SetSampleTime(int)                  0x08001c59   Thumb Code    88  pid_v1.o(i._ZN3PID13SetSampleTimeEi)
    PID::SetOutputLimits(double, double)     0x08001cb1   Thumb Code   178  pid_v1.o(i._ZN3PID15SetOutputLimitsEdd)
    PID::SetControllerDirection(int)         0x08001d63   Thumb Code    70  pid_v1.o(i._ZN3PID22SetControllerDirectionEi)
    PID::Compute()                           0x08001da9   Thumb Code   296  pid_v1.o(i._ZN3PID7ComputeEv)
    PID::SetMode(int)                        0x08001ed1   Thumb Code    42  pid_v1.o(i._ZN3PID7SetModeEi)
    PID::PID()                               0x08001efb   Thumb Code     2  pid_v1.o(i._ZN3PIDC1Ev)
    PID::PID__sub_object()                   0x08001efb   Thumb Code     0  pid_v1.o(i._ZN3PIDC1Ev)
    Motor::registerControl(void(*)(int), short(*)()) 0x08001efd   Thumb Code     6  motor.o(i._ZN5Motor15registerControlEPFYviEPFYsvE)
    Motor::run(int)                          0x08001f03   Thumb Code    32  motor.o(i._ZN5Motor3runEi)
    Motor::ping()                            0x08001f25   Thumb Code   128  motor.o(i._ZN5Motor4pingEv)
    Motor::Motor()                           0x08001fad   Thumb Code   132  motor.o(i._ZN5MotorC1Ev)
    Motor::Motor__sub_object()               0x08001fad   Thumb Code     0  motor.o(i._ZN5MotorC1Ev)
    I2Cdev::writeBytes(unsigned char, unsigned char, unsigned char, unsigned char*) 0x08002041   Thumb Code    32  i2cdev.o(i._ZN6I2Cdev10writeBytesEhhhPh)
    I2Cdev::Init()                           0x08002065   Thumb Code     4  i2cdev.o(i._ZN6I2Cdev4InitEv)
    I2Cdev::readBits(unsigned char, unsigned char, unsigned char, unsigned char, unsigned char*, unsigned short) 0x08002069   Thumb Code    54  i2cdev.o(i._ZN6I2Cdev8readBitsEhhhhPht)
    I2Cdev::readByte(unsigned char, unsigned char, unsigned char*, unsigned short) 0x0800209f   Thumb Code    14  i2cdev.o(i._ZN6I2Cdev8readByteEhhPht)
    I2Cdev::writeBit(unsigned char, unsigned char, unsigned char, unsigned char) 0x080020ad   Thumb Code    54  i2cdev.o(i._ZN6I2Cdev8writeBitEhhhh)
    I2Cdev::readBytes(unsigned char, unsigned char, unsigned char, unsigned char*, unsigned short) 0x080020e9   Thumb Code    40  i2cdev.o(i._ZN6I2Cdev9readBytesEhhhPht)
    I2Cdev::writeBits(unsigned char, unsigned char, unsigned char, unsigned char, unsigned char) 0x08002111   Thumb Code    74  i2cdev.o(i._ZN6I2Cdev9writeBitsEhhhhh)
    I2Cdev::writeByte(unsigned char, unsigned char, unsigned char) 0x08002161   Thumb Code    12  i2cdev.o(i._ZN6I2Cdev9writeByteEhhh)
    Kalman::getAngle(double, double, double) 0x0800216d   Thumb Code   498  main.o(i._ZN6Kalman8getAngleEddd)
    MPU6050::getMotion6(short*, short*, short*, short*, short*, short*) 0x08002361   Thumb Code    84  mpu6050.o(i._ZN7MPU605010getMotion6EPsS0_S0_S0_S0_S0_)
    MPU6050::initialize()                    0x080023b9   Thumb Code    38  mpu6050.o(i._ZN7MPU605010initializeEv)
    MPU6050::getDeviceID()                   0x080023e1   Thumb Code    30  mpu6050.o(i._ZN7MPU605011getDeviceIDEv)
    MPU6050::setClockSource(unsigned char)   0x08002405   Thumb Code    18  mpu6050.o(i._ZN7MPU605014setClockSourceEh)
    MPU6050::testConnection()                0x08002417   Thumb Code    18  mpu6050.o(i._ZN7MPU605014testConnectionEv)
    MPU6050::setSleepEnabled(bool)           0x08002429   Thumb Code    12  mpu6050.o(i._ZN7MPU605015setSleepEnabledEb)
    MPU6050::setFullScaleGyroRange(unsigned char) 0x08002435   Thumb Code    18  mpu6050.o(i._ZN7MPU605021setFullScaleGyroRangeEh)
    MPU6050::setFullScaleAccelRange(unsigned char) 0x08002447   Thumb Code    18  mpu6050.o(i._ZN7MPU605022setFullScaleAccelRangeEh)
    MPU6050::MPU6050()                       0x08002459   Thumb Code    16  mpu6050.o(i._ZN7MPU6050C1Ev)
    MPU6050::MPU6050__sub_object()           0x08002459   Thumb Code     0  mpu6050.o(i._ZN7MPU6050C1Ev)
    __ARM_fpclassifyf                        0x08002469   Thumb Code    38  fpclassifyf.o(i.__ARM_fpclassifyf)
    __hardfp_atanf                           0x08002491   Thumb Code   290  atanf.o(i.__hardfp_atanf)
    __hardfp_sqrtf                           0x080025ed   Thumb Code    58  sqrtf.o(i.__hardfp_sqrtf)
    __hardfp_tanf                            0x08002629   Thumb Code   314  tanf.o(i.__hardfp_tanf)
    __mathlib_flt_underflow                  0x080027a1   Thumb Code    10  funder.o(i.__mathlib_flt_underflow)
    __mathlib_rredf2                         0x080027b1   Thumb Code   296  rredf.o(i.__mathlib_rredf2)
    __scatterload_copy                       0x080028f1   Thumb Code    14  handlers.o(i.__scatterload_copy)
    __scatterload_null                       0x080028ff   Thumb Code     2  handlers.o(i.__scatterload_null)
    __scatterload_zeroinit                   0x08002901   Thumb Code    14  handlers.o(i.__scatterload_zeroinit)
    __set_errno                              0x08002911   Thumb Code     6  errno.o(i.__set_errno)
    _delay_ms                                0x080029c5   Thumb Code    12  delay.o(i._delay_ms)
    delay_init                               0x080029d5   Thumb Code    52  delay.o(i.delay_init)
    delay_routine                            0x08002a0d   Thumb Code    20  delay.o(i.delay_routine)
    main                                     0x08002a25   Thumb Code   932  main.o(i.main)
    millis                                   0x08002e3d   Thumb Code     6  delay.o(i.millis)
    motor_init                               0x08002e49   Thumb Code     4  motordriver.o(i.motor_init)
    motor_left_pwm                           0x08002e4d   Thumb Code    44  motordriver.o(i.motor_left_pwm)
    motor_right_pwm                          0x08002e81   Thumb Code    44  motordriver.o(i.motor_right_pwm)
    BUTTON_PORT_SOURCE                       0x08002eb4   Data           1  stm32f4_discovery.o(.constdata)
    BUTTON_PIN_SOURCE                        0x08002eb5   Data           1  stm32f4_discovery.o(.constdata)
    BUTTON_IRQn                              0x08002eb6   Data           1  stm32f4_discovery.o(.constdata)
    BUTTON_PIN                               0x08002eb8   Data           2  stm32f4_discovery.o(.constdata)
    BUTTON_EXTI_LINE                         0x08002eba   Data           2  stm32f4_discovery.o(.constdata)
    BUTTON_CLK                               0x08002ebc   Data           4  stm32f4_discovery.o(.constdata)
    GPIO_PIN                                 0x08002ec0   Data           8  stm32f4_discovery.o(.constdata)
    GPIO_CLK                                 0x08002ec8   Data          16  stm32f4_discovery.o(.constdata)
    Region$$Table$$Base                      0x08002ef8   Number         0  anon$$obj.o(Region$$Table)
    Region$$Table$$Limit                     0x08002f18   Number         0  anon$$obj.o(Region$$Table)
    SHT$$INIT_ARRAY$$Base                    0x08002f18   Number         0  main.o(.init_array)
    SHT$$INIT_ARRAY$$Limit                   0x08002f1c   Number         0  cpp_init.o(.init_array)
    DemoEnterCondition                       0x20000000   Data           1  main.o(.data)
    g_pidEnable                              0x20000001   Data           1  main.o(.data)
    ConnectionOK                             0x20000002   Data           1  main.o(.data)
    ax                                       0x20000004   Data           2  main.o(.data)
    ay                                       0x20000006   Data           2  main.o(.data)
    az                                       0x20000008   Data           2  main.o(.data)
    gx                                       0x2000000a   Data           2  main.o(.data)
    gy                                       0x2000000c   Data           2  main.o(.data)
    gz                                       0x2000000e   Data           2  main.o(.data)
    LIS302DL_FilterStruct                    0x20000010   Data           3  main.o(.data)
    LIS302DL_InitStruct                      0x20000013   Data           5  main.o(.data)
    roll                                     0x20000018   Data           8  main.o(.data)
    rollAjust                                0x20000020   Data           8  main.o(.data)
    kAngle                                   0x20000028   Data           8  main.o(.data)
    Bal_PWM                                  0x20000030   Data           8  main.o(.data)
    Bal_Setpoint                             0x20000038   Data           8  main.o(.data)
    Bal_PWM_IN                               0x20000040   Data           8  main.o(.data)
    delayCounter                             0x20000048   Data           4  delay.o(.data)
    millisCounter                            0x2000004c   Data           4  delay.o(.data)
    I2Cdev::readTimeout                      0x20000050   Data           2  i2cdev.o(.data)
    BUTTON_PORT                              0x20000054   Data           4  stm32f4_discovery.o(.data)
    GPIO_PORT                                0x20000058   Data          16  stm32f4_discovery.o(.data)
    LIS302DLTimeout                          0x20000068   Data           4  stm32f4_discovery_lis302dl.o(.data)
    SystemCoreClock                          0x2000007c   Data           4  system_stm32f4xx.o(.data)
    AHBPrescTable                            0x20000080   Data          16  system_stm32f4xx.o(.data)
    motorL                                   0x20000098   Data         200  main.o(.bss)
    motorR                                   0x20000160   Data         200  main.o(.bss)
    Bal_pid                                  0x20000228   Data         120  main.o(.bss)
    Buffer                                   0x200002a0   Data          24  main.o(.bss)
    kRoll                                    0x200002b8   Data         112  main.o(.bss)
    accelgyro                                0x20000328   Data          15  main.o(.bss)
    abf                                      0x20000338   Data          56  main.o(.bss)
    __initial_sp                             0x20000770   Data           0  startup_stm32f40_41xxx.o(STACK)



==============================================================================

Memory Map of the image

  Image Entry point : 0x08000189

  Load Region LR_IROM1 (Base: 0x08000000, Size: 0x00002fb0, Max: 0x00100000, ABSOLUTE)

    Execution Region ER_IROM1 (Base: 0x08000000, Size: 0x00002f1c, Max: 0x00100000, ABSOLUTE)

    Base Addr    Size         Type   Attr      Idx    E Section Name        Object

    0x08000000   0x00000188   Data   RO         4367    RESET               startup_stm32f40_41xxx.o
    0x08000188   0x00000000   Code   RO         4699  * .ARM.Collect$$$$00000000  mc_w.l(entry.o)
    0x08000188   0x00000004   Code   RO         4740    .ARM.Collect$$$$00000001  mc_w.l(entry2.o)
    0x0800018c   0x00000004   Code   RO         4743    .ARM.Collect$$$$00000004  mc_w.l(entry5.o)
    0x08000190   0x00000000   Code   RO         4745    .ARM.Collect$$$$00000008  mc_w.l(entry7b.o)
    0x08000190   0x00000004   Code   RO         4746    .ARM.Collect$$$$00000009  mc_w.l(entry8a.o)
    0x08000194   0x00000000   Code   RO         4747    .ARM.Collect$$$$0000000A  mc_w.l(entry8b.o)
    0x08000194   0x00000008   Code   RO         4748    .ARM.Collect$$$$0000000B  mc_w.l(entry9a.o)
    0x0800019c   0x00000000   Code   RO         4750    .ARM.Collect$$$$0000000D  mc_w.l(entry10a.o)
    0x0800019c   0x00000000   Code   RO         4752    .ARM.Collect$$$$0000000F  mc_w.l(entry11a.o)
    0x0800019c   0x00000004   Code   RO         4741    .ARM.Collect$$$$00002712  mc_w.l(entry2.o)
    0x080001a0   0x00000024   Code   RO         4368    .text               startup_stm32f40_41xxx.o
    0x080001c4   0x00000024   Code   RO         4702    .text               mc_w.l(memcpya.o)
    0x080001e8   0x00000020   Code   RO         4709    .text               mc_w.l(cpp_init.o)
    0x08000208   0x0000014e   Code   RO         4711    .text               mf_w.l(dadd.o)
    0x08000356   0x000000e4   Code   RO         4713    .text               mf_w.l(dmul.o)
    0x0800043a   0x000000de   Code   RO         4715    .text               mf_w.l(ddiv.o)
    0x08000518   0x00000022   Code   RO         4719    .text               mf_w.l(dflti.o)
    0x0800053a   0x0000001a   Code   RO         4721    .text               mf_w.l(dfltui.o)
    0x08000554   0x0000003e   Code   RO         4723    .text               mf_w.l(dfixi.o)
    0x08000592   0x00000026   Code   RO         4725    .text               mf_w.l(f2d.o)
    0x080005b8   0x00000028   Code   RO         4727    .text               mf_w.l(cdcmple.o)
    0x080005e0   0x00000028   Code   RO         4729    .text               mf_w.l(cdrcmple.o)
    0x08000608   0x00000038   Code   RO         4731    .text               mf_w.l(d2f.o)
    0x08000640   0x0000001e   Code   RO         4754    .text               mc_w.l(llshl.o)
    0x0800065e   0x00000020   Code   RO         4756    .text               mc_w.l(llushr.o)
    0x0800067e   0x00000024   Code   RO         4758    .text               mc_w.l(llsshr.o)
    0x080006a2   0x00000000   Code   RO         4767    .text               mc_w.l(iusefp.o)
    0x080006a2   0x0000006e   Code   RO         4768    .text               mf_w.l(fepilogue.o)
    0x08000710   0x000000b6   Code   RO         4770    .text               mf_w.l(depilogue.o)
    0x080007c6   0x00000002   PAD
    0x080007c8   0x00000024   Code   RO         4772    .text               mc_w.l(init.o)
    0x080007ec   0x00000002   Code   RO          369    i.BusFault_Handler  stm32f4xx_it.o
    0x080007ee   0x00000002   Code   RO          370    i.DebugMon_Handler  stm32f4xx_it.o
    0x080007f0   0x0000001a   Code   RO          460    i.ENCL_getValue     encoder.o
    0x0800080a   0x00000002   PAD
    0x0800080c   0x0000001c   Code   RO          461    i.ENCR_getValue     encoder.o
    0x08000828   0x00000070   Code   RO         2706    i.EXTI_Init         stm32f4xx_exti.o
    0x08000898   0x0000006c   Code   RO         4417    i.FLASH_EraseSector  stm32f4xx_flash.o
    0x08000904   0x0000003c   Code   RO         4419    i.FLASH_GetStatus   stm32f4xx_flash.o
    0x08000940   0x0000003c   Code   RO         4447    i.FLASH_ProgramWord  stm32f4xx_flash.o
    0x0800097c   0x0000001e   Code   RO         4450    i.FLASH_WaitForLastOperation  stm32f4xx_flash.o
    0x0800099a   0x00000078   Code   RO         2763    i.GPIO_Init         stm32f4xx_gpio.o
    0x08000a12   0x00000020   Code   RO         2764    i.GPIO_PinAFConfig  stm32f4xx_gpio.o
    0x08000a32   0x0000000e   Code   RO         2767    i.GPIO_ReadInputDataBit  stm32f4xx_gpio.o
    0x08000a40   0x00000004   Code   RO         2770    i.GPIO_ResetBits    stm32f4xx_gpio.o
    0x08000a44   0x00000004   Code   RO         2771    i.GPIO_SetBits      stm32f4xx_gpio.o
    0x08000a48   0x00000002   Code   RO          371    i.HardFault_Handler  stm32f4xx_it.o
    0x08000a4a   0x00000014   Code   RO         2861    i.I2C_AcknowledgeConfig  stm32f4xx_i2c.o
    0x08000a5e   0x00000018   Code   RO         2864    i.I2C_CheckEvent    stm32f4xx_i2c.o
    0x08000a76   0x00000014   Code   RO         2867    i.I2C_Cmd           stm32f4xx_i2c.o
    0x08000a8a   0x00000002   PAD
    0x08000a8c   0x00000044   Code   RO         2870    i.I2C_DeInit        stm32f4xx_i2c.o
    0x08000ad0   0x00000014   Code   RO         2875    i.I2C_GenerateSTART  stm32f4xx_i2c.o
    0x08000ae4   0x00000014   Code   RO         2876    i.I2C_GenerateSTOP  stm32f4xx_i2c.o
    0x08000af8   0x0000002a   Code   RO         2877    i.I2C_GetFlagStatus  stm32f4xx_i2c.o
    0x08000b22   0x00000002   PAD
    0x08000b24   0x000000b8   Code   RO         2882    i.I2C_Init          stm32f4xx_i2c.o
    0x08000bdc   0x00000006   Code   RO         2887    i.I2C_ReceiveData   stm32f4xx_i2c.o
    0x08000be2   0x00000010   Code   RO         2889    i.I2C_Send7bitAddress  stm32f4xx_i2c.o
    0x08000bf2   0x00000004   Code   RO         2890    i.I2C_SendData      stm32f4xx_i2c.o
    0x08000bf6   0x00000002   PAD
    0x08000bf8   0x00000050   Code   RO         2002    i.I2C_read_nack     stm32f4_i2c.o
    0x08000c48   0x000000ac   Code   RO         2003    i.I2C_start         stm32f4_i2c.o
    0x08000cf4   0x00000006   Code   RO         2004    i.I2C_stop          stm32f4_i2c.o
    0x08000cfa   0x00000002   PAD
    0x08000cfc   0x00000040   Code   RO         2005    i.I2C_write         stm32f4_i2c.o
    0x08000d3c   0x0000003c   Code   RO         2197    i.LIS302DL_FilterConfig  stm32f4_discovery_lis302dl.o
    0x08000d78   0x00000030   Code   RO         2199    i.LIS302DL_Init     stm32f4_discovery_lis302dl.o
    0x08000da8   0x00000120   Code   RO         2201    i.LIS302DL_LowLevel_Init  stm32f4_discovery_lis302dl.o
    0x08000ec8   0x0000004c   Code   RO         2203    i.LIS302DL_Read     stm32f4_discovery_lis302dl.o
    0x08000f14   0x0000005e   Code   RO         2204    i.LIS302DL_ReadACC  stm32f4_discovery_lis302dl.o
    0x08000f72   0x00000002   PAD
    0x08000f74   0x00000060   Code   RO         2206    i.LIS302DL_SendByte  stm32f4_discovery_lis302dl.o
    0x08000fd4   0x00000010   Code   RO            3    i.LIS302DL_TIMEOUT_UserCallback  main.o
    0x08000fe4   0x00000044   Code   RO         2207    i.LIS302DL_Write    stm32f4_discovery_lis302dl.o
    0x08001028   0x00000002   Code   RO          372    i.MemManage_Handler  stm32f4xx_it.o
    0x0800102a   0x00000002   Code   RO          373    i.NMI_Handler       stm32f4xx_it.o
    0x0800102c   0x00000064   Code   RO         2286    i.NVIC_Init         misc.o
    0x08001090   0x00000002   Code   RO          374    i.PendSV_Handler    stm32f4xx_it.o
    0x08001092   0x00000002   PAD
    0x08001094   0x00000018   Code   RO         3084    i.RCC_AHB1PeriphClockCmd  stm32f4xx_rcc.o
    0x080010ac   0x00000018   Code   RO         3093    i.RCC_APB1PeriphClockCmd  stm32f4xx_rcc.o
    0x080010c4   0x00000018   Code   RO         3095    i.RCC_APB1PeriphResetCmd  stm32f4xx_rcc.o
    0x080010dc   0x00000018   Code   RO         3096    i.RCC_APB2PeriphClockCmd  stm32f4xx_rcc.o
    0x080010f4   0x00000018   Code   RO         3098    i.RCC_APB2PeriphResetCmd  stm32f4xx_rcc.o
    0x0800110c   0x00000090   Code   RO         3105    i.RCC_GetClocksFreq  stm32f4xx_rcc.o
    0x0800119c   0x00000014   Code   RO         3418    i.SPI_Cmd           stm32f4xx_spi.o
    0x080011b0   0x00000084   Code   RO         3425    i.SPI_I2S_DeInit    stm32f4xx_spi.o
    0x08001234   0x0000000e   Code   RO         3426    i.SPI_I2S_GetFlagStatus  stm32f4xx_spi.o
    0x08001242   0x00000004   Code   RO         3429    i.SPI_I2S_ReceiveData  stm32f4xx_spi.o
    0x08001246   0x00000004   Code   RO         3430    i.SPI_I2S_SendData  stm32f4xx_spi.o
    0x0800124a   0x00000038   Code   RO         3431    i.SPI_Init          stm32f4xx_spi.o
    0x08001282   0x00000002   PAD
    0x08001284   0x000000b8   Code   RO         2006    i.STM32F4_I2C_Init  stm32f4_i2c.o
    0x0800133c   0x00000108   Code   RO         2007    i.STM32F4_I2C_readBytes  stm32f4_i2c.o
    0x08001444   0x000000b4   Code   RO         2008    i.STM32F4_I2C_writeBytes  stm32f4_i2c.o
    0x080014f8   0x00000048   Code   RO         2138    i.STM_EVAL_LEDInit  stm32f4_discovery.o
    0x08001540   0x00000018   Code   RO         2139    i.STM_EVAL_LEDOff   stm32f4_discovery.o
    0x08001558   0x0000001c   Code   RO         2141    i.STM_EVAL_LEDToggle  stm32f4_discovery.o
    0x08001574   0x00000018   Code   RO         2142    i.STM_EVAL_PBGetState  stm32f4_discovery.o
    0x0800158c   0x00000098   Code   RO         2143    i.STM_EVAL_PBInit   stm32f4_discovery.o
    0x08001624   0x00000002   Code   RO          375    i.SVC_Handler       stm32f4xx_it.o
    0x08001626   0x00000002   PAD
    0x08001628   0x00000030   Code   RO         3579    i.SYSCFG_EXTILineConfig  stm32f4xx_syscfg.o
    0x08001658   0x000000b4   Code   RO         4374    i.SetSysClock       system_stm32f4xx.o
    0x0800170c   0x00000038   Code   RO          376    i.SysTick_Handler   stm32f4xx_it.o
    0x08001744   0x0000005c   Code   RO         4376    i.SystemInit        system_stm32f4xx.o
    0x080017a0   0x00000014   Code   RO         3634    i.TIM_ARRPreloadConfig  stm32f4xx_tim.o
    0x080017b4   0x00000016   Code   RO         3638    i.TIM_CCxCmd        stm32f4xx_tim.o
    0x080017ca   0x00000014   Code   RO         3646    i.TIM_Cmd           stm32f4xx_tim.o
    0x080017de   0x00000004   Code   RO         3665    i.TIM_GetCounter    stm32f4xx_tim.o
    0x080017e2   0x00000002   PAD
    0x080017e4   0x0000007c   Code   RO         3685    i.TIM_OC3Init       stm32f4xx_tim.o
    0x08001860   0x0000000c   Code   RO         3688    i.TIM_OC3PreloadConfig  stm32f4xx_tim.o
    0x0800186c   0x00000060   Code   RO         3690    i.TIM_OC4Init       stm32f4xx_tim.o
    0x080018cc   0x00000014   Code   RO         3692    i.TIM_OC4PreloadConfig  stm32f4xx_tim.o
    0x080018e0   0x00000004   Code   RO         3710    i.TIM_SetCompare3   stm32f4xx_tim.o
    0x080018e4   0x00000004   Code   RO         3711    i.TIM_SetCompare4   stm32f4xx_tim.o
    0x080018e8   0x00000004   Code   RO         3712    i.TIM_SetCounter    stm32f4xx_tim.o
    0x080018ec   0x0000007c   Code   RO         3718    i.TIM_TimeBaseInit  stm32f4xx_tim.o
    0x08001968   0x00000002   Code   RO          377    i.UsageFault_Handler  stm32f4xx_it.o
    0x0800196a   0x00000002   PAD
    0x0800196c   0x00000104   Code   RO          194    i._Z10TIM_Configv   motordriver.o
    0x08001a70   0x00000024   Code   RO            4    i._Z12Fail_Handlerv  main.o
    0x08001a94   0x00000006   Code   RO            5    i._Z14TimeOutProcessv  main.o
    0x08001a9a   0x00000050   Code   RO          502    i._ZN3PID10InitializeEv  pid_v1.o
    0x08001aea   0x00000002   PAD
    0x08001aec   0x000000e4   Code   RO          503    i._ZN3PID10SetTuningsEddd  pid_v1.o
    0x08001bd0   0x00000088   Code   RO          504    i._ZN3PID10parametersEPdS0_S0_dddi  pid_v1.o
    0x08001c58   0x00000058   Code   RO          506    i._ZN3PID13SetSampleTimeEi  pid_v1.o
    0x08001cb0   0x000000b2   Code   RO          507    i._ZN3PID15SetOutputLimitsEdd  pid_v1.o
    0x08001d62   0x00000046   Code   RO          508    i._ZN3PID22SetControllerDirectionEi  pid_v1.o
    0x08001da8   0x00000128   Code   RO          512    i._ZN3PID7ComputeEv  pid_v1.o
    0x08001ed0   0x0000002a   Code   RO          514    i._ZN3PID7SetModeEi  pid_v1.o
    0x08001efa   0x00000002   Code   RO          515    i._ZN3PIDC1Ev       pid_v1.o
    0x08001efc   0x00000006   Code   RO          251    i._ZN5Motor15registerControlEPFYviEPFYsvE  motor.o
    0x08001f02   0x00000020   Code   RO          252    i._ZN5Motor3runEi   motor.o
    0x08001f22   0x00000002   PAD
    0x08001f24   0x00000088   Code   RO          255    i._ZN5Motor4pingEv  motor.o
    0x08001fac   0x00000094   Code   RO          256    i._ZN5MotorC1Ev     motor.o
    0x08002040   0x00000024   Code   RO          601    i._ZN6I2Cdev10writeBytesEhhhPh  i2cdev.o
    0x08002064   0x00000004   Code   RO          603    i._ZN6I2Cdev4InitEv  i2cdev.o
    0x08002068   0x00000036   Code   RO          606    i._ZN6I2Cdev8readBitsEhhhhPht  i2cdev.o
    0x0800209e   0x0000000e   Code   RO          607    i._ZN6I2Cdev8readByteEhhPht  i2cdev.o
    0x080020ac   0x0000003c   Code   RO          609    i._ZN6I2Cdev8writeBitEhhhh  i2cdev.o
    0x080020e8   0x00000028   Code   RO          611    i._ZN6I2Cdev9readBytesEhhhPht  i2cdev.o
    0x08002110   0x00000050   Code   RO          614    i._ZN6I2Cdev9writeBitsEhhhhh  i2cdev.o
    0x08002160   0x0000000c   Code   RO          615    i._ZN6I2Cdev9writeByteEhhh  i2cdev.o
    0x0800216c   0x000001f2   Code   RO           58    i._ZN6Kalman8getAngleEddd  main.o
    0x0800235e   0x00000002   PAD
    0x08002360   0x00000058   Code   RO          767    i._ZN7MPU605010getMotion6EPsS0_S0_S0_S0_S0_  mpu6050.o
    0x080023b8   0x00000026   Code   RO          769    i._ZN7MPU605010initializeEv  mpu6050.o
    0x080023de   0x00000002   PAD
    0x080023e0   0x00000024   Code   RO          772    i._ZN7MPU605011getDeviceIDEv  mpu6050.o
    0x08002404   0x00000012   Code   RO          793    i._ZN7MPU605014setClockSourceEh  mpu6050.o
    0x08002416   0x00000012   Code   RO          795    i._ZN7MPU605014testConnectionEv  mpu6050.o
    0x08002428   0x0000000c   Code   RO          803    i._ZN7MPU605015setSleepEnabledEb  mpu6050.o
    0x08002434   0x00000012   Code   RO          899    i._ZN7MPU605021setFullScaleGyroRangeEh  mpu6050.o
    0x08002446   0x00000012   Code   RO          914    i._ZN7MPU605022setFullScaleAccelRangeEh  mpu6050.o
    0x08002458   0x00000010   Code   RO          969    i._ZN7MPU6050C1Ev   mpu6050.o
    0x08002468   0x00000026   Code   RO         4733    i.__ARM_fpclassifyf  m_wm.l(fpclassifyf.o)
    0x0800248e   0x00000002   PAD
    0x08002490   0x0000015c   Code   RO         4663    i.__hardfp_atanf    m_wm.l(atanf.o)
    0x080025ec   0x0000003a   Code   RO         4675    i.__hardfp_sqrtf    m_wm.l(sqrtf.o)
    0x08002626   0x00000002   PAD
    0x08002628   0x00000178   Code   RO         4687    i.__hardfp_tanf     m_wm.l(tanf.o)
    0x080027a0   0x00000010   Code   RO         4735    i.__mathlib_flt_underflow  m_wm.l(funder.o)
    0x080027b0   0x00000140   Code   RO         4737    i.__mathlib_rredf2  m_wm.l(rredf.o)
    0x080028f0   0x0000000e   Code   RO         4776    i.__scatterload_copy  mc_w.l(handlers.o)
    0x080028fe   0x00000002   Code   RO         4777    i.__scatterload_null  mc_w.l(handlers.o)
    0x08002900   0x0000000e   Code   RO         4778    i.__scatterload_zeroinit  mc_w.l(handlers.o)
    0x0800290e   0x00000002   PAD
    0x08002910   0x0000000c   Code   RO         4762    i.__set_errno       mc_w.l(errno.o)
    0x0800291c   0x000000a8   Code   RO            6    i.__sti___8_main_cpp_241f1e20  main.o
    0x080029c4   0x00000010   Code   RO          306    i._delay_ms         delay.o
    0x080029d4   0x00000038   Code   RO          308    i.delay_init        delay.o
    0x08002a0c   0x00000018   Code   RO          309    i.delay_routine     delay.o
    0x08002a24   0x00000418   Code   RO            7    i.main              main.o
    0x08002e3c   0x0000000c   Code   RO          310    i.millis            delay.o
    0x08002e48   0x00000004   Code   RO          195    i.motor_init        motordriver.o
    0x08002e4c   0x00000034   Code   RO          196    i.motor_left_pwm    motordriver.o
    0x08002e80   0x00000034   Code   RO          198    i.motor_right_pwm   motordriver.o
    0x08002eb4   0x00000024   Data   RO         2144    .constdata          stm32f4_discovery.o
    0x08002ed8   0x00000020   Data   RO         4738    .constdata          m_wm.l(rredf.o)
    0x08002ef8   0x00000020   Data   RO         4774    Region$$Table       anon$$obj.o
    0x08002f18   0x00000004   Data   RO           25    .init_array         main.o
    0x08002f1c   0x00000000   Data   RO         4707    .init_array         mc_w.l(cpp_init.o)


    Execution Region RW_IRAM1 (Base: 0x20000000, Size: 0x00000770, Max: 0x00020000, ABSOLUTE)

    Base Addr    Size         Type   Attr      Idx    E Section Name        Object

    0x20000000   0x00000048   Data   RW           15    .data               main.o
    0x20000048   0x00000008   Data   RW          318    .data               delay.o
    0x20000050   0x00000002   Data   RW          636    .data               i2cdev.o
    0x20000052   0x00000002   PAD
    0x20000054   0x00000014   Data   RW         2145    .data               stm32f4_discovery.o
    0x20000068   0x00000004   Data   RW         2208    .data               stm32f4_discovery_lis302dl.o
    0x2000006c   0x00000010   Data   RW         3136    .data               stm32f4xx_rcc.o
    0x2000007c   0x00000014   Data   RW         4377    .data               system_stm32f4xx.o
    0x20000090   0x00000004   Data   RW         4763    .data               mc_w.l(errno.o)
    0x20000094   0x00000004   PAD
    0x20000098   0x000002d8   Zero   RW           13    .bss                main.o
    0x20000370   0x00000400   Zero   RW         4365    STACK               startup_stm32f40_41xxx.o


==============================================================================

Image component sizes


      Code (inc. data)   RO Data    RW Data    ZI Data      Debug   Object Name

       108         18          0          8          0      28946   delay.o
        54          4          0          0          0       1036   encoder.o
       300         16          0          2          0       7332   i2cdev.o
      1772        168          4         72        728     324307   main.o
       100          4          0          0          0       1116   misc.o
       322         24          0          0          0       2060   motor.o
       368         36          0          0          0       2365   motordriver.o
       262         10          0          0          0      23416   mpu6050.o
      1120         32          0          0          0       5172   pid_v1.o
        36          8        392          0       1024        868   startup_stm32f40_41xxx.o
       300         42         36         20          0       5375   stm32f4_discovery.o
       730         30          0          4          0      10922   stm32f4_discovery_lis302dl.o
       950         44          0          0          0     326992   stm32f4_i2c.o
       112          4          0          0          0       1140   stm32f4xx_exti.o
       258         12          0          0          0       3351   stm32f4xx_flash.o
       174          0          0          0          0       3655   stm32f4xx_gpio.o
       424         22          0          0          0       7581   stm32f4xx_i2c.o
        72         18          0          0          0       4138   stm32f4xx_it.o
       264         42          0         16          0       6137   stm32f4xx_rcc.o
       230         24          0          0          0       4459   stm32f4xx_spi.o
        48          6          0          0          0        668   stm32f4xx_syscfg.o
       454         44          0          0          0       9180   stm32f4xx_tim.o
       272         36          0         20          0       1989   system_stm32f4xx.o

    ----------------------------------------------------------------------
      8760        644        464        144       1752     782205   Object Totals
         0          0         32          0          0          0   (incl. Generated)
        30          0          0          2          0          0   (incl. Padding)

    ----------------------------------------------------------------------

      Code (inc. data)   RO Data    RW Data    ZI Data      Debug   Library Member Name

       348         58          0          0          0        164   atanf.o
        38          0          0          0          0        116   fpclassifyf.o
        16          6          0          0          0        116   funder.o
       320         24         32          0          0        160   rredf.o
        58          0          0          0          0        136   sqrtf.o
       376         62          0          0          0        180   tanf.o
        32         10          0          0          0         80   cpp_init.o
         0          0          0          0          0          0   entry.o
         0          0          0          0          0          0   entry10a.o
         0          0          0          0          0          0   entry11a.o
         8          4          0          0          0          0   entry2.o
         4          0          0          0          0          0   entry5.o
         0          0          0          0          0          0   entry7b.o
         4          0          0          0          0          0   entry8a.o
         0          0          0          0          0          0   entry8b.o
         8          4          0          0          0          0   entry9a.o
        12          6          0          4          0         68   errno.o
        30          0          0          0          0          0   handlers.o
        36          8          0          0          0         68   init.o
         0          0          0          0          0          0   iusefp.o
        30          0          0          0          0         68   llshl.o
        36          0          0          0          0         68   llsshr.o
        32          0          0          0          0         68   llushr.o
        36          0          0          0          0         68   memcpya.o
        40          2          0          0          0         68   cdcmple.o
        40          2          0          0          0         68   cdrcmple.o
        56          0          0          0          0         88   d2f.o
       334          0          0          0          0        148   dadd.o
       222          0          0          0          0        100   ddiv.o
       182          0          0          0          0        176   depilogue.o
        62          0          0          0          0         80   dfixi.o
        34          0          0          0          0         76   dflti.o
        26          0          0          0          0         76   dfltui.o
       228          0          0          0          0         96   dmul.o
        38          0          0          0          0         68   f2d.o
       110          0          0          0          0        168   fepilogue.o

    ----------------------------------------------------------------------
      2804        186         32          4          4       2572   Library Totals
         8          0          0          0          4          0   (incl. Padding)

    ----------------------------------------------------------------------

      Code (inc. data)   RO Data    RW Data    ZI Data      Debug   Library Name

      1156        150         32          0          0        872   m_wm.l
       268         32          0          4          0        488   mc_w.l
      1372          4          0          0          0       1212   mf_w.l

    ----------------------------------------------------------------------
      2804        186         32          4          4       2572   Library Totals

    ----------------------------------------------------------------------

==============================================================================


      Code (inc. data)   RO Data    RW Data    ZI Data      Debug   

     11564        830        496        148       1756     771949   Grand Totals
     11564        830        496        148       1756     771949   ELF Image Totals
     11564        830        496        148          0          0   ROM Totals

==============================================================================

    Total RO  Size (Code + RO Data)                12060 (  11.78kB)
    Total RW  Size (RW Data + ZI Data)              1904 (   1.86kB)
    Total ROM Size (Code + RO Data + RW Data)      12208 (  11.92kB)

==============================================================================

