Product: MDK-ARM Standard 5.10
Component: ARM Compiler 5.04 update 1 (build 49)
Tool: armlink [5040049]

==============================================================================

Section Cross References

    main.o(i.LIS302DL_TIMEOUT_UserCallback) refers to main.o(i._Z12Fail_Handlerv) for Fail_Handler()
    main.o(i.LIS302DL_TIMEOUT_UserCallback) refers to main.o(.data) for .data
    main.o(i._Z12Fail_Handlerv) refers to stm32f4xx_flash.o(i.FLASH_EraseSector) for FLASH_EraseSector
    main.o(i._Z12Fail_Handlerv) refers to stm32f4xx_flash.o(i.FLASH_ProgramWord) for FLASH_ProgramWord
    main.o(i._Z12Fail_Handlerv) refers to stm32f4_discovery.o(i.STM_EVAL_LEDToggle) for STM_EVAL_LEDToggle
    main.o(i._Z12Fail_Handlerv) refers to delay.o(i._delay_ms) for _delay_ms
    main.o(i.__sti___8_main_cpp_241f1e20) refers to motor.o(i._ZN5MotorC1Ev) for Motor::Motor()
    main.o(i.__sti___8_main_cpp_241f1e20) refers to pid_v1.o(i._ZN3PIDC1Ev) for PID::PID()
    main.o(i.__sti___8_main_cpp_241f1e20) refers to mpu6050.o(i._ZN7MPU6050C1Ev) for MPU6050::MPU6050()
    main.o(i.__sti___8_main_cpp_241f1e20) refers to main.o(.bss) for .bss
    main.o(i.main) refers to delay.o(i.delay_init) for delay_init
    main.o(i.main) refers to motordriver.o(i.motor_init) for motor_init
    main.o(i.main) refers to stm32f4_discovery.o(i.STM_EVAL_PBInit) for STM_EVAL_PBInit
    main.o(i.main) refers to stm32f4_discovery.o(i.STM_EVAL_LEDInit) for STM_EVAL_LEDInit
    main.o(i.main) refers to stm32f4_discovery_lis302dl.o(i.LIS302DL_Init) for LIS302DL_Init
    main.o(i.main) refers to delay.o(i._delay_ms) for _delay_ms
    main.o(i.main) refers to stm32f4_discovery_lis302dl.o(i.LIS302DL_FilterConfig) for LIS302DL_FilterConfig
    main.o(i.main) refers to stm32f4_discovery_lis302dl.o(i.LIS302DL_ReadACC) for LIS302DL_ReadACC
    main.o(i.main) refers to sqrtf.o(i.__hardfp_sqrtf) for __hardfp_sqrtf
    main.o(i.main) refers to atanf.o(i.__hardfp_atanf) for __hardfp_atanf
    main.o(i.main) refers to f2d.o(x$fpl$f2d) for __aeabi_f2d
    main.o(i.main) refers to daddsub_clz.o(x$fpl$dadd) for __aeabi_dadd
    main.o(i.main) refers to mpu6050.o(i._ZN7MPU605010initializeEv) for MPU6050::initialize()
    main.o(i.main) refers to mpu6050.o(i._ZN7MPU605014testConnectionEv) for MPU6050::testConnection()
    main.o(i.main) refers to stm32f4_discovery.o(i.STM_EVAL_LEDOff) for STM_EVAL_LEDOff
    main.o(i.main) refers to stm32f4_discovery.o(i.STM_EVAL_LEDToggle) for STM_EVAL_LEDToggle
    main.o(i.main) refers to mpu6050.o(i._ZN7MPU605010getMotion6EPsS0_S0_S0_S0_S0_) for MPU6050::getMotion6(short*, short*, short*, short*, short*, short*)
    main.o(i.main) refers to motor.o(i._ZN5Motor15registerControlEPFYviEPFYsvE) for Motor::registerControl(void(*)(int), short(*)())
    main.o(i.main) refers to pid_v1.o(i._ZN3PID15SetOutputLimitsEdd) for PID::SetOutputLimits(double, double)
    main.o(i.main) refers to pid_v1.o(i._ZN3PID10parametersEPdS0_S0_dddi) for PID::parameters(double*, double*, double*, double, double, double, int)
    main.o(i.main) refers to pid_v1.o(i._ZN3PID7SetModeEi) for PID::SetMode(int)
    main.o(i.main) refers to pid_v1.o(i._ZN3PID13SetSampleTimeEi) for PID::SetSampleTime(int)
    main.o(i.main) refers to motor.o(i._ZN5Motor3runEi) for Motor::run(int)
    main.o(i.main) refers to delay.o(i.millis) for millis
    main.o(i.main) refers to dfix.o(x$fpl$dfix) for __aeabi_d2iz
    main.o(i.main) refers to stm32f4_discovery.o(i.STM_EVAL_PBGetState) for STM_EVAL_PBGetState
    main.o(i.main) refers to basic.o(x$fpl$basic) for __aeabi_dneg
    main.o(i.main) refers to main.o(i._ZN6Kalman8getAngleEddd) for Kalman::getAngle(double, double, double)
    main.o(i.main) refers to ddiv.o(x$fpl$ddiv) for __aeabi_ddiv
    main.o(i.main) refers to d2f.o(x$fpl$d2f) for __aeabi_d2f
    main.o(i.main) refers to tanf.o(i.__hardfp_tanf) for __hardfp_tanf
    main.o(i.main) refers to dmul.o(x$fpl$dmul) for __aeabi_dmul
    main.o(i.main) refers to pid_v1.o(i._ZN3PID7ComputeEv) for PID::Compute()
    main.o(i.main) refers to main.o(.data) for .data
    main.o(i.main) refers to main.o(.bss) for .bss
    main.o(i.main) refers to encoder.o(i.ENCL_getValue) for ENCL_getValue
    main.o(i.main) refers to motordriver.o(i.motor_left_pwm) for motor_left_pwm
    main.o(i.main) refers to encoder.o(i.ENCR_getValue) for ENCR_getValue
    main.o(i.main) refers to motordriver.o(i.motor_right_pwm) for motor_right_pwm
    main.o(.ARM.exidx) refers to main.o(i.main) for i.main
    main.o(.ARM.exidx) refers to main.o(i._Z12Fail_Handlerv) for i._Z12Fail_Handlerv
    main.o(.ARM.exidx) refers to main.o(i.LIS302DL_TIMEOUT_UserCallback) for i.LIS302DL_TIMEOUT_UserCallback
    main.o(.ARM.exidx) refers to main.o(i.__sti___8_main_cpp_241f1e20) for i.__sti___8_main_cpp_241f1e20
    main.o(.init_array) refers to main.o(i.__sti___8_main_cpp_241f1e20) for __sti___8_main_cpp_241f1e20
[...]
    .ARM.Collect$$rtentry$$00000000          0x0800020c   Section        0  rtentry.o(.ARM.Collect$$rtentry$$00000000)
    .ARM.Collect$$rtentry$$00000002          0x0800020c   Section        0  rtentry2.o(.ARM.Collect$$rtentry$$00000002)
    .ARM.Collect$$rtentry$$00000004          0x0800020c   Section        6  rtentry4.o(.ARM.Collect$$rtentry$$00000004)
    .ARM.Collect$$rtentry$$00000009          0x08000212   Section        0  rtentry2.o(.ARM.Collect$$rtentry$$00000009)
    .ARM.Collect$$rtentry$$0000000A          0x08000212   Section        4  rtentry2.o(.ARM.Collect$$rtentry$$0000000A)
    .ARM.Collect$$rtentry$$0000000C          0x08000216   Section        0  rtentry2.o(.ARM.Collect$$rtentry$$0000000C)
    .ARM.Collect$$rtentry$$0000000D          0x08000216   Section        8  rtentry2.o(.ARM.Collect$$rtentry$$0000000D)
    .ARM.Collect$$rtexit$$00000000           0x0800021e   Section        2  rtexit.o(.ARM.Collect$$rtexit$$00000000)
    .ARM.Collect$$rtexit$$00000002           0x08000220   Section        0  rtexit2.o(.ARM.Collect$$rtexit$$00000002)
    .ARM.Collect$$rtexit$$00000003           0x08000220   Section        4  rtexit2.o(.ARM.Collect$$rtexit$$00000003)
    .ARM.Collect$$rtexit$$00000004           0x08000224   Section        6  rtexit2.o(.ARM.Collect$$rtexit$$00000004)
    .text                                    0x0800022c   Section       64  startup_stm32f40_41xxx.o(.text)
    $v0                                      0x0800022c   Number         0  startup_stm32f40_41xxx.o(.text)
    .text                                    0x0800026c   Section      100  rt_memcpy_w.o(.text)
    .text                                    0x080002d0   Section        0  heapauxi.o(.text)
    .text                                    0x080002d8   Section        0  init_aeabi.o(.text)
    .text                                    0x080002fc   Section        0  _rserrno.o(.text)
    .text                                    0x08000314   Section        8  rt_errno_addr_intlibspace.o(.text)
    .text                                    0x0800031c   Section        8  libspace.o(.text)
    .text                                    0x08000324   Section       74  sys_stackheap_outer.o(.text)
    .text                                    0x0800036e   Section        0  exit.o(.text)
    .text                                    0x0800037a   Section        2  use_no_semi.o(.text)
    .text                                    0x0800037c   Section        0  indicate_semi.o(.text)
    .text                                    0x0800037c   Section        0  sys_exit.o(.text)
    i.BusFault_Handler                       0x08000388   Section        0  stm32f4xx_it.o(i.BusFault_Handler)
    i.DebugMon_Handler                       0x0800038a   Section        0  stm32f4xx_it.o(i.DebugMon_Handler)
    i.ENCL_getValue                          0x0800038c   Section        0  encoder.o(i.ENCL_getValue)
    i.ENCR_getValue                          0x080003a8   Section        0  encoder.o(i.ENCR_getValue)
    i.EXTI_Init                              0x080003c4   Section        0  stm32f4xx_exti.o(i.EXTI_Init)
    i.FLASH_EraseSector                      0x08000434   Section        0  stm32f4xx_flash.o(i.FLASH_EraseSector)
    i.FLASH_GetStatus                        0x080004a0   Section        0  stm32f4xx_flash.o(i.FLASH_GetStatus)
    i.FLASH_ProgramWord                      0x080004dc   Section        0  stm32f4xx_flash.o(i.FLASH_ProgramWord)
    i.FLASH_WaitForLastOperation             0x08000518   Section        0  stm32f4xx_flash.o(i.FLASH_WaitForLastOperation)
    i.GPIO_Init                              0x08000536   Section        0  stm32f4xx_gpio.o(i.GPIO_Init)
    i.GPIO_PinAFConfig                       0x080005ae   Section        0  stm32f4xx_gpio.o(i.GPIO_PinAFConfig)
    i.GPIO_ReadInputDataBit                  0x080005ce   Section        0  stm32f4xx_gpio.o(i.GPIO_ReadInputDataBit)
    i.GPIO_ResetBits                         0x080005dc   Section        0  stm32f4xx_gpio.o(i.GPIO_ResetBits)
    i.GPIO_SetBits                           0x080005e0   Section        0  stm32f4xx_gpio.o(i.GPIO_SetBits)
    i.HardFault_Handler                      0x080005e4   Section        0  stm32f4xx_it.o(i.HardFault_Handler)
    i.I2C_AcknowledgeConfig                  0x080005e6   Section        0  stm32f4xx_i2c.o(i.I2C_AcknowledgeConfig)
    i.I2C_CheckEvent                         0x080005fa   Section        0  stm32f4xx_i2c.o(i.I2C_CheckEvent)
    i.I2C_Cmd                                0x08000612   Section        0  stm32f4xx_i2c.o(i.I2C_Cmd)
    i.I2C_GenerateSTART                      0x08000626   Section        0  stm32f4xx_i2c.o(i.I2C_GenerateSTART)
    i.I2C_GenerateSTOP                       0x0800063a   Section        0  stm32f4xx_i2c.o(i.I2C_GenerateSTOP)
    i.I2C_GetFlagStatus                      0x0800064e   Section        0  stm32f4xx_i2c.o(i.I2C_GetFlagStatus)
    i.I2C_Init                               0x08000678   Section        0  stm32f4xx_i2c.o(i.I2C_Init)
    i.I2C_ReceiveData                        0x08000730   Section        0  stm32f4xx_i2c.o(i.I2C_ReceiveData)
    i.I2C_Send7bitAddress                    0x08000736   Section        0  stm32f4xx_i2c.o(i.I2C_Send7bitAddress)
    i.I2C_SendData                           0x08000746   Section        0  stm32f4xx_i2c.o(i.I2C_SendData)
    i.LIS302DL_FilterConfig                  0x0800074a   Section        0  stm32f4_discovery_lis302dl.o(i.LIS302DL_FilterConfig)
    i.LIS302DL_Init                          0x08000786   Section        0  stm32f4_discovery_lis302dl.o(i.LIS302DL_Init)
    i.LIS302DL_LowLevel_Init                 0x080007b8   Section        0  stm32f4_discovery_lis302dl.o(i.LIS302DL_LowLevel_Init)
    LIS302DL_LowLevel_Init                   0x080007b9   Thumb Code   276  stm32f4_discovery_lis302dl.o(i.LIS302DL_LowLevel_Init)
    i.LIS302DL_Read                          0x080008d8   Section        0  stm32f4_discovery_lis302dl.o(i.LIS302DL_Read)
    i.LIS302DL_ReadACC                       0x08000924   Section        0  stm32f4_discovery_lis302dl.o(i.LIS302DL_ReadACC)
    i.LIS302DL_SendByte                      0x08000984   Section        0  stm32f4_discovery_lis302dl.o(i.LIS302DL_SendByte)
    LIS302DL_SendByte                        0x08000985   Thumb Code    88  stm32f4_discovery_lis302dl.o(i.LIS302DL_SendByte)
    i.LIS302DL_TIMEOUT_UserCallback          0x080009e4   Section        0  main.o(i.LIS302DL_TIMEOUT_UserCallback)
    i.LIS302DL_Write                         0x080009f4   Section        0  stm32f4_discovery_lis302dl.o(i.LIS302DL_Write)
    i.MemManage_Handler                      0x08000a38   Section        0  stm32f4xx_it.o(i.MemManage_Handler)
    i.NMI_Handler                            0x08000a3a   Section        0  stm32f4xx_it.o(i.NMI_Handler)
    i.NVIC_Init                              0x08000a3c   Section        0  misc.o(i.NVIC_Init)
    i.PendSV_Handler                         0x08000aa0   Section        0  stm32f4xx_it.o(i.PendSV_Handler)
    i.RCC_AHB1PeriphClockCmd                 0x08000aa4   Section        0  stm32f4xx_rcc.o(i.RCC_AHB1PeriphClockCmd)
    i.RCC_APB1PeriphClockCmd                 0x08000abc   Section        0  stm32f4xx_rcc.o(i.RCC_APB1PeriphClockCmd)
    i.RCC_APB1PeriphResetCmd                 0x08000ad4   Section        0  stm32f4xx_rcc.o(i.RCC_APB1PeriphResetCmd)
    i.RCC_APB2PeriphClockCmd                 0x08000aec   Section        0  stm32f4xx_rcc.o(i.RCC_APB2PeriphClockCmd)
    i.RCC_APB2PeriphResetCmd                 0x08000b04   Section        0  stm32f4xx_rcc.o(i.RCC_APB2PeriphResetCmd)
    i.RCC_GetClocksFreq                      0x08000b1c   Section        0  stm32f4xx_rcc.o(i.RCC_GetClocksFreq)
    i.SPI_Cmd                                0x08000bac   Section        0  stm32f4xx_spi.o(i.SPI_Cmd)
    i.SPI_I2S_DeInit                         0x08000bc0   Section        0  stm32f4xx_spi.o(i.SPI_I2S_DeInit)
    i.SPI_I2S_GetFlagStatus                  0x08000c44   Section        0  stm32f4xx_spi.o(i.SPI_I2S_GetFlagStatus)
    i.SPI_I2S_ReceiveData                    0x08000c52   Section        0  stm32f4xx_spi.o(i.SPI_I2S_ReceiveData)
    i.SPI_I2S_SendData                       0x08000c56   Section        0  stm32f4xx_spi.o(i.SPI_I2S_SendData)
    i.SPI_Init                               0x08000c5a   Section        0  stm32f4xx_spi.o(i.SPI_Init)
    i.STM_EVAL_LEDInit                       0x08000c94   Section        0  stm32f4_discovery.o(i.STM_EVAL_LEDInit)
    i.STM_EVAL_LEDOff                        0x08000cdc   Section        0  stm32f4_discovery.o(i.STM_EVAL_LEDOff)
    i.STM_EVAL_LEDToggle                     0x08000cf4   Section        0  stm32f4_discovery.o(i.STM_EVAL_LEDToggle)
    i.STM_EVAL_PBGetState                    0x08000d10   Section        0  stm32f4_discovery.o(i.STM_EVAL_PBGetState)
    i.STM_EVAL_PBInit                        0x08000d28   Section        0  stm32f4_discovery.o(i.STM_EVAL_PBInit)
    i.SVC_Handler                            0x08000dc0   Section        0  stm32f4xx_it.o(i.SVC_Handler)
    i.SYSCFG_EXTILineConfig                  0x08000dc4   Section        0  stm32f4xx_syscfg.o(i.SYSCFG_EXTILineConfig)
    i.SetSysClock                            0x08000df4   Section        0  system_stm32f4xx.o(i.SetSysClock)
    SetSysClock                              0x08000df5   Thumb Code   162  system_stm32f4xx.o(i.SetSysClock)
    i.SysTick_Handler                        0x08000ea8   Section        0  stm32f4xx_it.o(i.SysTick_Handler)
    i.SystemInit                             0x08000ee0   Section        0  system_stm32f4xx.o(i.SystemInit)
    i.TIM_ARRPreloadConfig                   0x08000f3c   Section        0  stm32f4xx_tim.o(i.TIM_ARRPreloadConfig)
    i.TIM_CCxCmd                             0x08000f50   Section        0  stm32f4xx_tim.o(i.TIM_CCxCmd)
    i.TIM_Cmd                                0x08000f66   Section        0  stm32f4xx_tim.o(i.TIM_Cmd)
    i.TIM_GetCounter                         0x08000f7a   Section        0  stm32f4xx_tim.o(i.TIM_GetCounter)
    i.TIM_OC3Init                            0x08000f80   Section        0  stm32f4xx_tim.o(i.TIM_OC3Init)
    i.TIM_OC3PreloadConfig                   0x08000ffc   Section        0  stm32f4xx_tim.o(i.TIM_OC3PreloadConfig)
    i.TIM_OC4Init                            0x08001008   Section        0  stm32f4xx_tim.o(i.TIM_OC4Init)
    i.TIM_OC4PreloadConfig                   0x08001068   Section        0  stm32f4xx_tim.o(i.TIM_OC4PreloadConfig)
    i.TIM_SetCompare3                        0x0800107c   Section        0  stm32f4xx_tim.o(i.TIM_SetCompare3)
    i.TIM_SetCompare4                        0x08001080   Section        0  stm32f4xx_tim.o(i.TIM_SetCompare4)
    i.TIM_SetCounter                         0x08001084   Section        0  stm32f4xx_tim.o(i.TIM_SetCounter)
    i.TIM_TimeBaseInit                       0x08001088   Section        0  stm32f4xx_tim.o(i.TIM_TimeBaseInit)
    i.UsageFault_Handler                     0x08001104   Section        0  stm32f4xx_it.o(i.UsageFault_Handler)
    i._Z10TIM_Configv                        0x08001108   Section        0  motordriver.o(i._Z10TIM_Configv)
    i._Z12Fail_Handlerv                      0x0800120c   Section        0  main.o(i._Z12Fail_Handlerv)
    i._ZN3PID10InitializeEv                  0x08001230   Section        0  pid_v1.o(i._ZN3PID10InitializeEv)
    i._ZN3PID10SetTuningsEddd                0x08001280   Section        0  pid_v1.o(i._ZN3PID10SetTuningsEddd)
    i._ZN3PID10parametersEPdS0_S0_dddi       0x08001364   Section        0  pid_v1.o(i._ZN3PID10parametersEPdS0_S0_dddi)
    i._ZN3PID13SetSampleTimeEi               0x080013ec   Section        0  pid_v1.o(i._ZN3PID13SetSampleTimeEi)
    i._ZN3PID15SetOutputLimitsEdd            0x08001444   Section        0  pid_v1.o(i._ZN3PID15SetOutputLimitsEdd)
    i._ZN3PID22SetControllerDirectionEi      0x080014f6   Section        0  pid_v1.o(i._ZN3PID22SetControllerDirectionEi)
    i._ZN3PID7ComputeEv                      0x0800153c   Section        0  pid_v1.o(i._ZN3PID7ComputeEv)
    i._ZN3PID7SetModeEi                      0x08001664   Section        0  pid_v1.o(i._ZN3PID7SetModeEi)
    i._ZN3PIDC1Ev                            0x0800168e   Section        0  pid_v1.o(i._ZN3PIDC1Ev)
    i._ZN5Motor15registerControlEPFYviEPFYsvE 0x08001690   Section        0  motor.o(i._ZN5Motor15registerControlEPFYviEPFYsvE)
    i._ZN5Motor3runEi                        0x08001696   Section        0  motor.o(i._ZN5Motor3runEi)
    i._ZN5Motor4pingEv                       0x080016b8   Section        0  motor.o(i._ZN5Motor4pingEv)
    i._ZN5MotorC1Ev                          0x08001740   Section        0  motor.o(i._ZN5MotorC1Ev)
    i._ZN6I2CDev10writeBytesEhhtPh           0x080017d4   Section        0  i2cdev.o(i._ZN6I2CDev10writeBytesEhhtPh)
    i._ZN6I2CDev4InitEv                      0x08001930   Section        0  i2cdev.o(i._ZN6I2CDev4InitEv)
    i._ZN6I2CDev8readBitsEhhhPh              0x080019ec   Section        0  i2cdev.o(i._ZN6I2CDev8readBitsEhhhPh)
    i._ZN6I2CDev8readBitsEhhhhPh             0x08001a18   Section        0  i2cdev.o(i._ZN6I2CDev8readBitsEhhhhPh)
    i._ZN6I2CDev8writeBitEhhhh               0x08001a48   Section        0  i2cdev.o(i._ZN6I2CDev8writeBitEhhhh)
    i._ZN6I2CDev9readBytesEhhtPh             0x08001a60   Section        0  i2cdev.o(i._ZN6I2CDev9readBytesEhhtPh)
    i._ZN6I2CDev9writeBitsEhhh               0x08001c28   Section        0  i2cdev.o(i._ZN6I2CDev9writeBitsEhhh)
    i._ZN6I2CDev9writeBitsEhhhhh             0x08001c60   Section        0  i2cdev.o(i._ZN6I2CDev9writeBitsEhhhhh)
    i._ZN6I2CDevC1Ev                         0x08001c90   Section        0  i2cdev.o(i._ZN6I2CDevC1Ev)
    i._ZN6Kalman8getAngleEddd                0x08001c9e   Section        0  main.o(i._ZN6Kalman8getAngleEddd)
    i._ZN7MPU605010getMotion6EPsS0_S0_S0_S0_S0_ 0x08001e90   Section        0  mpu6050.o(i._ZN7MPU605010getMotion6EPsS0_S0_S0_S0_S0_)
    i._ZN7MPU605010initializeEv              0x08001ee4   Section        0  mpu6050.o(i._ZN7MPU605010initializeEv)
    i._ZN7MPU605011getDeviceIDEv             0x08001f10   Section        0  mpu6050.o(i._ZN7MPU605011getDeviceIDEv)
    i._ZN7MPU605014setClockSourceEh          0x08001f2e   Section        0  mpu6050.o(i._ZN7MPU605014setClockSourceEh)
    i._ZN7MPU605014testConnectionEv          0x08001f42   Section        0  mpu6050.o(i._ZN7MPU605014testConnectionEv)
    i._ZN7MPU605015setSleepEnabledEb         0x08001f54   Section        0  mpu6050.o(i._ZN7MPU605015setSleepEnabledEb)
    i._ZN7MPU605021setFullScaleGyroRangeEh   0x08001f64   Section        0  mpu6050.o(i._ZN7MPU605021setFullScaleGyroRangeEh)
    i._ZN7MPU605022setFullScaleAccelRangeEh  0x08001f78   Section        0  mpu6050.o(i._ZN7MPU605022setFullScaleAccelRangeEh)
    i._ZN7MPU6050C1Ev                        0x08001f8c   Section        0  mpu6050.o(i._ZN7MPU6050C1Ev)
    i.__ARM_fpclassifyf                      0x08001f98   Section        0  fpclassifyf.o(i.__ARM_fpclassifyf)
    i.__hardfp_atanf                         0x08001fc0   Section        0  atanf.o(i.__hardfp_atanf)
    i.__hardfp_sqrtf                         0x0800211c   Section        0  sqrtf.o(i.__hardfp_sqrtf)
    i.__hardfp_tanf                          0x08002158   Section        0  tanf.o(i.__hardfp_tanf)
    i.__mathlib_flt_underflow                0x080022d0   Section        0  funder.o(i.__mathlib_flt_underflow)
    i.__mathlib_rredf2                       0x080022e0   Section        0  rredf.o(i.__mathlib_rredf2)
    i.__sti___8_main_cpp_241f1e20            0x08002420   Section        0  main.o(i.__sti___8_main_cpp_241f1e20)
    __sti___8_main_cpp_241f1e20              0x08002421   Thumb Code   124  main.o(i.__sti___8_main_cpp_241f1e20)
    i._delay_ms                              0x080024c8   Section        0  delay.o(i._delay_ms)
    i.delay_init                             0x080024d8   Section        0  delay.o(i.delay_init)
    i.delay_routine                          0x08002510   Section        0  delay.o(i.delay_routine)
    i.main                                   0x08002528   Section        0  main.o(i.main)
    i.millis                                 0x08002958   Section        0  delay.o(i.millis)
    i.motor_init                             0x08002964   Section        0  motordriver.o(i.motor_init)
    i.motor_left_pwm                         0x08002968   Section        0  motordriver.o(i.motor_left_pwm)
    i.motor_right_pwm                        0x0800299c   Section        0  motordriver.o(i.motor_right_pwm)
    x$fpl$basic                              0x080029d0   Section       24  basic.o(x$fpl$basic)
    $v0                                      0x080029d0   Number         0  basic.o(x$fpl$basic)
    x$fpl$d2f                                0x080029e8   Section       98  d2f.o(x$fpl$d2f)
    $v0                                      0x080029e8   Number         0  d2f.o(x$fpl$d2f)
    x$fpl$dadd                               0x08002a4c   Section      336  daddsub_clz.o(x$fpl$dadd)
    $v0                                      0x08002a4c   Number         0  daddsub_clz.o(x$fpl$dadd)
    _dadd1                                   0x08002a5d   Thumb Code     0  daddsub_clz.o(x$fpl$dadd)
    x$fpl$dcmpinf                            0x08002b9c   Section       24  dcmpi.o(x$fpl$dcmpinf)
    $v0                                      0x08002b9c   Number         0  dcmpi.o(x$fpl$dcmpinf)
    x$fpl$ddiv                               0x08002bb4   Section      688  ddiv.o(x$fpl$ddiv)
    $v0                                      0x08002bb4   Number         0  ddiv.o(x$fpl$ddiv)
    ddiv_entry                               0x08002bbb   Thumb Code     0  ddiv.o(x$fpl$ddiv)
    x$fpl$dfix                               0x08002e64   Section       94  dfix.o(x$fpl$dfix)
    $v0                                      0x08002e64   Number         0  dfix.o(x$fpl$dfix)
    x$fpl$dflt                               0x08002ec2   Section       46  dflt_clz.o(x$fpl$dflt)
    $v0                                      0x08002ec2   Number         0  dflt_clz.o(x$fpl$dflt)
    x$fpl$dfltu                              0x08002ef0   Section       38  dflt_clz.o(x$fpl$dfltu)
    $v0                                      0x08002ef0   Number         0  dflt_clz.o(x$fpl$dfltu)
    x$fpl$dleqf                              0x08002f18   Section      120  dleqf.o(x$fpl$dleqf)
    $v0                                      0x08002f18   Number         0  dleqf.o(x$fpl$dleqf)
    x$fpl$dmul                               0x08002f90   Section      340  dmul.o(x$fpl$dmul)
    $v0                                      0x08002f90   Number         0  dmul.o(x$fpl$dmul)
    x$fpl$dnaninf                            0x080030e4   Section      156  dnaninf.o(x$fpl$dnaninf)
    $v0                                      0x080030e4   Number         0  dnaninf.o(x$fpl$dnaninf)
    x$fpl$dretinf                            0x08003180   Section       12  dretinf.o(x$fpl$dretinf)
    $v0                                      0x08003180   Number         0  dretinf.o(x$fpl$dretinf)
    x$fpl$drleqf                             0x0800318c   Section      108  drleqf.o(x$fpl$drleqf)
    $v0                                      0x0800318c   Number         0  drleqf.o(x$fpl$drleqf)
    x$fpl$drsb                               0x080031f8   Section       22  daddsub_clz.o(x$fpl$drsb)
    $v0                                      0x080031f8   Number         0  daddsub_clz.o(x$fpl$drsb)
    x$fpl$dsub                               0x08003210   Section      468  daddsub_clz.o(x$fpl$dsub)
    $v0                                      0x08003210   Number         0  daddsub_clz.o(x$fpl$dsub)
    _dsub1                                   0x08003221   Thumb Code     0  daddsub_clz.o(x$fpl$dsub)
    x$fpl$f2d                                0x080033e4   Section       86  f2d.o(x$fpl$f2d)
    $v0                                      0x080033e4   Number         0  f2d.o(x$fpl$f2d)
    x$fpl$fnaninf                            0x0800343a   Section      140  fnaninf.o(x$fpl$fnaninf)
    $v0                                      0x0800343a   Number         0  fnaninf.o(x$fpl$fnaninf)
    x$fpl$fpinit                             0x080034c6   Section       10  fpinit.o(x$fpl$fpinit)
    $v0                                      0x080034c6   Number         0  fpinit.o(x$fpl$fpinit)
    x$fpl$fretinf                            0x080034d0   Section       10  fretinf.o(x$fpl$fretinf)
    $v0                                      0x080034d0   Number         0  fretinf.o(x$fpl$fretinf)
    x$fpl$usenofp                            0x080034da   Section        0  usenofp.o(x$fpl$usenofp)
    .constdata                               0x080034dc   Section       36  stm32f4_discovery.o(.constdata)
    .constdata                               0x08003500   Section       32  rredf.o(.constdata)
    twooverpi                                0x08003500   Data          32  rredf.o(.constdata)
    .init_array                              0x08003540   Section        4  main.o(.init_array)
    .init_array                              0x08003544   Section        0  init_aeabi.o(.init_array)
    .data                                    0x20000000   Section       72  main.o(.data)
    .data                                    0x20000048   Section        8  delay.o(.data)
    .data                                    0x20000050   Section       20  stm32f4_discovery.o(.data)
    .data                                    0x20000064   Section        4  stm32f4_discovery_lis302dl.o(.data)
    .data                                    0x20000068   Section       16  stm32f4xx_rcc.o(.data)
    APBAHBPrescTable                         0x20000068   Data          16  stm32f4xx_rcc.o(.data)
    .data                                    0x20000078   Section       20  system_stm32f4xx.o(.data)
    .bss                                     0x20000090   Section      768  main.o(.bss)
    .bss                                     0x20000390   Section       96  libspace.o(.bss)
    HEAP                                     0x200003f0   Section      512  startup_stm32f40_41xxx.o(HEAP)
    Heap_Mem                                 0x200003f0   Data         512  startup_stm32f40_41xxx.o(HEAP)
    STACK                                    0x200005f0   Section     1024  startup_stm32f40_41xxx.o(STACK)
    Stack_Mem                                0x200005f0   Data        1024  startup_stm32f40_41xxx.o(STACK)
    __initial_sp                             0x200009f0   Data           0  startup_stm32f40_41xxx.o(STACK)

    Global Symbols

    Symbol Name                              Value     Ov Type        Size  Object(Section)

    BuildAttributes$$THM_ISAv4$E$P$D$K$B$S$7EM$VFPi3$EXTD16$VFPS$VFMA$PE$A:L22UL41UL21$X:L11$S22US41US21$IEEE1$IW$USESV6$~STKCKD$USESV7$~SHL$OTIME$ROPI$IEEEX$EBA8$UX$STANDARDLIB$REQ8$PRES8$EABIv2 0x00000000   Number         0  anon$$obj.o ABSOLUTE
    __ARM_use_no_argv                        0x00000000   Number         0  main.o ABSOLUTE
    __ARM_exceptions_init                     - Undefined Weak Reference
    __alloca_initialize                       - Undefined Weak Reference
    __cxa_finalize                            - Undefined Weak Reference
    __rt_locale                               - Undefined Weak Reference
    __sigvec_lookup                           - Undefined Weak Reference
    _atexit_init                              - Undefined Weak Reference
    _call_atexit_fns                          - Undefined Weak Reference
    _clock_init                               - Undefined Weak Reference
    _fp_trap_init                             - Undefined Weak Reference
    _fp_trap_shutdown                         - Undefined Weak Reference
    _get_lc_collate                           - Undefined Weak Reference
    _get_lc_ctype                             - Undefined Weak Reference
    _get_lc_monetary                          - Undefined Weak Reference
    _get_lc_numeric                           - Undefined Weak Reference
    _get_lc_time                              - Undefined Weak Reference
    _getenv_init                              - Undefined Weak Reference
    _handle_redirection                       - Undefined Weak Reference
    _init_alloc                               - Undefined Weak Reference
    _init_user_alloc                          - Undefined Weak Reference
    _initio                                   - Undefined Weak Reference
    _rand_init                                - Undefined Weak Reference
    _signal_finish                            - Undefined Weak Reference
    _signal_init                              - Undefined Weak Reference
    _terminate_alloc                          - Undefined Weak Reference
    _terminate_user_alloc                     - Undefined Weak Reference
    _terminateio                              - Undefined Weak Reference
    __Vectors_Size                           0x00000188   Number         0  startup_stm32f40_41xxx.o ABSOLUTE
    __Vectors                                0x08000000   Data           4  startup_stm32f40_41xxx.o(RESET)
    __Vectors_End                            0x08000188   Data           0  startup_stm32f40_41xxx.o(RESET)
    __main                                   0x08000189   Thumb Code     8  __main.o(!!!main)
    __scatterload                            0x08000191   Thumb Code     0  __scatter.o(!!!scatter)
    __scatterload_rt2                        0x08000191   Thumb Code    44  __scatter.o(!!!scatter)
    __scatterload_rt2_thumb_only             0x08000191   Thumb Code     0  __scatter.o(!!!scatter)
    __scatterload_null                       0x0800019f   Thumb Code     0  __scatter.o(!!!scatter)
    __scatterload_copy                       0x080001c5   Thumb Code    26  __scatter_copy.o(!!handler_copy)
    __scatterload_zeroinit                   0x080001e1   Thumb Code    28  __scatter_zi.o(!!handler_zi)
    __rt_lib_init                            0x080001fd   Thumb Code     0  libinit.o(.ARM.Collect$$libinit$$00000000)
    __rt_lib_init_fp_1                       0x080001ff   Thumb Code     0  libinit2.o(.ARM.Collect$$libinit$$00000001)
    __rt_lib_init_alloca_1                   0x08000203   Thumb Code     0  libinit2.o(.ARM.Collect$$libinit$$0000002C)
    __rt_lib_init_argv_1                     0x08000203   Thumb Code     0  libinit2.o(.ARM.Collect$$libinit$$0000002A)
    __rt_lib_init_atexit_1                   0x08000203   Thumb Code     0  libinit2.o(.ARM.Collect$$libinit$$00000019)
    __rt_lib_init_clock_1                    0x08000203   Thumb Code     0  libinit2.o(.ARM.Collect$$libinit$$0000001F)
    __rt_lib_init_cpp_2                      0x08000203   Thumb Code     0  libinit2.o(.ARM.Collect$$libinit$$0000002F)
    __rt_lib_init_exceptions_1               0x08000203   Thumb Code     0  libinit2.o(.ARM.Collect$$libinit$$0000002E)
    __rt_lib_init_fp_trap_1                  0x08000203   Thumb Code     0  libinit2.o(.ARM.Collect$$libinit$$0000001D)
    __rt_lib_init_getenv_1                   0x08000203   Thumb Code     0  libinit2.o(.ARM.Collect$$libinit$$00000021)
    __rt_lib_init_heap_1                     0x08000203   Thumb Code     0  libinit2.o(.ARM.Collect$$libinit$$00000008)
    __rt_lib_init_lc_collate_1               0x08000203   Thumb Code     0  libinit2.o(.ARM.Collect$$libinit$$0000000F)
    __rt_lib_init_lc_ctype_1                 0x08000203   Thumb Code     0  libinit2.o(.ARM.Collect$$libinit$$00000011)
    __rt_lib_init_lc_monetary_1              0x08000203   Thumb Code     0  libinit2.o(.ARM.Collect$$libinit$$00000013)
    __rt_lib_init_lc_numeric_1               0x08000203   Thumb Code     0  libinit2.o(.ARM.Collect$$libinit$$00000015)
    __rt_lib_init_lc_time_1                  0x08000203   Thumb Code     0  libinit2.o(.ARM.Collect$$libinit$$00000017)
    __rt_lib_init_rand_1                     0x08000203   Thumb Code     0  libinit2.o(.ARM.Collect$$libinit$$0000000C)
    __rt_lib_init_signal_1                   0x08000203   Thumb Code     0  libinit2.o(.ARM.Collect$$libinit$$0000001B)
    __rt_lib_init_stdio_1                    0x08000203   Thumb Code     0  libinit2.o(.ARM.Collect$$libinit$$00000023)
    __rt_lib_init_user_alloc_1               0x08000203   Thumb Code     0  libinit2.o(.ARM.Collect$$libinit$$0000000A)
    __rt_lib_init_cpp_1                      0x08000207   Thumb Code     0  libinit2.o(.ARM.Collect$$libinit$$00000030)
    __rt_lib_init_return                     0x08000207   Thumb Code     0  libinit2.o(.ARM.Collect$$libinit$$00000031)
    __rt_lib_shutdown                        0x08000209   Thumb Code     0  libshutdown.o(.ARM.Collect$$libshutdown$$00000000)
    __rt_lib_shutdown_fp_trap_1              0x0800020b   Thumb Code     0  libshutdown2.o(.ARM.Collect$$libshutdown$$00000006)
    __rt_lib_shutdown_heap_1                 0x0800020b   Thumb Code     0  libshutdown2.o(.ARM.Collect$$libshutdown$$0000000E)
    __rt_lib_shutdown_return                 0x0800020b   Thumb Code     0  libshutdown2.o(.ARM.Collect$$libshutdown$$0000000F)
    __rt_lib_shutdown_signal_1               0x0800020b   Thumb Code     0  libshutdown2.o(.ARM.Collect$$libshutdown$$00000009)
    __rt_lib_shutdown_stdio_1                0x0800020b   Thumb Code     0  libshutdown2.o(.ARM.Collect$$libshutdown$$00000003)
    __rt_lib_shutdown_user_alloc_1           0x0800020b   Thumb Code     0  libshutdown2.o(.ARM.Collect$$libshutdown$$0000000B)
    __rt_entry                               0x0800020d   Thumb Code     0  rtentry.o(.ARM.Collect$$rtentry$$00000000)
    __rt_entry_presh_1                       0x0800020d   Thumb Code     0  rtentry2.o(.ARM.Collect$$rtentry$$00000002)
    __rt_entry_sh                            0x0800020d   Thumb Code     0  rtentry4.o(.ARM.Collect$$rtentry$$00000004)
    __rt_entry_li                            0x08000213   Thumb Code     0  rtentry2.o(.ARM.Collect$$rtentry$$0000000A)
    __rt_entry_postsh_1                      0x08000213   Thumb Code     0  rtentry2.o(.ARM.Collect$$rtentry$$00000009)
    __rt_entry_main                          0x08000217   Thumb Code     0  rtentry2.o(.ARM.Collect$$rtentry$$0000000D)
    __rt_entry_postli_1                      0x08000217   Thumb Code     0  rtentry2.o(.ARM.Collect$$rtentry$$0000000C)
    __rt_exit                                0x0800021f   Thumb Code     0  rtexit.o(.ARM.Collect$$rtexit$$00000000)
    __rt_exit_ls                             0x08000221   Thumb Code     0  rtexit2.o(.ARM.Collect$$rtexit$$00000003)
    __rt_exit_prels_1                        0x08000221   Thumb Code     0  rtexit2.o(.ARM.Collect$$rtexit$$00000002)
    __rt_exit_exit                           0x08000225   Thumb Code     0  rtexit2.o(.ARM.Collect$$rtexit$$00000004)
    Reset_Handler                            0x0800022d   Thumb Code     8  startup_stm32f40_41xxx.o(.text)
    ADC_IRQHandler                           0x08000247   Thumb Code     0  startup_stm32f40_41xxx.o(.text)
    CAN1_RX0_IRQHandler                      0x08000247   Thumb Code     0  startup_stm32f40_41xxx.o(.text)
    CAN1_RX1_IRQHandler                      0x08000247   Thumb Code     0  startup_stm32f40_41xxx.o(.text)
    CAN1_SCE_IRQHandler                      0x08000247   Thumb Code     0  startup_stm32f40_41xxx.o(.text)
    CAN1_TX_IRQHandler                       0x08000247   Thumb Code     0  startup_stm32f40_41xxx.o(.text)
    CAN2_RX0_IRQHandler                      0x08000247   Thumb Code     0  startup_stm32f40_41xxx.o(.text)
    CAN2_RX1_IRQHandler                      0x08000247   Thumb Code     0  startup_stm32f40_41xxx.o(.text)
    CAN2_SCE_IRQHandler                      0x08000247   Thumb Code     0  startup_stm32f40_41xxx.o(.text)
    CAN2_TX_IRQHandler                       0x08000247   Thumb Code     0  startup_stm32f40_41xxx.o(.text)
    CRYP_IRQHandler                          0x08000247   Thumb Code     0  startup_stm32f40_41xxx.o(.text)
    DCMI_IRQHandler                          0x08000247   Thumb Code     0  startup_stm32f40_41xxx.o(.text)
    DMA1_Stream0_IRQHandler                  0x08000247   Thumb Code     0  startup_stm32f40_41xxx.o(.text)
    DMA1_Stream1_IRQHandler                  0x08000247   Thumb Code     0  startup_stm32f40_41xxx.o(.text)
    DMA1_Stream2_IRQHandler                  0x08000247   Thumb Code     0  startup_stm32f40_41xxx.o(.text)
    DMA1_Stream3_IRQHandler                  0x08000247   Thumb Code     0  startup_stm32f40_41xxx.o(.text)
    DMA1_Stream4_IRQHandler                  0x08000247   Thumb Code     0  startup_stm32f40_41xxx.o(.text)
    DMA1_Stream5_IRQHandler                  0x08000247   Thumb Code     0  startup_stm32f40_41xxx.o(.text)
    DMA1_Stream6_IRQHandler                  0x08000247   Thumb Code     0  startup_stm32f40_41xxx.o(.text)
    DMA1_Stream7_IRQHandler                  0x08000247   Thumb Code     0  startup_stm32f40_41xxx.o(.text)
    DMA2_Stream0_IRQHandler                  0x08000247   Thumb Code     0  startup_stm32f40_41xxx.o(.text)
    DMA2_Stream1_IRQHandler                  0x08000247   Thumb Code     0  startup_stm32f40_41xxx.o(.text)
    DMA2_Stream2_IRQHandler                  0x08000247   Thumb Code     0  startup_stm32f40_41xxx.o(.text)
    DMA2_Stream3_IRQHandler                  0x08000247   Thumb Code     0  startup_stm32f40_41xxx.o(.text)
    DMA2_Stream4_IRQHandler                  0x08000247   Thumb Code     0  startup_stm32f40_41xxx.o(.text)
    DMA2_Stream5_IRQHandler                  0x08000247   Thumb Code     0  startup_stm32f40_41xxx.o(.text)
    DMA2_Stream6_IRQHandler                  0x08000247   Thumb Code     0  startup_stm32f40_41xxx.o(.text)
    DMA2_Stream7_IRQHandler                  0x08000247   Thumb Code     0  startup_stm32f40_41xxx.o(.text)
    ETH_IRQHandler                           0x08000247   Thumb Code     0  startup_stm32f40_41xxx.o(.text)
    ETH_WKUP_IRQHandler                      0x08000247   Thumb Code     0  startup_stm32f40_41xxx.o(.text)
    EXTI0_IRQHandler                         0x08000247   Thumb Code     0  startup_stm32f40_41xxx.o(.text)
    EXTI15_10_IRQHandler                     0x08000247   Thumb Code     0  startup_stm32f40_41xxx.o(.text)
    EXTI1_IRQHandler                         0x08000247   Thumb Code     0  startup_stm32f40_41xxx.o(.text)
    EXTI2_IRQHandler                         0x08000247   Thumb Code     0  startup_stm32f40_41xxx.o(.text)
    EXTI3_IRQHandler                         0x08000247   Thumb Code     0  startup_stm32f40_41xxx.o(.text)
    EXTI4_IRQHandler                         0x08000247   Thumb Code     0  startup_stm32f40_41xxx.o(.text)
    EXTI9_5_IRQHandler                       0x08000247   Thumb Code     0  startup_stm32f40_41xxx.o(.text)
    FLASH_IRQHandler                         0x08000247   Thumb Code     0  startup_stm32f40_41xxx.o(.text)
    FPU_IRQHandler                           0x08000247   Thumb Code     0  startup_stm32f40_41xxx.o(.text)
    FSMC_IRQHandler                          0x08000247   Thumb Code     0  startup_stm32f40_41xxx.o(.text)
    HASH_RNG_IRQHandler                      0x08000247   Thumb Code     0  startup_stm32f40_41xxx.o(.text)
    I2C1_ER_IRQHandler                       0x08000247   Thumb Code     0  startup_stm32f40_41xxx.o(.text)
    I2C1_EV_IRQHandler                       0x08000247   Thumb Code     0  startup_stm32f40_41xxx.o(.text)
    I2C2_ER_IRQHandler                       0x08000247   Thumb Code     0  startup_stm32f40_41xxx.o(.text)
    I2C2_EV_IRQHandler                       0x08000247   Thumb Code     0  startup_stm32f40_41xxx.o(.text)
    I2C3_ER_IRQHandler                       0x08000247   Thumb Code     0  startup_stm32f40_41xxx.o(.text)
    I2C3_EV_IRQHandler                       0x08000247   Thumb Code     0  startup_stm32f40_41xxx.o(.text)
    OTG_FS_IRQHandler                        0x08000247   Thumb Code     0  startup_stm32f40_41xxx.o(.text)
    OTG_FS_WKUP_IRQHandler                   0x08000247   Thumb Code     0  startup_stm32f40_41xxx.o(.text)
    OTG_HS_EP1_IN_IRQHandler                 0x08000247   Thumb Code     0  startup_stm32f40_41xxx.o(.text)
    OTG_HS_EP1_OUT_IRQHandler                0x08000247   Thumb Code     0  startup_stm32f40_41xxx.o(.text)
    OTG_HS_IRQHandler                        0x08000247   Thumb Code     0  startup_stm32f40_41xxx.o(.text)
    OTG_HS_WKUP_IRQHandler                   0x08000247   Thumb Code     0  startup_stm32f40_41xxx.o(.text)
    PVD_IRQHandler                           0x08000247   Thumb Code     0  startup_stm32f40_41xxx.o(.text)
    RCC_IRQHandler                           0x08000247   Thumb Code     0  startup_stm32f40_41xxx.o(.text)
    RTC_Alarm_IRQHandler                     0x08000247   Thumb Code     0  startup_stm32f40_41xxx.o(.text)
    RTC_WKUP_IRQHandler                      0x08000247   Thumb Code     0  startup_stm32f40_41xxx.o(.text)
    SDIO_IRQHandler                          0x08000247   Thumb Code     0  startup_stm32f40_41xxx.o(.text)
    SPI1_IRQHandler                          0x08000247   Thumb Code     0  startup_stm32f40_41xxx.o(.text)
    SPI2_IRQHandler                          0x08000247   Thumb Code     0  startup_stm32f40_41xxx.o(.text)
    SPI3_IRQHandler                          0x08000247   Thumb Code     0  startup_stm32f40_41xxx.o(.text)
    TAMP_STAMP_IRQHandler                    0x08000247   Thumb Code     0  startup_stm32f40_41xxx.o(.text)
    TIM1_BRK_TIM9_IRQHandler                 0x08000247   Thumb Code     0  startup_stm32f40_41xxx.o(.text)
    TIM1_CC_IRQHandler                       0x08000247   Thumb Code     0  startup_stm32f40_41xxx.o(.text)
    TIM1_TRG_COM_TIM11_IRQHandler            0x08000247   Thumb Code     0  startup_stm32f40_41xxx.o(.text)
    TIM1_UP_TIM10_IRQHandler                 0x08000247   Thumb Code     0  startup_stm32f40_41xxx.o(.text)
    TIM2_IRQHandler                          0x08000247   Thumb Code     0  startup_stm32f40_41xxx.o(.text)
    TIM3_IRQHandler                          0x08000247   Thumb Code     0  startup_stm32f40_41xxx.o(.text)
    TIM4_IRQHandler                          0x08000247   Thumb Code     0  startup_stm32f40_41xxx.o(.text)
    TIM5_IRQHandler                          0x08000247   Thumb Code     0  startup_stm32f40_41xxx.o(.text)
    TIM6_DAC_IRQHandler                      0x08000247   Thumb Code     0  startup_stm32f40_41xxx.o(.text)
    TIM7_IRQHandler                          0x08000247   Thumb Code     0  startup_stm32f40_41xxx.o(.text)
    TIM8_BRK_TIM12_IRQHandler                0x08000247   Thumb Code     0  startup_stm32f40_41xxx.o(.text)
    TIM8_CC_IRQHandler                       0x08000247   Thumb Code     0  startup_stm32f40_41xxx.o(.text)
    TIM8_TRG_COM_TIM14_IRQHandler            0x08000247   Thumb Code     0  startup_stm32f40_41xxx.o(.text)
    TIM8_UP_TIM13_IRQHandler                 0x08000247   Thumb Code     0  startup_stm32f40_41xxx.o(.text)
    UART4_IRQHandler                         0x08000247   Thumb Code     0  startup_stm32f40_41xxx.o(.text)
    UART5_IRQHandler                         0x08000247   Thumb Code     0  startup_stm32f40_41xxx.o(.text)
    USART1_IRQHandler                        0x08000247   Thumb Code     0  startup_stm32f40_41xxx.o(.text)
    USART2_IRQHandler                        0x08000247   Thumb Code     0  startup_stm32f40_41xxx.o(.text)
    USART3_IRQHandler                        0x08000247   Thumb Code     0  startup_stm32f40_41xxx.o(.text)
    USART6_IRQHandler                        0x08000247   Thumb Code     0  startup_stm32f40_41xxx.o(.text)
    WWDG_IRQHandler                          0x08000247   Thumb Code     0  startup_stm32f40_41xxx.o(.text)
    __user_initial_stackheap                 0x08000249   Thumb Code     0  startup_stm32f40_41xxx.o(.text)
    __aeabi_memcpy4                          0x0800026d   Thumb Code     0  rt_memcpy_w.o(.text)
    __aeabi_memcpy8                          0x0800026d   Thumb Code     0  rt_memcpy_w.o(.text)
    __rt_memcpy_w                            0x0800026d   Thumb Code   100  rt_memcpy_w.o(.text)
    _memcpy_lastbytes_aligned                0x080002b5   Thumb Code     0  rt_memcpy_w.o(.text)
    __use_two_region_memory                  0x080002d1   Thumb Code     2  heapauxi.o(.text)
    __rt_heap_escrow$2region                 0x080002d3   Thumb Code     2  heapauxi.o(.text)
    __rt_heap_expand$2region                 0x080002d5   Thumb Code     2  heapauxi.o(.text)
    __cpp_initialize__aeabi_                 0x080002d9   Thumb Code    26  init_aeabi.o(.text)
    __read_errno                             0x080002fd   Thumb Code    10  _rserrno.o(.text)
    __set_errno                              0x08000307   Thumb Code    12  _rserrno.o(.text)
    __aeabi_errno_addr                       0x08000315   Thumb Code     8  rt_errno_addr_intlibspace.o(.text)
    __errno$intlibspace                      0x08000315   Thumb Code     0  rt_errno_addr_intlibspace.o(.text)
    __rt_errno_addr$intlibspace              0x08000315   Thumb Code     0  rt_errno_addr_intlibspace.o(.text)
    __user_libspace                          0x0800031d   Thumb Code     8  libspace.o(.text)
    __user_perproc_libspace                  0x0800031d   Thumb Code     0  libspace.o(.text)
    __user_perthread_libspace                0x0800031d   Thumb Code     0  libspace.o(.text)
    __user_setup_stackheap                   0x08000325   Thumb Code    74  sys_stackheap_outer.o(.text)
    exit                                     0x0800036f   Thumb Code    12  exit.o(.text)
    __I$use$semihosting                      0x0800037b   Thumb Code     0  use_no_semi.o(.text)
    __use_no_semihosting_swi                 0x0800037b   Thumb Code     2  use_no_semi.o(.text)
    __semihosting_library_function           0x0800037d   Thumb Code     0  indicate_semi.o(.text)
    _sys_exit                                0x0800037d   Thumb Code     8  sys_exit.o(.text)
    BusFault_Handler                         0x08000389   Thumb Code     2  stm32f4xx_it.o(i.BusFault_Handler)
    DebugMon_Handler                         0x0800038b   Thumb Code     2  stm32f4xx_it.o(i.DebugMon_Handler)
    ENCL_getValue                            0x0800038d   Thumb Code    26  encoder.o(i.ENCL_getValue)
    ENCR_getValue                            0x080003a9   Thumb Code    24  encoder.o(i.ENCR_getValue)
    EXTI_Init                                0x080003c5   Thumb Code   108  stm32f4xx_exti.o(i.EXTI_Init)
    FLASH_EraseSector                        0x08000435   Thumb Code   104  stm32f4xx_flash.o(i.FLASH_EraseSector)
    FLASH_GetStatus                          0x080004a1   Thumb Code    56  stm32f4xx_flash.o(i.FLASH_GetStatus)
    FLASH_ProgramWord                        0x080004dd   Thumb Code    56  stm32f4xx_flash.o(i.FLASH_ProgramWord)
    FLASH_WaitForLastOperation               0x08000519   Thumb Code    30  stm32f4xx_flash.o(i.FLASH_WaitForLastOperation)
    GPIO_Init                                0x08000537   Thumb Code   120  stm32f4xx_gpio.o(i.GPIO_Init)
    GPIO_PinAFConfig                         0x080005af   Thumb Code    32  stm32f4xx_gpio.o(i.GPIO_PinAFConfig)
    GPIO_ReadInputDataBit                    0x080005cf   Thumb Code    14  stm32f4xx_gpio.o(i.GPIO_ReadInputDataBit)
    GPIO_ResetBits                           0x080005dd   Thumb Code     4  stm32f4xx_gpio.o(i.GPIO_ResetBits)
    GPIO_SetBits                             0x080005e1   Thumb Code     4  stm32f4xx_gpio.o(i.GPIO_SetBits)
    HardFault_Handler                        0x080005e5   Thumb Code     2  stm32f4xx_it.o(i.HardFault_Handler)
    I2C_AcknowledgeConfig                    0x080005e7   Thumb Code    20  stm32f4xx_i2c.o(i.I2C_AcknowledgeConfig)
    I2C_CheckEvent                           0x080005fb   Thumb Code    24  stm32f4xx_i2c.o(i.I2C_CheckEvent)
    I2C_Cmd                                  0x08000613   Thumb Code    20  stm32f4xx_i2c.o(i.I2C_Cmd)
    I2C_GenerateSTART                        0x08000627   Thumb Code    20  stm32f4xx_i2c.o(i.I2C_GenerateSTART)
    I2C_GenerateSTOP                         0x0800063b   Thumb Code    20  stm32f4xx_i2c.o(i.I2C_GenerateSTOP)
    I2C_GetFlagStatus                        0x0800064f   Thumb Code    42  stm32f4xx_i2c.o(i.I2C_GetFlagStatus)
    I2C_Init                                 0x08000679   Thumb Code   174  stm32f4xx_i2c.o(i.I2C_Init)
    I2C_ReceiveData                          0x08000731   Thumb Code     6  stm32f4xx_i2c.o(i.I2C_ReceiveData)
    I2C_Send7bitAddress                      0x08000737   Thumb Code    16  stm32f4xx_i2c.o(i.I2C_Send7bitAddress)
    I2C_SendData                             0x08000747   Thumb Code     4  stm32f4xx_i2c.o(i.I2C_SendData)
    LIS302DL_FilterConfig                    0x0800074b   Thumb Code    60  stm32f4_discovery_lis302dl.o(i.LIS302DL_FilterConfig)
    LIS302DL_Init                            0x08000787   Thumb Code    48  stm32f4_discovery_lis302dl.o(i.LIS302DL_Init)
    LIS302DL_Read                            0x080008d9   Thumb Code    70  stm32f4_discovery_lis302dl.o(i.LIS302DL_Read)
    LIS302DL_ReadACC                         0x08000925   Thumb Code    94  stm32f4_discovery_lis302dl.o(i.LIS302DL_ReadACC)
    LIS302DL_TIMEOUT_UserCallback            0x080009e5   Thumb Code    12  main.o(i.LIS302DL_TIMEOUT_UserCallback)
    LIS302DL_Write                           0x080009f5   Thumb Code    64  stm32f4_discovery_lis302dl.o(i.LIS302DL_Write)
    MemManage_Handler                        0x08000a39   Thumb Code     2  stm32f4xx_it.o(i.MemManage_Handler)
    NMI_Handler                              0x08000a3b   Thumb Code     2  stm32f4xx_it.o(i.NMI_Handler)
    NVIC_Init                                0x08000a3d   Thumb Code    96  misc.o(i.NVIC_Init)
    PendSV_Handler                           0x08000aa1   Thumb Code     2  stm32f4xx_it.o(i.PendSV_Handler)
    RCC_AHB1PeriphClockCmd                   0x08000aa5   Thumb Code    18  stm32f4xx_rcc.o(i.RCC_AHB1PeriphClockCmd)
    RCC_APB1PeriphClockCmd                   0x08000abd   Thumb Code    18  stm32f4xx_rcc.o(i.RCC_APB1PeriphClockCmd)
    RCC_APB1PeriphResetCmd                   0x08000ad5   Thumb Code    18  stm32f4xx_rcc.o(i.RCC_APB1PeriphResetCmd)
    RCC_APB2PeriphClockCmd                   0x08000aed   Thumb Code    18  stm32f4xx_rcc.o(i.RCC_APB2PeriphClockCmd)
    RCC_APB2PeriphResetCmd                   0x08000b05   Thumb Code    18  stm32f4xx_rcc.o(i.RCC_APB2PeriphResetCmd)
    RCC_GetClocksFreq                        0x08000b1d   Thumb Code   132  stm32f4xx_rcc.o(i.RCC_GetClocksFreq)
    SPI_Cmd                                  0x08000bad   Thumb Code    20  stm32f4xx_spi.o(i.SPI_Cmd)
    SPI_I2S_DeInit                           0x08000bc1   Thumb Code   108  stm32f4xx_spi.o(i.SPI_I2S_DeInit)
    SPI_I2S_GetFlagStatus                    0x08000c45   Thumb Code    14  stm32f4xx_spi.o(i.SPI_I2S_GetFlagStatus)
    SPI_I2S_ReceiveData                      0x08000c53   Thumb Code     4  stm32f4xx_spi.o(i.SPI_I2S_ReceiveData)
    SPI_I2S_SendData                         0x08000c57   Thumb Code     4  stm32f4xx_spi.o(i.SPI_I2S_SendData)
    SPI_Init                                 0x08000c5b   Thumb Code    56  stm32f4xx_spi.o(i.SPI_Init)
    STM_EVAL_LEDInit                         0x08000c95   Thumb Code    62  stm32f4_discovery.o(i.STM_EVAL_LEDInit)
    STM_EVAL_LEDOff                          0x08000cdd   Thumb Code    16  stm32f4_discovery.o(i.STM_EVAL_LEDOff)
    STM_EVAL_LEDToggle                       0x08000cf5   Thumb Code    20  stm32f4_discovery.o(i.STM_EVAL_LEDToggle)
    STM_EVAL_PBGetState                      0x08000d11   Thumb Code    16  stm32f4_discovery.o(i.STM_EVAL_PBGetState)
    STM_EVAL_PBInit                          0x08000d29   Thumb Code   144  stm32f4_discovery.o(i.STM_EVAL_PBInit)
    SVC_Handler                              0x08000dc1   Thumb Code     2  stm32f4xx_it.o(i.SVC_Handler)
    SYSCFG_EXTILineConfig                    0x08000dc5   Thumb Code    42  stm32f4xx_syscfg.o(i.SYSCFG_EXTILineConfig)
    SysTick_Handler                          0x08000ea9   Thumb Code    38  stm32f4xx_it.o(i.SysTick_Handler)
    SystemInit                               0x08000ee1   Thumb Code    74  system_stm32f4xx.o(i.SystemInit)
    TIM_ARRPreloadConfig                     0x08000f3d   Thumb Code    20  stm32f4xx_tim.o(i.TIM_ARRPreloadConfig)
    TIM_CCxCmd                               0x08000f51   Thumb Code    22  stm32f4xx_tim.o(i.TIM_CCxCmd)
    TIM_Cmd                                  0x08000f67   Thumb Code    20  stm32f4xx_tim.o(i.TIM_Cmd)
    TIM_GetCounter                           0x08000f7b   Thumb Code     4  stm32f4xx_tim.o(i.TIM_GetCounter)
    TIM_OC3Init                              0x08000f81   Thumb Code   116  stm32f4xx_tim.o(i.TIM_OC3Init)
    TIM_OC3PreloadConfig                     0x08000ffd   Thumb Code    12  stm32f4xx_tim.o(i.TIM_OC3PreloadConfig)
    TIM_OC4Init                              0x08001009   Thumb Code    88  stm32f4xx_tim.o(i.TIM_OC4Init)
    TIM_OC4PreloadConfig                     0x08001069   Thumb Code    20  stm32f4xx_tim.o(i.TIM_OC4PreloadConfig)
    TIM_SetCompare3                          0x0800107d   Thumb Code     4  stm32f4xx_tim.o(i.TIM_SetCompare3)
    TIM_SetCompare4                          0x08001081   Thumb Code     4  stm32f4xx_tim.o(i.TIM_SetCompare4)
    TIM_SetCounter                           0x08001085   Thumb Code     4  stm32f4xx_tim.o(i.TIM_SetCounter)
    TIM_TimeBaseInit                         0x08001089   Thumb Code    96  stm32f4xx_tim.o(i.TIM_TimeBaseInit)
    UsageFault_Handler                       0x08001105   Thumb Code     2  stm32f4xx_it.o(i.UsageFault_Handler)
    TIM_Config()                             0x08001109   Thumb Code   240  motordriver.o(i._Z10TIM_Configv)
    Fail_Handler()                           0x0800120d   Thumb Code    32  main.o(i._Z12Fail_Handlerv)
    PID::Initialize()                        0x08001231   Thumb Code    80  pid_v1.o(i._ZN3PID10InitializeEv)
    PID::SetTunings(double, double, double)  0x08001281   Thumb Code   212  pid_v1.o(i._ZN3PID10SetTuningsEddd)
    PID::parameters(double*, double*, double*, double, double, double, int) 0x08001365   Thumb Code   120  pid_v1.o(i._ZN3PID10parametersEPdS0_S0_dddi)
    PID::SetSampleTime(int)                  0x080013ed   Thumb Code    88  pid_v1.o(i._ZN3PID13SetSampleTimeEi)
    PID::SetOutputLimits(double, double)     0x08001445   Thumb Code   178  pid_v1.o(i._ZN3PID15SetOutputLimitsEdd)
    PID::SetControllerDirection(int)         0x080014f7   Thumb Code    70  pid_v1.o(i._ZN3PID22SetControllerDirectionEi)
    PID::Compute()                           0x0800153d   Thumb Code   296  pid_v1.o(i._ZN3PID7ComputeEv)
    PID::SetMode(int)                        0x08001665   Thumb Code    42  pid_v1.o(i._ZN3PID7SetModeEi)
    PID::PID()                               0x0800168f   Thumb Code     2  pid_v1.o(i._ZN3PIDC1Ev)
    PID::PID__sub_object()                   0x0800168f   Thumb Code     0  pid_v1.o(i._ZN3PIDC1Ev)
    Motor::registerControl(void(*)(int), short(*)()) 0x08001691   Thumb Code     6  motor.o(i._ZN5Motor15registerControlEPFYviEPFYsvE)
    Motor::run(int)                          0x08001697   Thumb Code    32  motor.o(i._ZN5Motor3runEi)
    Motor::ping()                            0x080016b9   Thumb Code   128  motor.o(i._ZN5Motor4pingEv)
    Motor::Motor()                           0x08001741   Thumb Code   132  motor.o(i._ZN5MotorC1Ev)
    Motor::Motor__sub_object()               0x08001741   Thumb Code     0  motor.o(i._ZN5MotorC1Ev)
    I2CDev::writeBytes(unsigned char, unsigned char, unsigned short, unsigned char*) 0x080017d5   Thumb Code   336  i2cdev.o(i._ZN6I2CDev10writeBytesEhhtPh)
    I2CDev::Init()                           0x08001931   Thumb Code   174  i2cdev.o(i._ZN6I2CDev4InitEv)
    I2CDev::readBits(unsigned char, unsigned char, unsigned char, unsigned char*) 0x080019ed   Thumb Code    44  i2cdev.o(i._ZN6I2CDev8readBitsEhhhPh)
    I2CDev::readBits(unsigned char, unsigned char, unsigned char, unsigned char, unsigned char*) 0x08001a19   Thumb Code    48  i2cdev.o(i._ZN6I2CDev8readBitsEhhhhPh)
    I2CDev::writeBit(unsigned char, unsigned char, unsigned char, unsigned char) 0x08001a49   Thumb Code    22  i2cdev.o(i._ZN6I2CDev8writeBitEhhhh)
    I2CDev::readBytes(unsigned char, unsigned char, unsigned short, unsigned char*) 0x08001a61   Thumb Code   442  i2cdev.o(i._ZN6I2CDev9readBytesEhhtPh)
    I2CDev::writeBits(unsigned char, unsigned char, unsigned char) 0x08001c29   Thumb Code    56  i2cdev.o(i._ZN6I2CDev9writeBitsEhhh)
    I2CDev::writeBits(unsigned char, unsigned char, unsigned char, unsigned char, unsigned char) 0x08001c61   Thumb Code    48  i2cdev.o(i._ZN6I2CDev9writeBitsEhhhhh)
    I2CDev::I2CDev()                         0x08001c91   Thumb Code    14  i2cdev.o(i._ZN6I2CDevC1Ev)
    I2CDev::I2CDev__sub_object()             0x08001c91   Thumb Code     0  i2cdev.o(i._ZN6I2CDevC1Ev)
    Kalman::getAngle(double, double, double) 0x08001c9f   Thumb Code   498  main.o(i._ZN6Kalman8getAngleEddd)
    MPU6050::getMotion6(short*, short*, short*, short*, short*, short*) 0x08001e91   Thumb Code    84  mpu6050.o(i._ZN7MPU605010getMotion6EPsS0_S0_S0_S0_S0_)
    MPU6050::initialize()                    0x08001ee5   Thumb Code    44  mpu6050.o(i._ZN7MPU605010initializeEv)
    MPU6050::getDeviceID()                   0x08001f11   Thumb Code    30  mpu6050.o(i._ZN7MPU605011getDeviceIDEv)
    MPU6050::setClockSource(unsigned char)   0x08001f2f   Thumb Code    20  mpu6050.o(i._ZN7MPU605014setClockSourceEh)
    MPU6050::testConnection()                0x08001f43   Thumb Code    18  mpu6050.o(i._ZN7MPU605014testConnectionEv)
    MPU6050::setSleepEnabled(bool)           0x08001f55   Thumb Code    16  mpu6050.o(i._ZN7MPU605015setSleepEnabledEb)
    MPU6050::setFullScaleGyroRange(unsigned char) 0x08001f65   Thumb Code    20  mpu6050.o(i._ZN7MPU605021setFullScaleGyroRangeEh)
    MPU6050::setFullScaleAccelRange(unsigned char) 0x08001f79   Thumb Code    20  mpu6050.o(i._ZN7MPU605022setFullScaleAccelRangeEh)
    MPU6050::MPU6050()                       0x08001f8d   Thumb Code    12  mpu6050.o(i._ZN7MPU6050C1Ev)
    MPU6050::MPU6050__sub_object()           0x08001f8d   Thumb Code     0  mpu6050.o(i._ZN7MPU6050C1Ev)
    __ARM_fpclassifyf                        0x08001f99   Thumb Code    38  fpclassifyf.o(i.__ARM_fpclassifyf)
    __hardfp_atanf                           0x08001fc1   Thumb Code   290  atanf.o(i.__hardfp_atanf)
    __hardfp_sqrtf                           0x0800211d   Thumb Code    58  sqrtf.o(i.__hardfp_sqrtf)
    __hardfp_tanf                            0x08002159   Thumb Code   314  tanf.o(i.__hardfp_tanf)
    __mathlib_flt_underflow                  0x080022d1   Thumb Code    10  funder.o(i.__mathlib_flt_underflow)
    __mathlib_rredf2                         0x080022e1   Thumb Code   296  rredf.o(i.__mathlib_rredf2)
    _delay_ms                                0x080024c9   Thumb Code    12  delay.o(i._delay_ms)
    delay_init                               0x080024d9   Thumb Code    52  delay.o(i.delay_init)
    delay_routine                            0x08002511   Thumb Code    20  delay.o(i.delay_routine)
    main                                     0x08002529   Thumb Code   954  main.o(i.main)
    millis                                   0x08002959   Thumb Code     6  delay.o(i.millis)
    motor_init                               0x08002965   Thumb Code     4  motordriver.o(i.motor_init)
    motor_left_pwm                           0x08002969   Thumb Code    44  motordriver.o(i.motor_left_pwm)
    motor_right_pwm                          0x0800299d   Thumb Code    44  motordriver.o(i.motor_right_pwm)
    __aeabi_dneg                             0x080029d1   Thumb Code     0  basic.o(x$fpl$basic)
    _dneg                                    0x080029d1   Thumb Code     6  basic.o(x$fpl$basic)
    __aeabi_fneg                             0x080029d7   Thumb Code     0  basic.o(x$fpl$basic)
    _fneg                                    0x080029d7   Thumb Code     6  basic.o(x$fpl$basic)
    _dabs                                    0x080029dd   Thumb Code     6  basic.o(x$fpl$basic)
    _fabs                                    0x080029e3   Thumb Code     6  basic.o(x$fpl$basic)
    __aeabi_d2f                              0x080029e9   Thumb Code     0  d2f.o(x$fpl$d2f)
    _d2f                                     0x080029e9   Thumb Code    98  d2f.o(x$fpl$d2f)
    __aeabi_dadd                             0x08002a4d   Thumb Code     0  daddsub_clz.o(x$fpl$dadd)
    _dadd                                    0x08002a4d   Thumb Code   332  daddsub_clz.o(x$fpl$dadd)
    __fpl_dcmp_Inf                           0x08002b9d   Thumb Code    24  dcmpi.o(x$fpl$dcmpinf)
    __aeabi_ddiv                             0x08002bb5   Thumb Code     0  ddiv.o(x$fpl$ddiv)
    _ddiv                                    0x08002bb5   Thumb Code   552  ddiv.o(x$fpl$ddiv)
    __aeabi_d2iz                             0x08002e65   Thumb Code     0  dfix.o(x$fpl$dfix)
    _dfix                                    0x08002e65   Thumb Code    94  dfix.o(x$fpl$dfix)
    __aeabi_i2d                              0x08002ec3   Thumb Code     0  dflt_clz.o(x$fpl$dflt)
    _dflt                                    0x08002ec3   Thumb Code    46  dflt_clz.o(x$fpl$dflt)
    __aeabi_ui2d                             0x08002ef1   Thumb Code     0  dflt_clz.o(x$fpl$dfltu)
    _dfltu                                   0x08002ef1   Thumb Code    38  dflt_clz.o(x$fpl$dfltu)
    __aeabi_cdcmple                          0x08002f19   Thumb Code     0  dleqf.o(x$fpl$dleqf)
    _dcmple                                  0x08002f19   Thumb Code   120  dleqf.o(x$fpl$dleqf)
    __fpl_dcmple_InfNaN                      0x08002f7b   Thumb Code     0  dleqf.o(x$fpl$dleqf)
    __aeabi_dmul                             0x08002f91   Thumb Code     0  dmul.o(x$fpl$dmul)
    _dmul                                    0x08002f91   Thumb Code   332  dmul.o(x$fpl$dmul)
    __fpl_dnaninf                            0x080030e5   Thumb Code   156  dnaninf.o(x$fpl$dnaninf)
    __fpl_dretinf                            0x08003181   Thumb Code    12  dretinf.o(x$fpl$dretinf)
    __aeabi_cdrcmple                         0x0800318d   Thumb Code     0  drleqf.o(x$fpl$drleqf)
    _drcmple                                 0x0800318d   Thumb Code   108  drleqf.o(x$fpl$drleqf)
    __aeabi_drsub                            0x080031f9   Thumb Code     0  daddsub_clz.o(x$fpl$drsb)
    _drsb                                    0x080031f9   Thumb Code    22  daddsub_clz.o(x$fpl$drsb)
    __aeabi_dsub                             0x08003211   Thumb Code     0  daddsub_clz.o(x$fpl$dsub)
    _dsub                                    0x08003211   Thumb Code   464  daddsub_clz.o(x$fpl$dsub)
    __aeabi_f2d                              0x080033e5   Thumb Code     0  f2d.o(x$fpl$f2d)
    _f2d                                     0x080033e5   Thumb Code    86  f2d.o(x$fpl$f2d)
    __fpl_fnaninf                            0x0800343b   Thumb Code   140  fnaninf.o(x$fpl$fnaninf)
    _fp_init                                 0x080034c7   Thumb Code    10  fpinit.o(x$fpl$fpinit)
    __fplib_config_fpu_vfp                   0x080034cf   Thumb Code     0  fpinit.o(x$fpl$fpinit)
    __fplib_config_pureend_doubles           0x080034cf   Thumb Code     0  fpinit.o(x$fpl$fpinit)
    __fpl_fretinf                            0x080034d1   Thumb Code    10  fretinf.o(x$fpl$fretinf)
    __I$use$fp                               0x080034da   Number         0  usenofp.o(x$fpl$usenofp)
    BUTTON_PORT_SOURCE                       0x080034dc   Data           1  stm32f4_discovery.o(.constdata)
    BUTTON_PIN_SOURCE                        0x080034dd   Data           1  stm32f4_discovery.o(.constdata)
    BUTTON_IRQn                              0x080034de   Data           1  stm32f4_discovery.o(.constdata)
    BUTTON_PIN                               0x080034e0   Data           2  stm32f4_discovery.o(.constdata)
    BUTTON_EXTI_LINE                         0x080034e2   Data           2  stm32f4_discovery.o(.constdata)
    BUTTON_CLK                               0x080034e4   Data           4  stm32f4_discovery.o(.constdata)
    GPIO_PIN                                 0x080034e8   Data           8  stm32f4_discovery.o(.constdata)
    GPIO_CLK                                 0x080034f0   Data          16  stm32f4_discovery.o(.constdata)
    Region$$Table$$Base                      0x08003520   Number         0  anon$$obj.o(Region$$Table)
    Region$$Table$$Limit                     0x08003540   Number         0  anon$$obj.o(Region$$Table)
    SHT$$INIT_ARRAY$$Base                    0x08003540   Number         0  main.o(.init_array)
    SHT$$INIT_ARRAY$$Limit                   0x08003544   Number         0  init_aeabi.o(.init_array)
    DemoEnterCondition                       0x20000000   Data           1  main.o(.data)
    g_pidEnable                              0x20000001   Data           1  main.o(.data)
    ConnectionOK                             0x20000002   Data           1  main.o(.data)
    ax                                       0x20000004   Data           2  main.o(.data)
    ay                                       0x20000006   Data           2  main.o(.data)
    az                                       0x20000008   Data           2  main.o(.data)
    gx                                       0x2000000a   Data           2  main.o(.data)
    gy                                       0x2000000c   Data           2  main.o(.data)
    gz                                       0x2000000e   Data           2  main.o(.data)
    LIS302DL_FilterStruct                    0x20000010   Data           3  main.o(.data)
    LIS302DL_InitStruct                      0x20000013   Data           5  main.o(.data)
    roll                                     0x20000018   Data           8  main.o(.data)
    rollAjust                                0x20000020   Data           8  main.o(.data)
    kAngle                                   0x20000028   Data           8  main.o(.data)
    Bal_PWM                                  0x20000030   Data           8  main.o(.data)
    Bal_Setpoint                             0x20000038   Data           8  main.o(.data)
    Bal_PWM_IN                               0x20000040   Data           8  main.o(.data)
    delayCounter                             0x20000048   Data           4  delay.o(.data)
    millisCounter                            0x2000004c   Data           4  delay.o(.data)
    BUTTON_PORT                              0x20000050   Data           4  stm32f4_discovery.o(.data)
    GPIO_PORT                                0x20000054   Data          16  stm32f4_discovery.o(.data)
    LIS302DLTimeout                          0x20000064   Data           4  stm32f4_discovery_lis302dl.o(.data)
    SystemCoreClock                          0x20000078   Data           4  system_stm32f4xx.o(.data)
    AHBPrescTable                            0x2000007c   Data          16  system_stm32f4xx.o(.data)
    motorL                                   0x20000090   Data         200  main.o(.bss)
    motorR                                   0x20000158   Data         200  main.o(.bss)
    Bal_pid                                  0x20000220   Data         120  main.o(.bss)
    Buffer                                   0x20000298   Data          24  main.o(.bss)
    kRoll                                    0x200002b0   Data         112  main.o(.bss)
    accelgyro                                0x20000320   Data          52  main.o(.bss)
    abf                                      0x20000358   Data          56  main.o(.bss)
    __libspace_start                         0x20000390   Data          96  libspace.o(.bss)
    __temporary_stack_top$libspace           0x200003f0   Data           0  libspace.o(.bss)



==============================================================================

Memory Map of the image

  Image Entry point : 0x08000189

  Load Region LR_IROM1 (Base: 0x08000000, Size: 0x000035d0, Max: 0x00100000, ABSOLUTE)

    Execution Region ER_IROM1 (Base: 0x08000000, Size: 0x00003544, Max: 0x00100000, ABSOLUTE)

    Base Addr    Size         Type   Attr      Idx    E Section Name        Object

    0x08000000   0x00000188   Data   RO         4572    RESET               startup_stm32f40_41xxx.o
    0x08000188   0x00000008   Code   RO         4874  * !!!main             c_w.l(__main.o)
    0x08000190   0x00000034   Code   RO         5127    !!!scatter          c_w.l(__scatter.o)
    0x080001c4   0x0000001a   Code   RO         5129    !!handler_copy      c_w.l(__scatter_copy.o)
    0x080001de   0x00000002   PAD
    0x080001e0   0x0000001c   Code   RO         5131    !!handler_zi        c_w.l(__scatter_zi.o)
    0x080001fc   0x00000002   Code   RO         5054    .ARM.Collect$$libinit$$00000000  c_w.l(libinit.o)
    0x080001fe   0x00000004   Code   RO         4953    .ARM.Collect$$libinit$$00000001  c_w.l(libinit2.o)
    0x08000202   0x00000000   Code   RO         4957    .ARM.Collect$$libinit$$00000008  c_w.l(libinit2.o)
    0x08000202   0x00000000   Code   RO         4959    .ARM.Collect$$libinit$$0000000A  c_w.l(libinit2.o)
    0x08000202   0x00000000   Code   RO         4961    .ARM.Collect$$libinit$$0000000C  c_w.l(libinit2.o)
    0x08000202   0x00000000   Code   RO         4964    .ARM.Collect$$libinit$$0000000F  c_w.l(libinit2.o)
    0x08000202   0x00000000   Code   RO         4966    .ARM.Collect$$libinit$$00000011  c_w.l(libinit2.o)
    0x08000202   0x00000000   Code   RO         4968    .ARM.Collect$$libinit$$00000013  c_w.l(libinit2.o)
    0x08000202   0x00000000   Code   RO         4970    .ARM.Collect$$libinit$$00000015  c_w.l(libinit2.o)
    0x08000202   0x00000000   Code   RO         4972    .ARM.Collect$$libinit$$00000017  c_w.l(libinit2.o)
    0x08000202   0x00000000   Code   RO         4974    .ARM.Collect$$libinit$$00000019  c_w.l(libinit2.o)
    0x08000202   0x00000000   Code   RO         4976    .ARM.Collect$$libinit$$0000001B  c_w.l(libinit2.o)
    0x08000202   0x00000000   Code   RO         4978    .ARM.Collect$$libinit$$0000001D  c_w.l(libinit2.o)
    0x08000202   0x00000000   Code   RO         4980    .ARM.Collect$$libinit$$0000001F  c_w.l(libinit2.o)
    0x08000202   0x00000000   Code   RO         4982    .ARM.Collect$$libinit$$00000021  c_w.l(libinit2.o)
    0x08000202   0x00000000   Code   RO         4984    .ARM.Collect$$libinit$$00000023  c_w.l(libinit2.o)
    0x08000202   0x00000000   Code   RO         4988    .ARM.Collect$$libinit$$0000002A  c_w.l(libinit2.o)
    0x08000202   0x00000000   Code   RO         4990    .ARM.Collect$$libinit$$0000002C  c_w.l(libinit2.o)
    0x08000202   0x00000000   Code   RO         4992    .ARM.Collect$$libinit$$0000002E  c_w.l(libinit2.o)
    0x08000202   0x00000004   Code   RO         4993    .ARM.Collect$$libinit$$0000002F  c_w.l(libinit2.o)
    0x08000206   0x00000000   Code   RO         4994    .ARM.Collect$$libinit$$00000030  c_w.l(libinit2.o)
    0x08000206   0x00000002   Code   RO         4995    .ARM.Collect$$libinit$$00000031  c_w.l(libinit2.o)
    0x08000208   0x00000002   Code   RO         5089    .ARM.Collect$$libshutdown$$00000000  c_w.l(libshutdown.o)
    0x0800020a   0x00000000   Code   RO         5096    .ARM.Collect$$libshutdown$$00000003  c_w.l(libshutdown2.o)
    0x0800020a   0x00000000   Code   RO         5099    .ARM.Collect$$libshutdown$$00000006  c_w.l(libshutdown2.o)
    0x0800020a   0x00000000   Code   RO         5102    .ARM.Collect$$libshutdown$$00000009  c_w.l(libshutdown2.o)
    0x0800020a   0x00000000   Code   RO         5104    .ARM.Collect$$libshutdown$$0000000B  c_w.l(libshutdown2.o)
    0x0800020a   0x00000000   Code   RO         5107    .ARM.Collect$$libshutdown$$0000000E  c_w.l(libshutdown2.o)
    0x0800020a   0x00000002   Code   RO         5108    .ARM.Collect$$libshutdown$$0000000F  c_w.l(libshutdown2.o)
    0x0800020c   0x00000000   Code   RO         4950    .ARM.Collect$$rtentry$$00000000  c_w.l(rtentry.o)
    0x0800020c   0x00000000   Code   RO         5015    .ARM.Collect$$rtentry$$00000002  c_w.l(rtentry2.o)
    0x0800020c   0x00000006   Code   RO         5027    .ARM.Collect$$rtentry$$00000004  c_w.l(rtentry4.o)
    0x08000212   0x00000000   Code   RO         5017    .ARM.Collect$$rtentry$$00000009  c_w.l(rtentry2.o)
    0x08000212   0x00000004   Code   RO         5018    .ARM.Collect$$rtentry$$0000000A  c_w.l(rtentry2.o)
    0x08000216   0x00000000   Code   RO         5020    .ARM.Collect$$rtentry$$0000000C  c_w.l(rtentry2.o)
    0x08000216   0x00000008   Code   RO         5021    .ARM.Collect$$rtentry$$0000000D  c_w.l(rtentry2.o)
    0x0800021e   0x00000002   Code   RO         5057    .ARM.Collect$$rtexit$$00000000  c_w.l(rtexit.o)
    0x08000220   0x00000000   Code   RO         5069    .ARM.Collect$$rtexit$$00000002  c_w.l(rtexit2.o)
    0x08000220   0x00000004   Code   RO         5070    .ARM.Collect$$rtexit$$00000003  c_w.l(rtexit2.o)
    0x08000224   0x00000006   Code   RO         5071    .ARM.Collect$$rtexit$$00000004  c_w.l(rtexit2.o)
    0x0800022a   0x00000002   PAD
    0x0800022c   0x00000040   Code   RO         4573    .text               startup_stm32f40_41xxx.o
    0x0800026c   0x00000064   Code   RO         4870    .text               c_w.l(rt_memcpy_w.o)
    0x080002d0   0x00000006   Code   RO         4872    .text               c_w.l(heapauxi.o)
    0x080002d6   0x00000002   PAD
    0x080002d8   0x00000024   Code   RO         4879    .text               c_w.l(init_aeabi.o)
    0x080002fc   0x00000016   Code   RO         4951    .text               c_w.l(_rserrno.o)
    0x08000312   0x00000002   PAD
    0x08000314   0x00000008   Code   RO         5032    .text               c_w.l(rt_errno_addr_intlibspace.o)
    0x0800031c   0x00000008   Code   RO         5038    .text               c_w.l(libspace.o)
    0x08000324   0x0000004a   Code   RO         5041    .text               c_w.l(sys_stackheap_outer.o)
    0x0800036e   0x0000000c   Code   RO         5043    .text               c_w.l(exit.o)
    0x0800037a   0x00000002   Code   RO         5065    .text               c_w.l(use_no_semi.o)
    0x0800037c   0x00000000   Code   RO         5067    .text               c_w.l(indicate_semi.o)
    0x0800037c   0x0000000c   Code   RO         5081    .text               c_w.l(sys_exit.o)
    0x08000388   0x00000002   Code   RO          359    i.BusFault_Handler  stm32f4xx_it.o
    0x0800038a   0x00000002   Code   RO          360    i.DebugMon_Handler  stm32f4xx_it.o
    0x0800038c   0x0000001a   Code   RO          450    i.ENCL_getValue     encoder.o
    0x080003a6   0x00000002   PAD
    0x080003a8   0x0000001c   Code   RO          451    i.ENCR_getValue     encoder.o
    0x080003c4   0x00000070   Code   RO         2911    i.EXTI_Init         stm32f4xx_exti.o
    0x08000434   0x0000006c   Code   RO         4622    i.FLASH_EraseSector  stm32f4xx_flash.o
    0x080004a0   0x0000003c   Code   RO         4624    i.FLASH_GetStatus   stm32f4xx_flash.o
    0x080004dc   0x0000003c   Code   RO         4652    i.FLASH_ProgramWord  stm32f4xx_flash.o
    0x08000518   0x0000001e   Code   RO         4655    i.FLASH_WaitForLastOperation  stm32f4xx_flash.o
    0x08000536   0x00000078   Code   RO         2968    i.GPIO_Init         stm32f4xx_gpio.o
    0x080005ae   0x00000020   Code   RO         2969    i.GPIO_PinAFConfig  stm32f4xx_gpio.o
    0x080005ce   0x0000000e   Code   RO         2972    i.GPIO_ReadInputDataBit  stm32f4xx_gpio.o
    0x080005dc   0x00000004   Code   RO         2975    i.GPIO_ResetBits    stm32f4xx_gpio.o
    0x080005e0   0x00000004   Code   RO         2976    i.GPIO_SetBits      stm32f4xx_gpio.o
    0x080005e4   0x00000002   Code   RO          361    i.HardFault_Handler  stm32f4xx_it.o
    0x080005e6   0x00000014   Code   RO         3066    i.I2C_AcknowledgeConfig  stm32f4xx_i2c.o
    0x080005fa   0x00000018   Code   RO         3069    i.I2C_CheckEvent    stm32f4xx_i2c.o
    0x08000612   0x00000014   Code   RO         3072    i.I2C_Cmd           stm32f4xx_i2c.o
    0x08000626   0x00000014   Code   RO         3080    i.I2C_GenerateSTART  stm32f4xx_i2c.o
    0x0800063a   0x00000014   Code   RO         3081    i.I2C_GenerateSTOP  stm32f4xx_i2c.o
    0x0800064e   0x0000002a   Code   RO         3082    i.I2C_GetFlagStatus  stm32f4xx_i2c.o
    0x08000678   0x000000b8   Code   RO         3087    i.I2C_Init          stm32f4xx_i2c.o
    0x08000730   0x00000006   Code   RO         3092    i.I2C_ReceiveData   stm32f4xx_i2c.o
    0x08000736   0x00000010   Code   RO         3094    i.I2C_Send7bitAddress  stm32f4xx_i2c.o
    0x08000746   0x00000004   Code   RO         3095    i.I2C_SendData      stm32f4xx_i2c.o
    0x0800074a   0x0000003c   Code   RO         2402    i.LIS302DL_FilterConfig  stm32f4_discovery_lis302dl.o
    0x08000786   0x00000030   Code   RO         2404    i.LIS302DL_Init     stm32f4_discovery_lis302dl.o
    0x080007b6   0x00000002   PAD
    0x080007b8   0x00000120   Code   RO         2406    i.LIS302DL_LowLevel_Init  stm32f4_discovery_lis302dl.o
    0x080008d8   0x0000004c   Code   RO         2408    i.LIS302DL_Read     stm32f4_discovery_lis302dl.o
    0x08000924   0x0000005e   Code   RO         2409    i.LIS302DL_ReadACC  stm32f4_discovery_lis302dl.o
    0x08000982   0x00000002   PAD
    0x08000984   0x00000060   Code   RO         2411    i.LIS302DL_SendByte  stm32f4_discovery_lis302dl.o
    0x080009e4   0x00000010   Code   RO            3    i.LIS302DL_TIMEOUT_UserCallback  main.o
    0x080009f4   0x00000044   Code   RO         2412    i.LIS302DL_Write    stm32f4_discovery_lis302dl.o
    0x08000a38   0x00000002   Code   RO          362    i.MemManage_Handler  stm32f4xx_it.o
    0x08000a3a   0x00000002   Code   RO          363    i.NMI_Handler       stm32f4xx_it.o
    0x08000a3c   0x00000064   Code   RO         2491    i.NVIC_Init         misc.o
    0x08000aa0   0x00000002   Code   RO          364    i.PendSV_Handler    stm32f4xx_it.o
    0x08000aa2   0x00000002   PAD
    0x08000aa4   0x00000018   Code   RO         3289    i.RCC_AHB1PeriphClockCmd  stm32f4xx_rcc.o
    0x08000abc   0x00000018   Code   RO         3298    i.RCC_APB1PeriphClockCmd  stm32f4xx_rcc.o
    0x08000ad4   0x00000018   Code   RO         3300    i.RCC_APB1PeriphResetCmd  stm32f4xx_rcc.o
    0x08000aec   0x00000018   Code   RO         3301    i.RCC_APB2PeriphClockCmd  stm32f4xx_rcc.o
    0x08000b04   0x00000018   Code   RO         3303    i.RCC_APB2PeriphResetCmd  stm32f4xx_rcc.o
    0x08000b1c   0x00000090   Code   RO         3310    i.RCC_GetClocksFreq  stm32f4xx_rcc.o
    0x08000bac   0x00000014   Code   RO         3623    i.SPI_Cmd           stm32f4xx_spi.o
    0x08000bc0   0x00000084   Code   RO         3630    i.SPI_I2S_DeInit    stm32f4xx_spi.o
    0x08000c44   0x0000000e   Code   RO         3631    i.SPI_I2S_GetFlagStatus  stm32f4xx_spi.o
    0x08000c52   0x00000004   Code   RO         3634    i.SPI_I2S_ReceiveData  stm32f4xx_spi.o
    0x08000c56   0x00000004   Code   RO         3635    i.SPI_I2S_SendData  stm32f4xx_spi.o
    0x08000c5a   0x00000038   Code   RO         3636    i.SPI_Init          stm32f4xx_spi.o
    0x08000c92   0x00000002   PAD
    0x08000c94   0x00000048   Code   RO         2277    i.STM_EVAL_LEDInit  stm32f4_discovery.o
    0x08000cdc   0x00000018   Code   RO         2278    i.STM_EVAL_LEDOff   stm32f4_discovery.o
    0x08000cf4   0x0000001c   Code   RO         2280    i.STM_EVAL_LEDToggle  stm32f4_discovery.o
    0x08000d10   0x00000018   Code   RO         2281    i.STM_EVAL_PBGetState  stm32f4_discovery.o
    0x08000d28   0x00000098   Code   RO         2282    i.STM_EVAL_PBInit   stm32f4_discovery.o
    0x08000dc0   0x00000002   Code   RO          365    i.SVC_Handler       stm32f4xx_it.o
    0x08000dc2   0x00000002   PAD
    0x08000dc4   0x00000030   Code   RO         3784    i.SYSCFG_EXTILineConfig  stm32f4xx_syscfg.o
    0x08000df4   0x000000b4   Code   RO         4579    i.SetSysClock       system_stm32f4xx.o
    0x08000ea8   0x00000038   Code   RO          366    i.SysTick_Handler   stm32f4xx_it.o
    0x08000ee0   0x0000005c   Code   RO         4581    i.SystemInit        system_stm32f4xx.o
    0x08000f3c   0x00000014   Code   RO         3839    i.TIM_ARRPreloadConfig  stm32f4xx_tim.o
    0x08000f50   0x00000016   Code   RO         3843    i.TIM_CCxCmd        stm32f4xx_tim.o
    0x08000f66   0x00000014   Code   RO         3851    i.TIM_Cmd           stm32f4xx_tim.o
    0x08000f7a   0x00000004   Code   RO         3870    i.TIM_GetCounter    stm32f4xx_tim.o
    0x08000f7e   0x00000002   PAD
    0x08000f80   0x0000007c   Code   RO         3890    i.TIM_OC3Init       stm32f4xx_tim.o
    0x08000ffc   0x0000000c   Code   RO         3893    i.TIM_OC3PreloadConfig  stm32f4xx_tim.o
    0x08001008   0x00000060   Code   RO         3895    i.TIM_OC4Init       stm32f4xx_tim.o
    0x08001068   0x00000014   Code   RO         3897    i.TIM_OC4PreloadConfig  stm32f4xx_tim.o
    0x0800107c   0x00000004   Code   RO         3915    i.TIM_SetCompare3   stm32f4xx_tim.o
    0x08001080   0x00000004   Code   RO         3916    i.TIM_SetCompare4   stm32f4xx_tim.o
    0x08001084   0x00000004   Code   RO         3917    i.TIM_SetCounter    stm32f4xx_tim.o
    0x08001088   0x0000007c   Code   RO         3923    i.TIM_TimeBaseInit  stm32f4xx_tim.o
    0x08001104   0x00000002   Code   RO          367    i.UsageFault_Handler  stm32f4xx_it.o
    0x08001106   0x00000002   PAD
    0x08001108   0x00000104   Code   RO          184    i._Z10TIM_Configv   motordriver.o
    0x0800120c   0x00000024   Code   RO            4    i._Z12Fail_Handlerv  main.o
    0x08001230   0x00000050   Code   RO          492    i._ZN3PID10InitializeEv  pid_v1.o
    0x08001280   0x000000e4   Code   RO          493    i._ZN3PID10SetTuningsEddd  pid_v1.o
    0x08001364   0x00000088   Code   RO          494    i._ZN3PID10parametersEPdS0_S0_dddi  pid_v1.o
    0x080013ec   0x00000058   Code   RO          496    i._ZN3PID13SetSampleTimeEi  pid_v1.o
    0x08001444   0x000000b2   Code   RO          497    i._ZN3PID15SetOutputLimitsEdd  pid_v1.o
    0x080014f6   0x00000046   Code   RO          498    i._ZN3PID22SetControllerDirectionEi  pid_v1.o
    0x0800153c   0x00000128   Code   RO          502    i._ZN3PID7ComputeEv  pid_v1.o
    0x08001664   0x0000002a   Code   RO          504    i._ZN3PID7SetModeEi  pid_v1.o
    0x0800168e   0x00000002   Code   RO          505    i._ZN3PIDC1Ev       pid_v1.o
    0x08001690   0x00000006   Code   RO          241    i._ZN5Motor15registerControlEPFYviEPFYsvE  motor.o
    0x08001696   0x00000020   Code   RO          242    i._ZN5Motor3runEi   motor.o
    0x080016b6   0x00000002   PAD
    0x080016b8   0x00000088   Code   RO          245    i._ZN5Motor4pingEv  motor.o
    0x08001740   0x00000094   Code   RO          246    i._ZN5MotorC1Ev     motor.o
    0x080017d4   0x0000015c   Code   RO          590    i._ZN6I2CDev10writeBytesEhhtPh  i2cdev.o
    0x08001930   0x000000bc   Code   RO          591    i._ZN6I2CDev4InitEv  i2cdev.o
    0x080019ec   0x0000002c   Code   RO          593    i._ZN6I2CDev8readBitsEhhhPh  i2cdev.o
    0x08001a18   0x00000030   Code   RO          594    i._ZN6I2CDev8readBitsEhhhhPh  i2cdev.o
    0x08001a48   0x00000016   Code   RO          597    i._ZN6I2CDev8writeBitEhhhh  i2cdev.o
    0x08001a5e   0x00000002   PAD
    0x08001a60   0x000001c8   Code   RO          598    i._ZN6I2CDev9readBytesEhhtPh  i2cdev.o
    0x08001c28   0x00000038   Code   RO          599    i._ZN6I2CDev9writeBitsEhhh  i2cdev.o
    0x08001c60   0x00000030   Code   RO          600    i._ZN6I2CDev9writeBitsEhhhhh  i2cdev.o
    0x08001c90   0x0000000e   Code   RO          603    i._ZN6I2CDevC1Ev    i2cdev.o
    0x08001c9e   0x000001f2   Code   RO           51    i._ZN6Kalman8getAngleEddd  main.o
    0x08001e90   0x00000054   Code   RO          697    i._ZN7MPU605010getMotion6EPsS0_S0_S0_S0_S0_  mpu6050.o
    0x08001ee4   0x0000002c   Code   RO          699    i._ZN7MPU605010initializeEv  mpu6050.o
    0x08001f10   0x0000001e   Code   RO          702    i._ZN7MPU605011getDeviceIDEv  mpu6050.o
    0x08001f2e   0x00000014   Code   RO          747    i._ZN7MPU605014setClockSourceEh  mpu6050.o
    0x08001f42   0x00000012   Code   RO          752    i._ZN7MPU605014testConnectionEv  mpu6050.o
    0x08001f54   0x00000010   Code   RO          767    i._ZN7MPU605015setSleepEnabledEb  mpu6050.o
    0x08001f64   0x00000014   Code   RO          883    i._ZN7MPU605021setFullScaleGyroRangeEh  mpu6050.o
    0x08001f78   0x00000014   Code   RO          900    i._ZN7MPU605022setFullScaleAccelRangeEh  mpu6050.o
    0x08001f8c   0x0000000c   Code   RO          956    i._ZN7MPU6050C1Ev   mpu6050.o
    0x08001f98   0x00000026   Code   RO         5007    i.__ARM_fpclassifyf  m_wm.l(fpclassifyf.o)
    0x08001fbe   0x00000002   PAD
    0x08001fc0   0x0000015c   Code   RO         4914    i.__hardfp_atanf    m_wm.l(atanf.o)
    0x0800211c   0x0000003a   Code   RO         4926    i.__hardfp_sqrtf    m_wm.l(sqrtf.o)
    0x08002156   0x00000002   PAD
    0x08002158   0x00000178   Code   RO         4938    i.__hardfp_tanf     m_wm.l(tanf.o)
    0x080022d0   0x00000010   Code   RO         5009    i.__mathlib_flt_underflow  m_wm.l(funder.o)
    0x080022e0   0x00000140   Code   RO         5011    i.__mathlib_rredf2  m_wm.l(rredf.o)
    0x08002420   0x000000a8   Code   RO            5    i.__sti___8_main_cpp_241f1e20  main.o
    0x080024c8   0x00000010   Code   RO          296    i._delay_ms         delay.o
    0x080024d8   0x00000038   Code   RO          298    i.delay_init        delay.o
    0x08002510   0x00000018   Code   RO          299    i.delay_routine     delay.o
    0x08002528   0x00000430   Code   RO            6    i.main              main.o
    0x08002958   0x0000000c   Code   RO          300    i.millis            delay.o
    0x08002964   0x00000004   Code   RO          185    i.motor_init        motordriver.o
    0x08002968   0x00000034   Code   RO          186    i.motor_left_pwm    motordriver.o
    0x0800299c   0x00000034   Code   RO          188    i.motor_right_pwm   motordriver.o
    0x080029d0   0x00000018   Code   RO         4882    x$fpl$basic         fz_wm.l(basic.o)
    0x080029e8   0x00000062   Code   RO         4884    x$fpl$d2f           fz_wm.l(d2f.o)
    0x08002a4a   0x00000002   PAD
    0x08002a4c   0x00000150   Code   RO         4886    x$fpl$dadd          fz_wm.l(daddsub_clz.o)
    0x08002b9c   0x00000018   Code   RO         4996    x$fpl$dcmpinf       fz_wm.l(dcmpi.o)
    0x08002bb4   0x000002b0   Code   RO         4893    x$fpl$ddiv          fz_wm.l(ddiv.o)
    0x08002e64   0x0000005e   Code   RO         4896    x$fpl$dfix          fz_wm.l(dfix.o)
    0x08002ec2   0x0000002e   Code   RO         4901    x$fpl$dflt          fz_wm.l(dflt_clz.o)
    0x08002ef0   0x00000026   Code   RO         4900    x$fpl$dfltu         fz_wm.l(dflt_clz.o)
    0x08002f16   0x00000002   PAD
    0x08002f18   0x00000078   Code   RO         4906    x$fpl$dleqf         fz_wm.l(dleqf.o)
    0x08002f90   0x00000154   Code   RO         4908    x$fpl$dmul          fz_wm.l(dmul.o)
    0x080030e4   0x0000009c   Code   RO         4998    x$fpl$dnaninf       fz_wm.l(dnaninf.o)
    0x08003180   0x0000000c   Code   RO         5000    x$fpl$dretinf       fz_wm.l(dretinf.o)
    0x0800318c   0x0000006c   Code   RO         4910    x$fpl$drleqf        fz_wm.l(drleqf.o)
    0x080031f8   0x00000016   Code   RO         4887    x$fpl$drsb          fz_wm.l(daddsub_clz.o)
    0x0800320e   0x00000002   PAD
    0x08003210   0x000001d4   Code   RO         4888    x$fpl$dsub          fz_wm.l(daddsub_clz.o)
    0x080033e4   0x00000056   Code   RO         4912    x$fpl$f2d           fz_wm.l(f2d.o)
    0x0800343a   0x0000008c   Code   RO         5002    x$fpl$fnaninf       fz_wm.l(fnaninf.o)
    0x080034c6   0x0000000a   Code   RO         5036    x$fpl$fpinit        fz_wm.l(fpinit.o)
    0x080034d0   0x0000000a   Code   RO         5004    x$fpl$fretinf       fz_wm.l(fretinf.o)
    0x080034da   0x00000000   Code   RO         5006    x$fpl$usenofp       fz_wm.l(usenofp.o)
    0x080034da   0x00000002   PAD
    0x080034dc   0x00000024   Data   RO         2283    .constdata          stm32f4_discovery.o
    0x08003500   0x00000020   Data   RO         5012    .constdata          m_wm.l(rredf.o)
    0x08003520   0x00000020   Data   RO         5125    Region$$Table       anon$$obj.o
    0x08003540   0x00000004   Data   RO           23    .init_array         main.o
    0x08003544   0x00000000   Data   RO         4877    .init_array         c_w.l(init_aeabi.o)


    Execution Region RW_IRAM1 (Base: 0x20000000, Size: 0x000009f0, Max: 0x00020000, ABSOLUTE)

    Base Addr    Size         Type   Attr      Idx    E Section Name        Object

    0x20000000   0x00000048   Data   RW           13    .data               main.o
    0x20000048   0x00000008   Data   RW          308    .data               delay.o
    0x20000050   0x00000014   Data   RW         2284    .data               stm32f4_discovery.o
    0x20000064   0x00000004   Data   RW         2413    .data               stm32f4_discovery_lis302dl.o
    0x20000068   0x00000010   Data   RW         3341    .data               stm32f4xx_rcc.o
    0x20000078   0x00000014   Data   RW         4582    .data               system_stm32f4xx.o
    0x2000008c   0x00000004   PAD
    0x20000090   0x00000300   Zero   RW           11    .bss                main.o
    0x20000390   0x00000060   Zero   RW         5039    .bss                c_w.l(libspace.o)
    0x200003f0   0x00000200   Zero   RW         4571    HEAP                startup_stm32f40_41xxx.o
    0x200005f0   0x00000400   Zero   RW         4570    STACK               startup_stm32f40_41xxx.o


==============================================================================

Image component sizes


      Code (inc. data)   RO Data    RW Data    ZI Data      Debug   Object Name

       108         18          0          8          0      28946   delay.o
        54          4          0          0          0       1036   encoder.o
      1224         40          0          0          0       7852   i2cdev.o
      1790        170          4         72        768     336114   main.o
       100          4          0          0          0       1116   misc.o
       322         24          0          0          0       2060   motor.o
       368         36          0          0          0       2365   motordriver.o
       264          0          0          0          0      27968   mpu6050.o
      1120         32          0          0          0       5172   pid_v1.o
        64         26        392          0       1536        876   startup_stm32f40_41xxx.o
       300         42         36         20          0     326235   stm32f4_discovery.o
       730         30          0          4          0      10922   stm32f4_discovery_lis302dl.o
       112          4          0          0          0       1140   stm32f4xx_exti.o
       258         12          0          0          0       3351   stm32f4xx_flash.o
       174          0          0          0          0       3655   stm32f4xx_gpio.o
       356         10          0          0          0       6932   stm32f4xx_i2c.o
        72         18          0          0          0       4138   stm32f4xx_it.o
       264         42          0         16          0       6137   stm32f4xx_rcc.o
       230         24          0          0          0       4459   stm32f4xx_spi.o
        48          6          0          0          0        668   stm32f4xx_syscfg.o
       454         44          0          0          0       9180   stm32f4xx_tim.o
       272         36          0         20          0       1989   system_stm32f4xx.o

    ----------------------------------------------------------------------
      8704        622        464        140       2308     792311   Object Totals
         0          0         32          0          0          0   (incl. Generated)
        20          0          0          0          4          0   (incl. Padding)

    ----------------------------------------------------------------------

      Code (inc. data)   RO Data    RW Data    ZI Data      Debug   Library Member Name

         8          0          0          0          0         68   __main.o
        52          8          0          0          0          0   __scatter.o
        26          0          0          0          0          0   __scatter_copy.o
        28          0          0          0          0          0   __scatter_zi.o
        22          0          0          0          0        100   _rserrno.o
        12          0          0          0          0         72   exit.o
         6          0          0          0          0        152   heapauxi.o
         0          0          0          0          0          0   indicate_semi.o
        36         10          0          0          0         80   init_aeabi.o
         2          0          0          0          0          0   libinit.o
        10          0          0          0          0          0   libinit2.o
         2          0          0          0          0          0   libshutdown.o
         2          0          0          0          0          0   libshutdown2.o
         8          4          0          0         96         68   libspace.o
         8          4          0          0          0         68   rt_errno_addr_intlibspace.o
       100          0          0          0          0         80   rt_memcpy_w.o
         0          0          0          0          0          0   rtentry.o
        12          0          0          0          0          0   rtentry2.o
         6          0          0          0          0          0   rtentry4.o
         2          0          0          0          0          0   rtexit.o
        10          0          0          0          0          0   rtexit2.o
        12          4          0          0          0         68   sys_exit.o
        74          0          0          0          0         80   sys_stackheap_outer.o
         2          0          0          0          0         68   use_no_semi.o
        24          0          0          0          0        164   basic.o
        98          4          0          0          0        140   d2f.o
       826         16          0          0          0        492   daddsub_clz.o
        24          0          0          0          0        116   dcmpi.o
       688        140          0          0          0        256   ddiv.o
        94          4          0          0          0        140   dfix.o
        84          0          0          0          0        232   dflt_clz.o
       120          4          0          0          0        140   dleqf.o
       340         12          0          0          0        152   dmul.o
       156          4          0          0          0        140   dnaninf.o
        12          0          0          0          0        116   dretinf.o
       108          0          0          0          0        128   drleqf.o
        86          4          0          0          0        132   f2d.o
       140          4          0          0          0        132   fnaninf.o
        10          0          0          0          0        116   fpinit.o
        10          0          0          0          0        116   fretinf.o
         0          0          0          0          0          0   usenofp.o
       348         58          0          0          0        164   atanf.o
        38          0          0          0          0        116   fpclassifyf.o
        16          6          0          0          0        116   funder.o
       320         24         32          0          0        160   rredf.o
        58          0          0          0          0        136   sqrtf.o
       376         62          0          0          0        180   tanf.o

    ----------------------------------------------------------------------
      4436        372         32          0         96       4488   Library Totals
        20          0          0          0          0          0   (incl. Padding)

    ----------------------------------------------------------------------

      Code (inc. data)   RO Data    RW Data    ZI Data      Debug   Library Name

       440         30          0          0         96        904   c_w.l
      2820        192          0          0          0       2712   fz_wm.l
      1156        150         32          0          0        872   m_wm.l

    ----------------------------------------------------------------------
      4436        372         32          0         96       4488   Library Totals

    ----------------------------------------------------------------------

==============================================================================


      Code (inc. data)   RO Data    RW Data    ZI Data      Debug   

     13140        994        496        140       2404     783235   Grand Totals
     13140        994        496        140       2404     783235   ELF Image Totals
     13140        994        496        140          0          0   ROM Totals

==============================================================================

    Total RO  Size (Code + RO Data)                13636 (  13.32kB)
    Total RW  Size (RW Data + ZI Data)              2544 (   2.48kB)
    Total ROM Size (Code + RO Data + RW Data)      13776 (  13.45kB)

==============================================================================

