<html>
<body>
<pre>
<h1>µVision Build Log</h1>
<h2>Project:</h2>
C:\Users\Tra Quang Kieu\Desktop\Current work\TwoWheels\TwoWheelsAutoBalance.uvprojx
Project File Date:  07/03/2014

<h2>Output:</h2>
Build target 'TwoWheelsAutoBalance'
compiling main.cpp...
main.cpp(89): warning:  #550-D: variable "tmpTime" was set but never used
        uint32_t tmpTime = 0;
main.cpp: 1 warning, 0 errors
linking...
Program Size: Code=9880 RO-data=496 RW-data=136 ZI-data=1736  
".\Output\TwoWheelsAutoBalance.axf" - 0 Error(s), 1 Warning(s).

<h2>Software Packages used:</h2>

Package Vendor: ARM
                http://www.keil.com/pack/ARM.CMSIS.3.20.4.pack
                ARM::CMSIS:CORE:3.20.0
                Cortex Microcontroller Software Interface Standard (CMSIS) CORE, DSP, RTOS, Driver
   * Component: CORE Version: 3.20.0

Package Vendor: Keil
                http://www.keil.com/pack/Keil.STM32F4xx_DFP.1.0.7.pack
                Keil::Device:Startup:1.3.1
                STMicroelectronics STM32F4 Series Device Support, Drivers and Examples
   * Component: Startup Version: 1.3.1
   * Component: Framework Version: 1.3.1
   * Component: ADC Version: 1.3.0
   * Component: DMA Version: 1.3.0
   * Component: EXTI Version: 1.3.0
   * Component: Flash Version: 1.3.0
   * Component: GPIO Version: 1.3.0
   * Component: I2C Version: 1.3.0
   * Component: RCC Version: 1.3.0
   * Component: SPI Version: 1.3.0
   * Component: SYSCFG Version: 1.3.0
   * Component: TIM Version: 1.3.0
   * Component: USART Version: 1.3.0

<h2>Collection of Component include folders:</h2>
  C:\Users\Tra Quang Kieu\Desktop\Current work\TwoWheels\RTE
  C:\Users\Tra Quang Kieu\Desktop\Current work\TwoWheels\RTE\Device\STM32F407VG
  C:\Keil_v5\ARM\PACK\ARM\CMSIS\3.20.4\CMSIS\Include
  C:\Keil_v5\ARM\PACK\Keil\STM32F4xx_DFP\1.0.7\Device\Include
  C:\Keil_v5\ARM\PACK\Keil\STM32F4xx_DFP\1.0.7\Device\StdPeriph_Driver\inc

<h2>Collection of Component Files used:</h2>

   * Component: ARM::CMSIS:CORE:3.20.0

   * Component: Keil::Device:Startup:1.3.1
      Source file:   Device\Source\ARM\STM32F40xxx_41xxx_OPT.s
      Source file:   Device\Source\ARM\STM32F4xx_OTP.s
      Include file:  Device\Include\stm32f4xx.h
      Source file:   Device\Source\ARM\startup_stm32f40_41xxx.s
      Source file:   Device\Source\system_stm32f4xx.c
      Include file:  RTE_Driver\Config\RTE_Device.h

   * Component: Keil::Device:StdPeriph Drivers:Framework:1.3.1
      Source file:   Device\StdPeriph_Driver\src\misc.c
      Source file:   Device\StdPeriph_Driver\templates\stm32f4xx_conf.h
      Source file:   Device\StdPeriph_Driver\templates\stm32f4xx_it.c

   * Component: Keil::Device:StdPeriph Drivers:ADC:1.3.0
      Include file:  Device\StdPeriph_Driver\inc\stm32f4xx_adc.h
      Source file:   Device\StdPeriph_Driver\src\stm32f4xx_adc.c

   * Component: Keil::Device:StdPeriph Drivers:DMA:1.3.0
      Include file:  Device\StdPeriph_Driver\inc\stm32f4xx_dma.h
      Source file:   Device\StdPeriph_Driver\src\stm32f4xx_dma.c

   * Component: Keil::Device:StdPeriph Drivers:EXTI:1.3.0
      Include file:  Device\StdPeriph_Driver\inc\stm32f4xx_exti.h
      Source file:   Device\StdPeriph_Driver\src\stm32f4xx_exti.c

   * Component: Keil::Device:StdPeriph Drivers:Flash:1.3.0
      Include file:  Device\StdPeriph_Driver\inc\stm32f4xx_flash.h
      Source file:   Device\StdPeriph_Driver\src\stm32f4xx_flash.c

   * Component: Keil::Device:StdPeriph Drivers:GPIO:1.3.0
      Include file:  Device\StdPeriph_Driver\inc\stm32f4xx_gpio.h
      Source file:   Device\StdPeriph_Driver\src\stm32f4xx_gpio.c

   * Component: Keil::Device:StdPeriph Drivers:I2C:1.3.0
      Include file:  Device\StdPeriph_Driver\inc\stm32f4xx_i2c.h
      Source file:   Device\StdPeriph_Driver\src\stm32f4xx_i2c.c

   * Component: Keil::Device:StdPeriph Drivers:RCC:1.3.0
      Include file:  Device\StdPeriph_Driver\inc\stm32f4xx_rcc.h
      Source file:   Device\StdPeriph_Driver\src\stm32f4xx_rcc.c

   * Component: Keil::Device:StdPeriph Drivers:SPI:1.3.0
      Include file:  Device\StdPeriph_Driver\inc\stm32f4xx_spi.h
      Source file:   Device\StdPeriph_Driver\src\stm32f4xx_spi.c

   * Component: Keil::Device:StdPeriph Drivers:SYSCFG:1.3.0
      Include file:  Device\StdPeriph_Driver\inc\stm32f4xx_syscfg.h
      Source file:   Device\StdPeriph_Driver\src\stm32f4xx_syscfg.c

   * Component: Keil::Device:StdPeriph Drivers:TIM:1.3.0
      Include file:  Device\StdPeriph_Driver\inc\stm32f4xx_tim.h
      Source file:   Device\StdPeriph_Driver\src\stm32f4xx_tim.c

   * Component: Keil::Device:StdPeriph Drivers:USART:1.3.0
      Include file:  Device\StdPeriph_Driver\inc\stm32f4xx_usart.h
      Source file:   Device\StdPeriph_Driver\src\stm32f4xx_usart.c
Load "C:\\Users\\Tra Quang Kieu\\Desktop\\Current work\\TwoWheels\\Output\\TwoWheelsAutoBalance.axf" 
Erase Done.
Programming Done.
Verify OK.
Application running ...
compiling main.cpp...
main.cpp(89): warning:  #550-D: variable "tmpTime" was set but never used
        uint32_t tmpTime = 0;
main.cpp: 1 warning, 0 errors
"main.cpp" - 0 Error(s), 1 Warning(s).
Load "C:\\Users\\Tra Quang Kieu\\Desktop\\Current work\\TwoWheels\\Output\\TwoWheelsAutoBalance.axf" 
Erase Done.
Programming Done.
Verify OK.
Application running ...
compiling main.cpp...
main.cpp(89): warning:  #550-D: variable "tmpTime" was set but never used
        uint32_t tmpTime = 0;
main.cpp: 1 warning, 0 errors
"main.cpp" - 0 Error(s), 1 Warning(s).
Load "C:\\Users\\Tra Quang Kieu\\Desktop\\Current work\\TwoWheels\\Output\\TwoWheelsAutoBalance.axf" 
Erase Done.
Programming Done.
Verify OK.
Application running ...
compiling main.cpp...
main.cpp(89): warning:  #550-D: variable "tmpTime" was set but never used
        uint32_t tmpTime = 0;
main.cpp: 1 warning, 0 errors
"main.cpp" - 0 Error(s), 1 Warning(s).
Load "C:\\Users\\Tra Quang Kieu\\Desktop\\Current work\\TwoWheels\\Output\\TwoWheelsAutoBalance.axf" 
Erase Done.
Programming Done.
Verify OK.
Application running ...
compiling main.cpp...
main.cpp(89): warning:  #550-D: variable "tmpTime" was set but never used
        uint32_t tmpTime = 0;
main.cpp: 1 warning, 0 errors
"main.cpp" - 0 Error(s), 1 Warning(s).
Load "C:\\Users\\Tra Quang Kieu\\Desktop\\Current work\\TwoWheels\\Output\\TwoWheelsAutoBalance.axf" 
Erase Done.
Programming Done.
Verify OK.
Application running ...
compiling main.cpp...
main.cpp(89): warning:  #550-D: variable "tmpTime" was set but never used
        uint32_t tmpTime = 0;
main.cpp: 1 warning, 0 errors
"main.cpp" - 0 Error(s), 1 Warning(s).
Load "C:\\Users\\Tra Quang Kieu\\Desktop\\Current work\\TwoWheels\\Output\\TwoWheelsAutoBalance.axf" 
Erase Done.
Programming Done.
Verify OK.
Application running ...
compiling main.cpp...
main.cpp(89): warning:  #550-D: variable "tmpTime" was set but never used
        uint32_t tmpTime = 0;
main.cpp: 1 warning, 0 errors
"main.cpp" - 0 Error(s), 1 Warning(s).
Load "C:\\Users\\Tra Quang Kieu\\Desktop\\Current work\\TwoWheels\\Output\\TwoWheelsAutoBalance.axf" 
Erase Done.
Programming Done.
Verify OK.
Application running ...
compiling main.cpp...
main.cpp(89): warning:  #550-D: variable "tmpTime" was set but never used
        uint32_t tmpTime = 0;
main.cpp: 1 warning, 0 errors
"main.cpp" - 0 Error(s), 1 Warning(s).
Load "C:\\Users\\Tra Quang Kieu\\Desktop\\Current work\\TwoWheels\\Output\\TwoWheelsAutoBalance.axf" 
Erase Done.
Programming Done.
Verify OK.
Application running ...
compiling main.cpp...
main.cpp(89): warning:  #550-D: variable "tmpTime" was set but never used
        uint32_t tmpTime = 0;
main.cpp: 1 warning, 0 errors
"main.cpp" - 0 Error(s), 1 Warning(s).
Load "C:\\Users\\Tra Quang Kieu\\Desktop\\Current work\\TwoWheels\\Output\\TwoWheelsAutoBalance.axf" 
Erase Done.
Programming Done.
Verify OK.
Application running ...
Clean started: Project: 'TwoWheelsAutoBalance'
   deleting intermediate output files for target 'TwoWheelsAutoBalance'
</pre>
</body>
</html>
